2026-05-31 12:19:10,961 [INFO] Activator:176 - 


2026-05-31 12:19:10,967 [INFO] Activator:177 - !SESSION log4j initialized
2026-05-31 12:19:17,188 [INFO] LogOutputStream:77 - [STDOUT_REDIRECT] 
2026-05-31 12:19:18,892 [INFO] ApplicationProperties:184 - Using Application install path: C:\ST\STM32CubeIDE_1.18.1\STM32CubeIDE\plugins\com.st.stm32cube.common.mx_6.15.0.202507011659
2026-05-31 12:19:18,925 [INFO] DbMcusXml:78 - Set database path to: C:\ST\STM32CubeIDE_1.18.1\STM32CubeIDE\plugins\com.st.stm32cube.common.mx_6.15.0.202507011659\\db\/mcu/
2026-05-31 12:19:18,926 [INFO] ApiDb:274 - Set plugin database path to: C:\ST\STM32CubeIDE_1.18.1\STM32CubeIDE\plugins\com.st.stm32cube.common.mx_6.15.0.202507011659\\db\/plugins/boardmanager/
2026-05-31 12:19:18,926 [WARN] ApiDb:259 - Overriding images path with different value:  => C:\ST\STM32CubeIDE_1.18.1\STM32CubeIDE\plugins\com.st.stm32cube.common.mx_6.15.0.202507011659\\db\/plugins/mcufinder/images/
2026-05-31 12:19:18,936 [INFO] ApiDb:250 - Set database path to: C:\Users\Samuel\.stmcufinder\plugins\mcufinder//mcu/
2026-05-31 12:19:18,938 [INFO] DbMcusAds:125 - Set database path to: C:\Users\Samuel\.stmcufinder\plugins\mcufinder//mcu/
2026-05-31 12:19:18,942 [INFO] CrossReferenceDbSqlite:203 - Set database path to: C:\Users\Samuel\.stmcufinder\plugins\mcufinder//mcu/cs/
2026-05-31 12:19:19,059 [ERROR] LogOutputStream:75 - [STDERR_REDIRECT] [Fatal Error] :1:1: Premature end of file.
2026-05-31 12:19:19,060 [ERROR] LogOutputStream:75 - [STDERR_REDIRECT] 
2026-05-31 12:19:19,120 [INFO] RulesReader:64 - Compatibility file has been processed (317 Rules)
2026-05-31 12:19:19,258 [INFO] DbMcusXml:78 - Set database path to: C:\ST\STM32CubeIDE_1.18.1\STM32CubeIDE\plugins\com.st.stm32cube.common.mx_6.15.0.202507011659\\db\/mcu/
2026-05-31 12:19:19,258 [INFO] ApiDb:274 - Set plugin database path to: C:\ST\STM32CubeIDE_1.18.1\STM32CubeIDE\plugins\com.st.stm32cube.common.mx_6.15.0.202507011659\\db\/plugins/boardmanager/
2026-05-31 12:19:19,259 [INFO] ApiDb:261 - Set plugin images path to: C:\ST\STM32CubeIDE_1.18.1\STM32CubeIDE\plugins\com.st.stm32cube.common.mx_6.15.0.202507011659\\db\/plugins/mcufinder/images/
2026-05-31 12:19:19,259 [WARN] DbFile:41 - Overriding database path with different value: C:\Users\Samuel\.stmcufinder\plugins\mcufinder/ => C:\Users\Samuel\.stmcufinder\plugins\mcufinder
2026-05-31 12:19:19,259 [INFO] ApiDb:250 - Set database path to: C:\Users\Samuel\.stmcufinder\plugins\mcufinder//mcu/
2026-05-31 12:19:19,259 [WARN] DbFile:41 - Overriding database path with different value: C:\Users\Samuel\.stmcufinder\plugins\mcufinder/ => C:\Users\Samuel\.stmcufinder\plugins\mcufinder
2026-05-31 12:19:19,259 [INFO] DbMcusAds:125 - Set database path to: C:\Users\Samuel\.stmcufinder\plugins\mcufinder//mcu/
2026-05-31 12:19:19,259 [WARN] DbFile:41 - Overriding database path with different value: C:\Users\Samuel\.stmcufinder\plugins\mcufinder/ => C:\Users\Samuel\.stmcufinder\plugins\mcufinder
2026-05-31 12:19:19,259 [WARN] DbFile:41 - Overriding database path with different value: C:\Users\Samuel\.stmcufinder\plugins\mcufinder/ => C:\Users\Samuel\.stmcufinder\plugins\mcufinder
2026-05-31 12:19:19,260 [INFO] CrossReferenceDbSqlite:203 - Set database path to: C:\Users\Samuel\.stmcufinder\plugins\mcufinder//mcu/cs/
2026-05-31 12:19:19,347 [INFO] MainPanel:274 - HeapMemory: 268435456
2026-05-31 12:19:19,483 [INFO] DbMcusXml:78 - Set database path to: C:\ST\STM32CubeIDE_1.18.1\STM32CubeIDE\plugins\com.st.stm32cube.common.mx_6.15.0.202507011659\\db\/mcu/
2026-05-31 12:19:19,483 [INFO] ApiDb:274 - Set plugin database path to: C:\ST\STM32CubeIDE_1.18.1\STM32CubeIDE\plugins\com.st.stm32cube.common.mx_6.15.0.202507011659\\db\/plugins/boardmanager/
2026-05-31 12:19:19,483 [INFO] ApiDb:261 - Set plugin images path to: C:\ST\STM32CubeIDE_1.18.1\STM32CubeIDE\plugins\com.st.stm32cube.common.mx_6.15.0.202507011659\\db\/plugins/mcufinder/images/
2026-05-31 12:19:19,484 [WARN] DbFile:41 - Overriding database path with different value: C:\Users\Samuel\.stmcufinder\plugins\mcufinder/ => C:\Users\Samuel\.stmcufinder\plugins\mcufinder
2026-05-31 12:19:19,484 [INFO] ApiDb:250 - Set database path to: C:\Users\Samuel\.stmcufinder\plugins\mcufinder//mcu/
2026-05-31 12:19:19,484 [WARN] DbFile:41 - Overriding database path with different value: C:\Users\Samuel\.stmcufinder\plugins\mcufinder/ => C:\Users\Samuel\.stmcufinder\plugins\mcufinder
2026-05-31 12:19:19,484 [INFO] DbMcusAds:125 - Set database path to: C:\Users\Samuel\.stmcufinder\plugins\mcufinder//mcu/
2026-05-31 12:19:19,484 [WARN] DbFile:41 - Overriding database path with different value: C:\Users\Samuel\.stmcufinder\plugins\mcufinder/ => C:\Users\Samuel\.stmcufinder\plugins\mcufinder
2026-05-31 12:19:19,485 [WARN] DbFile:41 - Overriding database path with different value: C:\Users\Samuel\.stmcufinder\plugins\mcufinder/ => C:\Users\Samuel\.stmcufinder\plugins\mcufinder
2026-05-31 12:19:19,485 [INFO] CrossReferenceDbSqlite:203 - Set database path to: C:\Users\Samuel\.stmcufinder\plugins\mcufinder//mcu/cs/
2026-05-31 12:19:19,507 [INFO] ApplicationProperties:184 - Using Application install path: C:\ST\STM32CubeIDE_1.18.1\STM32CubeIDE\plugins\com.st.stm32cube.common.mx_6.15.0.202507011659
2026-05-31 12:19:19,508 [INFO] PluginManage:196 - Search for loadable plugins [exclusion list=, ]
2026-05-31 12:19:19,509 [INFO] PluginManage:310 - Check plugin analytics
2026-05-31 12:19:19,715 [INFO] AnalyticsPlugin:253 - Accepted Software Licenses: 
2026-05-31 12:19:19,715 [INFO] AnalyticsPlugin:255 - Accepted CMSIS Pack Licenses: 
2026-05-31 12:19:19,716 [INFO] AnalyticsPlugin:257 - Accepted Firmware Licenses: FW.F4.1.28.0
2026-05-31 12:19:19,720 [INFO] PluginManage:359 - Loaded plugin analytics (category:tool,tabindex:-1)
2026-05-31 12:19:19,720 [INFO] PluginManage:310 - Check plugin cadmodel
2026-05-31 12:19:19,726 [INFO] CADModel:105 - Init CAD model plugin
2026-05-31 12:19:19,726 [INFO] PluginManage:359 - Loaded plugin cadmodel (category:power,tabindex:5)
2026-05-31 12:19:19,726 [INFO] PluginManage:310 - Check plugin clock
2026-05-31 12:19:19,738 [INFO] PluginManage:359 - Loaded plugin clock (category:base,tabindex:2)
2026-05-31 12:19:19,738 [INFO] PluginManage:310 - Check plugin ddr
2026-05-31 12:19:19,741 [INFO] PluginManage:359 - Loaded plugin ddr (category:tool,tabindex:6)
2026-05-31 12:19:19,741 [INFO] PluginManage:310 - Check plugin filemanager
2026-05-31 12:19:19,903 [INFO] PluginManage:359 - Loaded plugin filemanager (category:base,tabindex:10)
2026-05-31 12:19:19,903 [INFO] PluginManage:310 - Check plugin ipmanager
2026-05-31 12:19:19,912 [INFO] PluginManage:359 - Loaded plugin ipmanager (category:base,tabindex:5)
2026-05-31 12:19:19,913 [INFO] PluginManage:310 - Check plugin lpbam
2026-05-31 12:19:19,921 [INFO] PluginManage:359 - Loaded plugin lpbam (category:base,tabindex:0)
2026-05-31 12:19:19,921 [INFO] PluginManage:310 - Check plugin memorymap
2026-05-31 12:19:19,938 [INFO] PluginManage:359 - Loaded plugin memorymap (category:base,tabindex:4)
2026-05-31 12:19:19,938 [INFO] PluginManage:310 - Check plugin pinoutandconfiguration
2026-05-31 12:19:19,950 [INFO] PluginManage:359 - Loaded plugin pinoutandconfiguration (category:base,tabindex:1)
2026-05-31 12:19:19,950 [INFO] PluginManage:310 - Check plugin pinoutconfig
2026-05-31 12:19:20,026 [ERROR] LogOutputStream:75 - [STDERR_REDIRECT] [Fatal Error] :1:1: Premature end of file.
2026-05-31 12:19:20,027 [ERROR] LogOutputStream:75 - [STDERR_REDIRECT] 
2026-05-31 12:19:20,053 [WARN] SupportedApi:132 - Cannot load RTOS API schema: s4s-elt-must-match.1: The content of 'definitions' must match (annotation?, (simpleType | complexType)?, (unique | key | keyref)*)). A problem was found starting at: attribute.
2026-05-31 12:19:20,204 [INFO] PluginManage:359 - Loaded plugin pinoutconfig (category:base,tabindex:0)
2026-05-31 12:19:20,204 [INFO] PluginManage:310 - Check plugin power
2026-05-31 12:19:20,217 [INFO] PluginManage:359 - Loaded plugin power (category:power,tabindex:4)
2026-05-31 12:19:20,217 [INFO] PluginManage:310 - Check plugin projectmanager
2026-05-31 12:19:20,233 [INFO] PluginManage:359 - Loaded plugin projectmanager (category:projectmanager,tabindex:4)
2026-05-31 12:19:20,234 [INFO] PluginManage:310 - Check plugin rif
2026-05-31 12:19:20,245 [INFO] PluginManage:359 - Loaded plugin rif (category:base,tabindex:3)
2026-05-31 12:19:20,245 [INFO] PluginManage:310 - Check plugin thirdparty
2026-05-31 12:19:20,393 [WARN] IntegrityCheckThread:84 - waiting for thirdparty lock release [integrity check]
2026-05-31 12:19:20,393 [INFO] IntegrityCheckThread:86 - entering critical section [integrity check]
2026-05-31 12:19:20,393 [INFO] PluginManage:359 - Loaded plugin thirdparty (category:base,tabindex:-1)
2026-05-31 12:19:20,395 [INFO] PluginManage:310 - Check plugin tools
2026-05-31 12:19:20,395 [INFO] ThirdPartyUpdaterWithRetryManager:70 - Updater plugin not ready yet. [1/15]
2026-05-31 12:19:20,397 [INFO] PluginManage:359 - Loaded plugin tools (category:base,tabindex:7)
2026-05-31 12:19:20,397 [INFO] PluginManage:310 - Check plugin tutovideos
2026-05-31 12:19:20,629 [INFO] PluginManage:359 - Loaded plugin tutovideos (category:base,tabindex:-1)
2026-05-31 12:19:20,629 [INFO] PluginManage:310 - Check plugin updater
2026-05-31 12:19:20,651 [INFO] PluginManage:359 - Loaded plugin updater (category:base,tabindex:12)
2026-05-31 12:19:20,652 [INFO] PluginManage:310 - Check plugin userauth
2026-05-31 12:19:20,655 [INFO] UserAuth:118 - Init User Auth plugin
2026-05-31 12:19:20,656 [INFO] PluginManage:359 - Loaded plugin userauth (category:base,tabindex:14)
2026-05-31 12:19:20,657 [INFO] PluginManage:283 - PluginManage : Loaded plugins [18]
2026-05-31 12:19:20,908 [INFO] PinOutPanel:1589 - setPackage(No Configuration,No Configuration)
2026-05-31 12:19:21,003 [INFO] CADModel:165 - CPN selected for project level
2026-05-31 12:19:21,003 [INFO] CADModel:114 - Register for checkConnection events
2026-05-31 12:19:21,025 [INFO] IPUIPlugin:80 - create IPUIPlugin
2026-05-31 12:19:21,025 [INFO] PluginManager:220 - loadIPPluginJar : add adc
2026-05-31 12:19:21,028 [ERROR] LogOutputStream:75 - [STDERR_REDIRECT] [Fatal Error] :1:1: Premature end of file.
2026-05-31 12:19:21,028 [ERROR] LogOutputStream:75 - [STDERR_REDIRECT] 
2026-05-31 12:19:21,028 [INFO] IPUIPlugin:80 - create IPUIPlugin
2026-05-31 12:19:21,028 [INFO] PluginManager:220 - loadIPPluginJar : add aes
2026-05-31 12:19:21,031 [INFO] IPUIPlugin:80 - create IPUIPlugin
2026-05-31 12:19:21,031 [INFO] PluginManager:220 - loadIPPluginJar : add can
2026-05-31 12:19:21,033 [INFO] IPUIPlugin:80 - create IPUIPlugin
2026-05-31 12:19:21,033 [INFO] PluginManager:220 - loadIPPluginJar : add comp
2026-05-31 12:19:21,036 [INFO] IPUIPlugin:80 - create IPUIPlugin
2026-05-31 12:19:21,036 [INFO] PluginManager:220 - loadIPPluginJar : add cryp
2026-05-31 12:19:21,040 [INFO] IPUIPlugin:80 - create IPUIPlugin
2026-05-31 12:19:21,041 [INFO] PluginManager:220 - loadIPPluginJar : add ddr_ctrl_phy
2026-05-31 12:19:21,044 [INFO] IPUIPlugin:80 - create IPUIPlugin
2026-05-31 12:19:21,044 [INFO] PluginManager:220 - loadIPPluginJar : add dfsdm
2026-05-31 12:19:21,049 [INFO] IPUIPlugin:80 - create IPUIPlugin
2026-05-31 12:19:21,050 [INFO] PluginManager:220 - loadIPPluginJar : add dma
2026-05-31 12:19:21,052 [INFO] IPUIPlugin:80 - create IPUIPlugin
2026-05-31 12:19:21,053 [INFO] PluginManager:220 - loadIPPluginJar : add dma3
2026-05-31 12:19:21,056 [INFO] IPUIPlugin:80 - create IPUIPlugin
2026-05-31 12:19:21,057 [INFO] PluginManager:220 - loadIPPluginJar : add extmemmanager
2026-05-31 12:19:21,058 [INFO] IPUIPlugin:80 - create IPUIPlugin
2026-05-31 12:19:21,059 [INFO] PluginManager:220 - loadIPPluginJar : add fatfs
2026-05-31 12:19:21,063 [INFO] IPUIPlugin:80 - create IPUIPlugin
2026-05-31 12:19:21,063 [INFO] PluginManager:220 - loadIPPluginJar : add fmc
2026-05-31 12:19:21,070 [INFO] IPUIPlugin:80 - create IPUIPlugin
2026-05-31 12:19:21,071 [INFO] PluginManager:220 - loadIPPluginJar : add freertos
2026-05-31 12:19:21,073 [INFO] IPUIPlugin:80 - create IPUIPlugin
2026-05-31 12:19:21,073 [INFO] PluginManager:220 - loadIPPluginJar : add genericplugin
2026-05-31 12:19:21,076 [INFO] IPUIPlugin:80 - create IPUIPlugin
2026-05-31 12:19:21,076 [INFO] PluginManager:220 - loadIPPluginJar : add gfxmmu
2026-05-31 12:19:21,082 [INFO] IPUIPlugin:80 - create IPUIPlugin
2026-05-31 12:19:21,082 [INFO] PluginManager:220 - loadIPPluginJar : add gic
2026-05-31 12:19:21,088 [INFO] IPUIPlugin:80 - create IPUIPlugin
2026-05-31 12:19:21,088 [INFO] PluginManager:220 - loadIPPluginJar : add gpio
2026-05-31 12:19:21,092 [INFO] IPUIPlugin:80 - create IPUIPlugin
2026-05-31 12:19:21,092 [INFO] PluginManager:220 - loadIPPluginJar : add gtzc
2026-05-31 12:19:21,095 [INFO] IPUIPlugin:80 - create IPUIPlugin
2026-05-31 12:19:21,095 [INFO] PluginManager:220 - loadIPPluginJar : add hash
2026-05-31 12:19:21,098 [INFO] IPUIPlugin:80 - create IPUIPlugin
2026-05-31 12:19:21,098 [INFO] PluginManager:220 - loadIPPluginJar : add i2c
2026-05-31 12:19:21,101 [INFO] IPUIPlugin:80 - create IPUIPlugin
2026-05-31 12:19:21,101 [INFO] PluginManager:220 - loadIPPluginJar : add i2s
2026-05-31 12:19:21,105 [INFO] IPUIPlugin:80 - create IPUIPlugin
2026-05-31 12:19:21,105 [INFO] PluginManager:220 - loadIPPluginJar : add i3c
2026-05-31 12:19:21,109 [INFO] IPUIPlugin:80 - create IPUIPlugin
2026-05-31 12:19:21,109 [INFO] PluginManager:220 - loadIPPluginJar : add ipddr
2026-05-31 12:19:21,118 [INFO] IPUIPlugin:80 - create IPUIPlugin
2026-05-31 12:19:21,118 [INFO] PluginManager:220 - loadIPPluginJar : add linkedlist
2026-05-31 12:19:21,121 [INFO] IPUIPlugin:80 - create IPUIPlugin
2026-05-31 12:19:21,121 [INFO] PluginManager:220 - loadIPPluginJar : add lorawan
2026-05-31 12:19:21,123 [INFO] IPUIPlugin:80 - create IPUIPlugin
2026-05-31 12:19:21,123 [INFO] PluginManager:220 - loadIPPluginJar : add ltdc
2026-05-31 12:19:21,128 [INFO] IPUIPlugin:80 - create IPUIPlugin
2026-05-31 12:19:21,129 [INFO] PluginManager:220 - loadIPPluginJar : add mdma
2026-05-31 12:19:21,133 [INFO] IPUIPlugin:80 - create IPUIPlugin
2026-05-31 12:19:21,133 [INFO] PluginManager:220 - loadIPPluginJar : add nvic
2026-05-31 12:19:21,136 [INFO] IPUIPlugin:80 - create IPUIPlugin
2026-05-31 12:19:21,136 [INFO] PluginManager:220 - loadIPPluginJar : add opamp
2026-05-31 12:19:21,139 [INFO] IPUIPlugin:80 - create IPUIPlugin
2026-05-31 12:19:21,139 [INFO] PluginManager:220 - loadIPPluginJar : add openamp
2026-05-31 12:19:21,142 [INFO] IPUIPlugin:80 - create IPUIPlugin
2026-05-31 12:19:21,143 [INFO] PluginManager:220 - loadIPPluginJar : add pdm2pcm
2026-05-31 12:19:21,149 [INFO] IPUIPlugin:80 - create IPUIPlugin
2026-05-31 12:19:21,152 [INFO] PluginManager:220 - loadIPPluginJar : add plateformsettings
2026-05-31 12:19:21,163 [INFO] IPUIPlugin:80 - create IPUIPlugin
2026-05-31 12:19:21,163 [INFO] PluginManager:220 - loadIPPluginJar : add quadspi
2026-05-31 12:19:21,165 [INFO] IPUIPlugin:80 - create IPUIPlugin
2026-05-31 12:19:21,166 [INFO] PluginManager:220 - loadIPPluginJar : add radio
2026-05-31 12:19:21,170 [INFO] IPUIPlugin:80 - create IPUIPlugin
2026-05-31 12:19:21,170 [INFO] PluginManager:220 - loadIPPluginJar : add resmgrutility
2026-05-31 12:19:21,174 [INFO] IPUIPlugin:80 - create IPUIPlugin
2026-05-31 12:19:21,174 [INFO] PluginManager:220 - loadIPPluginJar : add sai
2026-05-31 12:19:21,177 [INFO] IPUIPlugin:80 - create IPUIPlugin
2026-05-31 12:19:21,177 [INFO] PluginManager:220 - loadIPPluginJar : add spi
2026-05-31 12:19:21,184 [INFO] IPUIPlugin:80 - create IPUIPlugin
2026-05-31 12:19:21,184 [INFO] PluginManager:220 - loadIPPluginJar : add stm32_wpan
2026-05-31 12:19:21,187 [INFO] IPUIPlugin:80 - create IPUIPlugin
2026-05-31 12:19:21,187 [INFO] PluginManager:220 - loadIPPluginJar : add tim
2026-05-31 12:19:21,191 [INFO] IPUIPlugin:80 - create IPUIPlugin
2026-05-31 12:19:21,191 [INFO] PluginManager:220 - loadIPPluginJar : add touchsensing
2026-05-31 12:19:21,194 [INFO] IPUIPlugin:80 - create IPUIPlugin
2026-05-31 12:19:21,194 [INFO] PluginManager:220 - loadIPPluginJar : add tracer_emb
2026-05-31 12:19:21,196 [INFO] IPUIPlugin:80 - create IPUIPlugin
2026-05-31 12:19:21,196 [INFO] PluginManager:220 - loadIPPluginJar : add ts
2026-05-31 12:19:21,199 [INFO] IPUIPlugin:80 - create IPUIPlugin
2026-05-31 12:19:21,199 [INFO] PluginManager:220 - loadIPPluginJar : add tsc
2026-05-31 12:19:21,201 [INFO] IPUIPlugin:80 - create IPUIPlugin
2026-05-31 12:19:21,201 [INFO] PluginManager:220 - loadIPPluginJar : add ucpd
2026-05-31 12:19:21,204 [INFO] IPUIPlugin:80 - create IPUIPlugin
2026-05-31 12:19:21,205 [INFO] PluginManager:220 - loadIPPluginJar : add usart
2026-05-31 12:19:21,208 [INFO] IPUIPlugin:80 - create IPUIPlugin
2026-05-31 12:19:21,208 [INFO] PluginManager:220 - loadIPPluginJar : add usbx
2026-05-31 12:19:21,345 [FATAL] Updater:351 - Updater called before beeing initialized
2026-05-31 12:19:21,374 [INFO] RulesReader:64 - Compatibility file has been processed (317 Rules)
2026-05-31 12:19:21,389 [INFO] RulesReader:64 - Compatibility file has been processed (317 Rules)
2026-05-31 12:19:21,402 [INFO] CADModel:165 - CPN selected for project level
2026-05-31 12:19:21,402 [INFO] CADModel:114 - Register for checkConnection events
2026-05-31 12:19:21,402 [FATAL] Updater:351 - Updater called before beeing initialized
2026-05-31 12:19:21,402 [ERROR] CADModel:125 - Updater not yet initialized, retry later 
2026-05-31 12:19:21,592 [FATAL] Updater:351 - Updater called before beeing initialized
2026-05-31 12:19:21,594 [INFO] CADModel:165 - CPN selected for project level
2026-05-31 12:19:21,594 [INFO] CADModel:114 - Register for checkConnection events
2026-05-31 12:19:21,594 [FATAL] Updater:351 - Updater called before beeing initialized
2026-05-31 12:19:21,594 [ERROR] CADModel:125 - Updater not yet initialized, retry later 
2026-05-31 12:19:21,597 [FATAL] Updater:351 - Updater called before beeing initialized
2026-05-31 12:19:21,730 [FATAL] Updater:351 - Updater called before beeing initialized
2026-05-31 12:19:21,735 [INFO] DbMcusAds:53 - JSON generation date=Mon Apr 27 10:14:29 CEST 2026 (1777277669924)
2026-05-31 12:19:21,735 [FATAL] Updater:351 - Updater called before beeing initialized
2026-05-31 12:19:21,781 [WARN] DetailPanel:346 - Failed to get advertising image, set to default
2026-05-31 12:19:21,914 [FATAL] Updater:351 - Updater called before beeing initialized
2026-05-31 12:19:21,917 [FATAL] Updater:351 - Updater called before beeing initialized
2026-05-31 12:19:21,917 [FATAL] Updater:351 - Updater called before beeing initialized
2026-05-31 12:19:21,917 [WARN] DetailPanel:346 - Failed to get advertising image, set to default
2026-05-31 12:19:21,918 [FATAL] Updater:351 - Updater called before beeing initialized
2026-05-31 12:19:21,978 [ERROR] Updater:1198 - MainUpdater not yet initialized. External WinMGr cannot be set.
2026-05-31 12:19:21,980 [INFO] Updater:1134 - Updater Version found : 6.15.0
2026-05-31 12:19:22,006 [INFO] ApplicationProperties:184 - Using Application install path: C:\ST\STM32CubeIDE_1.18.1\STM32CubeIDE\plugins\com.st.stm32cube.common.mx_6.15.0.202507011659
2026-05-31 12:19:22,027 [ERROR] LogOutputStream:75 - [STDERR_REDIRECT] [Fatal Error] :1:1: Premature end of file.
2026-05-31 12:19:22,027 [ERROR] LogOutputStream:75 - [STDERR_REDIRECT] 
