../Core/Src/main.c:70:6:start_encoder	1
../Core/Src/main.c:75:5:there_was_enough_time_since_the_last_transmission	2
../Core/Src/main.c:89:5:did_encoder_change	2
../Core/Src/main.c:101:6:send_new_value	2
../Core/Src/main.c:129:5:main	4
../Core/Src/main.c:196:6:SystemClock_Config	4
../Core/Src/main.c:242:13:MX_TIM1_Init	3
../Core/Src/main.c:292:13:MX_TIM2_Init	3
../Core/Src/main.c:341:13:MX_TIM3_Init	3
../Core/Src/main.c:390:13:MX_TIM4_Init	3
../Core/Src/main.c:439:13:MX_GPIO_Init	1
../Core/Src/main.c:462:6:Error_Handler	1
