../Core/Src/main.c:76:6:start_encoder	16	static
../Core/Src/main.c:82:5:there_was_enough_time_since_the_last_transmission	16	static
../Core/Src/main.c:99:5:did_encoder_change	24	static
../Core/Src/main.c:109:6:send_new_value	32	static
../Core/Src/main.c:130:5:get_difference	24	static
../Core/Src/main.c:136:6:store_new_value_as_previous	16	static
../Core/Src/main.c:144:6:receive_i2c_data_from_slave	24	static
../Core/Src/main.c:154:6:send_data_to_master	8	static
../Core/Src/main.c:161:6:HAL_I2C_ListenCpltCallback	16	static
../Core/Src/main.c:166:6:HAL_I2C_AddrCallback	24	static
../Core/Src/main.c:184:6:HAL_I2C_SlaveRxCpltCallback	16	static
../Core/Src/main.c:195:5:main	24	static
../Core/Src/main.c:272:6:SystemClock_Config	88	static
../Core/Src/main.c:318:13:MX_I2C1_Init	8	static
../Core/Src/main.c:352:13:MX_TIM1_Init	56	static
../Core/Src/main.c:402:13:MX_TIM2_Init	56	static
../Core/Src/main.c:451:13:MX_TIM3_Init	56	static
../Core/Src/main.c:500:13:MX_TIM4_Init	56	static
../Core/Src/main.c:549:13:MX_GPIO_Init	16	static
../Core/Src/main.c:572:6:Error_Handler	4	static,ignoring_inline_asm
