Archive member included to satisfy reference by file (symbol)

C:/ST/STM32CubeIDE_1.18.1/STM32CubeIDE/plugins/com.st.stm32cube.ide.mcu.externaltools.gnu-tools-for-stm32.13.3.rel1.win32_1.0.0.202411081344/tools/bin/../lib/gcc/arm-none-eabi/13.3.1/../../../../arm-none-eabi/lib/thumb/v7-m/nofp\libc_nano.a(libc_a-exit.o)
                              C:/ST/STM32CubeIDE_1.18.1/STM32CubeIDE/plugins/com.st.stm32cube.ide.mcu.externaltools.gnu-tools-for-stm32.13.3.rel1.win32_1.0.0.202411081344/tools/bin/../lib/gcc/arm-none-eabi/13.3.1/../../../../arm-none-eabi/lib/thumb/v7-m/nofp/crt0.o (exit)
C:/ST/STM32CubeIDE_1.18.1/STM32CubeIDE/plugins/com.st.stm32cube.ide.mcu.externaltools.gnu-tools-for-stm32.13.3.rel1.win32_1.0.0.202411081344/tools/bin/../lib/gcc/arm-none-eabi/13.3.1/../../../../arm-none-eabi/lib/thumb/v7-m/nofp\libc_nano.a(libc_a-findfp.o)
                              C:/ST/STM32CubeIDE_1.18.1/STM32CubeIDE/plugins/com.st.stm32cube.ide.mcu.externaltools.gnu-tools-for-stm32.13.3.rel1.win32_1.0.0.202411081344/tools/bin/../lib/gcc/arm-none-eabi/13.3.1/../../../../arm-none-eabi/lib/thumb/v7-m/nofp\libc_nano.a(libc_a-exit.o) (__stdio_exit_handler)
C:/ST/STM32CubeIDE_1.18.1/STM32CubeIDE/plugins/com.st.stm32cube.ide.mcu.externaltools.gnu-tools-for-stm32.13.3.rel1.win32_1.0.0.202411081344/tools/bin/../lib/gcc/arm-none-eabi/13.3.1/../../../../arm-none-eabi/lib/thumb/v7-m/nofp\libc_nano.a(libc_a-fwalk.o)
                              C:/ST/STM32CubeIDE_1.18.1/STM32CubeIDE/plugins/com.st.stm32cube.ide.mcu.externaltools.gnu-tools-for-stm32.13.3.rel1.win32_1.0.0.202411081344/tools/bin/../lib/gcc/arm-none-eabi/13.3.1/../../../../arm-none-eabi/lib/thumb/v7-m/nofp\libc_nano.a(libc_a-findfp.o) (_fwalk_sglue)
C:/ST/STM32CubeIDE_1.18.1/STM32CubeIDE/plugins/com.st.stm32cube.ide.mcu.externaltools.gnu-tools-for-stm32.13.3.rel1.win32_1.0.0.202411081344/tools/bin/../lib/gcc/arm-none-eabi/13.3.1/../../../../arm-none-eabi/lib/thumb/v7-m/nofp\libc_nano.a(libc_a-stdio.o)
                              C:/ST/STM32CubeIDE_1.18.1/STM32CubeIDE/plugins/com.st.stm32cube.ide.mcu.externaltools.gnu-tools-for-stm32.13.3.rel1.win32_1.0.0.202411081344/tools/bin/../lib/gcc/arm-none-eabi/13.3.1/../../../../arm-none-eabi/lib/thumb/v7-m/nofp\libc_nano.a(libc_a-findfp.o) (__sread)
C:/ST/STM32CubeIDE_1.18.1/STM32CubeIDE/plugins/com.st.stm32cube.ide.mcu.externaltools.gnu-tools-for-stm32.13.3.rel1.win32_1.0.0.202411081344/tools/bin/../lib/gcc/arm-none-eabi/13.3.1/../../../../arm-none-eabi/lib/thumb/v7-m/nofp\libc_nano.a(libc_a-memset.o)
                              C:/ST/STM32CubeIDE_1.18.1/STM32CubeIDE/plugins/com.st.stm32cube.ide.mcu.externaltools.gnu-tools-for-stm32.13.3.rel1.win32_1.0.0.202411081344/tools/bin/../lib/gcc/arm-none-eabi/13.3.1/../../../../arm-none-eabi/lib/thumb/v7-m/nofp/crt0.o (memset)
C:/ST/STM32CubeIDE_1.18.1/STM32CubeIDE/plugins/com.st.stm32cube.ide.mcu.externaltools.gnu-tools-for-stm32.13.3.rel1.win32_1.0.0.202411081344/tools/bin/../lib/gcc/arm-none-eabi/13.3.1/../../../../arm-none-eabi/lib/thumb/v7-m/nofp\libc_nano.a(libc_a-closer.o)
                              C:/ST/STM32CubeIDE_1.18.1/STM32CubeIDE/plugins/com.st.stm32cube.ide.mcu.externaltools.gnu-tools-for-stm32.13.3.rel1.win32_1.0.0.202411081344/tools/bin/../lib/gcc/arm-none-eabi/13.3.1/../../../../arm-none-eabi/lib/thumb/v7-m/nofp\libc_nano.a(libc_a-stdio.o) (_close_r)
C:/ST/STM32CubeIDE_1.18.1/STM32CubeIDE/plugins/com.st.stm32cube.ide.mcu.externaltools.gnu-tools-for-stm32.13.3.rel1.win32_1.0.0.202411081344/tools/bin/../lib/gcc/arm-none-eabi/13.3.1/../../../../arm-none-eabi/lib/thumb/v7-m/nofp\libc_nano.a(libc_a-reent.o)
                              C:/ST/STM32CubeIDE_1.18.1/STM32CubeIDE/plugins/com.st.stm32cube.ide.mcu.externaltools.gnu-tools-for-stm32.13.3.rel1.win32_1.0.0.202411081344/tools/bin/../lib/gcc/arm-none-eabi/13.3.1/../../../../arm-none-eabi/lib/thumb/v7-m/nofp\libc_nano.a(libc_a-closer.o) (errno)
C:/ST/STM32CubeIDE_1.18.1/STM32CubeIDE/plugins/com.st.stm32cube.ide.mcu.externaltools.gnu-tools-for-stm32.13.3.rel1.win32_1.0.0.202411081344/tools/bin/../lib/gcc/arm-none-eabi/13.3.1/../../../../arm-none-eabi/lib/thumb/v7-m/nofp\libc_nano.a(libc_a-impure.o)
                              C:/ST/STM32CubeIDE_1.18.1/STM32CubeIDE/plugins/com.st.stm32cube.ide.mcu.externaltools.gnu-tools-for-stm32.13.3.rel1.win32_1.0.0.202411081344/tools/bin/../lib/gcc/arm-none-eabi/13.3.1/../../../../arm-none-eabi/lib/thumb/v7-m/nofp\libc_nano.a(libc_a-reent.o) (_impure_ptr)
C:/ST/STM32CubeIDE_1.18.1/STM32CubeIDE/plugins/com.st.stm32cube.ide.mcu.externaltools.gnu-tools-for-stm32.13.3.rel1.win32_1.0.0.202411081344/tools/bin/../lib/gcc/arm-none-eabi/13.3.1/../../../../arm-none-eabi/lib/thumb/v7-m/nofp\libc_nano.a(libc_a-lseekr.o)
[...]
Memory Configuration

Name             Origin             Length             Attributes
RAM              0x20000000         0x00005000         xrw
FLASH            0x08000000         0x00010000         xr
*default*        0x00000000         0xffffffff

Linker script and memory map

LOAD C:/ST/STM32CubeIDE_1.18.1/STM32CubeIDE/plugins/com.st.stm32cube.ide.mcu.externaltools.gnu-tools-for-stm32.13.3.rel1.win32_1.0.0.202411081344/tools/bin/../lib/gcc/arm-none-eabi/13.3.1/thumb/v7-m/nofp/crti.o
LOAD C:/ST/STM32CubeIDE_1.18.1/STM32CubeIDE/plugins/com.st.stm32cube.ide.mcu.externaltools.gnu-tools-for-stm32.13.3.rel1.win32_1.0.0.202411081344/tools/bin/../lib/gcc/arm-none-eabi/13.3.1/thumb/v7-m/nofp/crtbegin.o
LOAD C:/ST/STM32CubeIDE_1.18.1/STM32CubeIDE/plugins/com.st.stm32cube.ide.mcu.externaltools.gnu-tools-for-stm32.13.3.rel1.win32_1.0.0.202411081344/tools/bin/../lib/gcc/arm-none-eabi/13.3.1/../../../../arm-none-eabi/lib/thumb/v7-m/nofp/crt0.o
LOAD ./Core/Src/main.o
LOAD ./Core/Src/stm32f1xx_hal_msp.o
LOAD ./Core/Src/stm32f1xx_it.o
LOAD ./Core/Src/syscalls.o
LOAD ./Core/Src/sysmem.o
LOAD ./Core/Src/system_stm32f1xx.o
LOAD ./Core/Startup/startup_stm32f103c8tx.o
LOAD ./Drivers/STM32F1xx_HAL_Driver/Src/stm32f1xx_hal.o
LOAD ./Drivers/STM32F1xx_HAL_Driver/Src/stm32f1xx_hal_cortex.o
LOAD ./Drivers/STM32F1xx_HAL_Driver/Src/stm32f1xx_hal_dma.o
LOAD ./Drivers/STM32F1xx_HAL_Driver/Src/stm32f1xx_hal_exti.o
LOAD ./Drivers/STM32F1xx_HAL_Driver/Src/stm32f1xx_hal_flash.o
LOAD ./Drivers/STM32F1xx_HAL_Driver/Src/stm32f1xx_hal_flash_ex.o
LOAD ./Drivers/STM32F1xx_HAL_Driver/Src/stm32f1xx_hal_gpio.o
LOAD ./Drivers/STM32F1xx_HAL_Driver/Src/stm32f1xx_hal_gpio_ex.o
LOAD ./Drivers/STM32F1xx_HAL_Driver/Src/stm32f1xx_hal_pcd.o
LOAD ./Drivers/STM32F1xx_HAL_Driver/Src/stm32f1xx_hal_pcd_ex.o
LOAD ./Drivers/STM32F1xx_HAL_Driver/Src/stm32f1xx_hal_pwr.o
LOAD ./Drivers/STM32F1xx_HAL_Driver/Src/stm32f1xx_hal_rcc.o
LOAD ./Drivers/STM32F1xx_HAL_Driver/Src/stm32f1xx_hal_rcc_ex.o
LOAD ./Drivers/STM32F1xx_HAL_Driver/Src/stm32f1xx_hal_tim.o
LOAD ./Drivers/STM32F1xx_HAL_Driver/Src/stm32f1xx_hal_tim_ex.o
LOAD ./Drivers/STM32F1xx_HAL_Driver/Src/stm32f1xx_ll_usb.o
LOAD ./Middlewares/ST/STM32_USB_Device_Library/Class/HID/Src/usbd_hid.o
LOAD ./Middlewares/ST/STM32_USB_Device_Library/Class/MIDI/Src/usbd_midi.o
LOAD ./Middlewares/ST/STM32_USB_Device_Library/Core/Src/usbd_core.o
LOAD ./Middlewares/ST/STM32_USB_Device_Library/Core/Src/usbd_ctlreq.o
LOAD ./Middlewares/ST/STM32_USB_Device_Library/Core/Src/usbd_ioreq.o
LOAD ./USB_DEVICE/App/usb_device.o
LOAD ./USB_DEVICE/App/usbd_desc.o
LOAD ./USB_DEVICE/Target/usbd_conf.o
START GROUP
LOAD C:/ST/STM32CubeIDE_1.18.1/STM32CubeIDE/plugins/com.st.stm32cube.ide.mcu.externaltools.gnu-tools-for-stm32.13.3.rel1.win32_1.0.0.202411081344/tools/bin/../lib/gcc/arm-none-eabi/13.3.1/../../../../arm-none-eabi/lib/thumb/v7-m/nofp\libc_nano.a
LOAD C:/ST/STM32CubeIDE_1.18.1/STM32CubeIDE/plugins/com.st.stm32cube.ide.mcu.externaltools.gnu-tools-for-stm32.13.3.rel1.win32_1.0.0.202411081344/tools/bin/../lib/gcc/arm-none-eabi/13.3.1/../../../../arm-none-eabi/lib/thumb/v7-m/nofp\libm.a
END GROUP
START GROUP
LOAD C:/ST/STM32CubeIDE_1.18.1/STM32CubeIDE/plugins/com.st.stm32cube.ide.mcu.externaltools.gnu-tools-for-stm32.13.3.rel1.win32_1.0.0.202411081344/tools/bin/../lib/gcc/arm-none-eabi/13.3.1/thumb/v7-m/nofp\libgcc.a
LOAD C:/ST/STM32CubeIDE_1.18.1/STM32CubeIDE/plugins/com.st.stm32cube.ide.mcu.externaltools.gnu-tools-for-stm32.13.3.rel1.win32_1.0.0.202411081344/tools/bin/../lib/gcc/arm-none-eabi/13.3.1/../../../../arm-none-eabi/lib/thumb/v7-m/nofp\libc_nano.a
END GROUP
START GROUP
LOAD C:/ST/STM32CubeIDE_1.18.1/STM32CubeIDE/plugins/com.st.stm32cube.ide.mcu.externaltools.gnu-tools-for-stm32.13.3.rel1.win32_1.0.0.202411081344/tools/bin/../lib/gcc/arm-none-eabi/13.3.1/thumb/v7-m/nofp\libgcc.a
LOAD C:/ST/STM32CubeIDE_1.18.1/STM32CubeIDE/plugins/com.st.stm32cube.ide.mcu.externaltools.gnu-tools-for-stm32.13.3.rel1.win32_1.0.0.202411081344/tools/bin/../lib/gcc/arm-none-eabi/13.3.1/../../../../arm-none-eabi/lib/thumb/v7-m/nofp\libc_nano.a
LOAD C:/ST/STM32CubeIDE_1.18.1/STM32CubeIDE/plugins/com.st.stm32cube.ide.mcu.externaltools.gnu-tools-for-stm32.13.3.rel1.win32_1.0.0.202411081344/tools/bin/../lib/gcc/arm-none-eabi/13.3.1/../../../../arm-none-eabi/lib/thumb/v7-m/nofp\libnosys.a
END GROUP
START GROUP
LOAD C:/ST/STM32CubeIDE_1.18.1/STM32CubeIDE/plugins/com.st.stm32cube.ide.mcu.externaltools.gnu-tools-for-stm32.13.3.rel1.win32_1.0.0.202411081344/tools/bin/../lib/gcc/arm-none-eabi/13.3.1/thumb/v7-m/nofp\libgcc.a
LOAD C:/ST/STM32CubeIDE_1.18.1/STM32CubeIDE/plugins/com.st.stm32cube.ide.mcu.externaltools.gnu-tools-for-stm32.13.3.rel1.win32_1.0.0.202411081344/tools/bin/../lib/gcc/arm-none-eabi/13.3.1/../../../../arm-none-eabi/lib/thumb/v7-m/nofp\libc_nano.a
LOAD C:/ST/STM32CubeIDE_1.18.1/STM32CubeIDE/plugins/com.st.stm32cube.ide.mcu.externaltools.gnu-tools-for-stm32.13.3.rel1.win32_1.0.0.202411081344/tools/bin/../lib/gcc/arm-none-eabi/13.3.1/../../../../arm-none-eabi/lib/thumb/v7-m/nofp\libnosys.a
END GROUP
LOAD C:/ST/STM32CubeIDE_1.18.1/STM32CubeIDE/plugins/com.st.stm32cube.ide.mcu.externaltools.gnu-tools-for-stm32.13.3.rel1.win32_1.0.0.202411081344/tools/bin/../lib/gcc/arm-none-eabi/13.3.1/thumb/v7-m/nofp/crtend.o
LOAD C:/ST/STM32CubeIDE_1.18.1/STM32CubeIDE/plugins/com.st.stm32cube.ide.mcu.externaltools.gnu-tools-for-stm32.13.3.rel1.win32_1.0.0.202411081344/tools/bin/../lib/gcc/arm-none-eabi/13.3.1/thumb/v7-m/nofp/crtn.o
                0x20005000                        _estack = (ORIGIN (RAM) + LENGTH (RAM))
                0x00000200                        _Min_Heap_Size = 0x200
                0x00000400                        _Min_Stack_Size = 0x400

.isr_vector     0x08000000      0x10c
                0x08000000                        . = ALIGN (0x4)
 *(.isr_vector)
 .isr_vector    0x08000000      0x10c ./Core/Startup/startup_stm32f103c8tx.o
                0x08000000                g_pfnVectors
                0x0800010c                        . = ALIGN (0x4)

.text           0x0800010c     0x788c
                0x0800010c                        . = ALIGN (0x4)
 *(.text)
 .text          0x0800010c       0x40 C:/ST/STM32CubeIDE_1.18.1/STM32CubeIDE/plugins/com.st.stm32cube.ide.mcu.externaltools.gnu-tools-for-stm32.13.3.rel1.win32_1.0.0.202411081344/tools/bin/../lib/gcc/arm-none-eabi/13.3.1/thumb/v7-m/nofp/crtbegin.o
 *(.text*)
 .text.start_encoder
                0x0800014c       0x30 ./Core/Src/main.o
                0x0800014c                start_encoder
 .text.there_was_enough_time_since_the_last_transmission
                0x0800017c       0x38 ./Core/Src/main.o
                0x0800017c                there_was_enough_time_since_the_last_transmission
 .text.did_encoder_change
                0x080001b4       0x3c ./Core/Src/main.o
                0x080001b4                did_encoder_change
 .text.send_new_value
                0x080001f0       0x84 ./Core/Src/main.o
                0x080001f0                send_new_value
 .text.get_difference
                0x08000274       0x34 ./Core/Src/main.o
                0x08000274                get_difference
 .text.store_new_value_as_previous
                0x080002a8       0x30 ./Core/Src/main.o
                0x080002a8                store_new_value_as_previous
 .text.main     0x080002d8       0xb4 ./Core/Src/main.o
                0x080002d8                main
 .text.SystemClock_Config
                0x0800038c       0xae ./Core/Src/main.o
                0x0800038c                SystemClock_Config
 *fill*         0x0800043a        0x2 
 .text.MX_TIM1_Init
                0x0800043c       0xb0 ./Core/Src/main.o
 .text.MX_TIM2_Init
                0x080004ec       0xa8 ./Core/Src/main.o
 .text.MX_TIM3_Init
                0x08000594       0xa8 ./Core/Src/main.o
 .text.MX_TIM4_Init
                0x0800063c       0xa8 ./Core/Src/main.o
 .text.MX_GPIO_Init
                0x080006e4       0x44 ./Core/Src/main.o
 .text.Error_Handler
                0x08000728        0xc ./Core/Src/main.o
                0x08000728                Error_Handler
 .text.HAL_MspInit
                0x08000734       0x64 ./Core/Src/stm32f1xx_hal_msp.o
                0x08000734                HAL_MspInit
 .text.HAL_TIM_Encoder_MspInit
                0x08000798      0x188 ./Core/Src/stm32f1xx_hal_msp.o
                0x08000798                HAL_TIM_Encoder_MspInit
 .text.NMI_Handler
                0x08000920        0x8 ./Core/Src/stm32f1xx_it.o
                0x08000920                NMI_Handler
 .text.HardFault_Handler
                0x08000928        0x8 ./Core/Src/stm32f1xx_it.o
                0x08000928                HardFault_Handler
 .text.MemManage_Handler
                0x08000930        0x8 ./Core/Src/stm32f1xx_it.o
                0x08000930                MemManage_Handler
 .text.BusFault_Handler
                0x08000938        0x8 ./Core/Src/stm32f1xx_it.o
                0x08000938                BusFault_Handler
 .text.UsageFault_Handler
                0x08000940        0x8 ./Core/Src/stm32f1xx_it.o
                0x08000940                UsageFault_Handler
 .text.SVC_Handler
                0x08000948        0xc ./Core/Src/stm32f1xx_it.o
                0x08000948                SVC_Handler
 .text.DebugMon_Handler
                0x08000954        0xc ./Core/Src/stm32f1xx_it.o
                0x08000954                DebugMon_Handler
 .text.PendSV_Handler
                0x08000960        0xc ./Core/Src/stm32f1xx_it.o
                0x08000960                PendSV_Handler
 .text.SysTick_Handler
                0x0800096c        0xc ./Core/Src/stm32f1xx_it.o
                0x0800096c                SysTick_Handler
 .text.USB_LP_CAN1_RX0_IRQHandler
                0x08000978       0x14 ./Core/Src/stm32f1xx_it.o
                0x08000978                USB_LP_CAN1_RX0_IRQHandler
 .text.SystemInit
                0x0800098c        0xc ./Core/Src/system_stm32f1xx.o
                0x0800098c                SystemInit
 .text.Reset_Handler
                0x08000998       0x48 ./Core/Startup/startup_stm32f103c8tx.o
                0x08000998                Reset_Handler
 .text.Default_Handler
                0x080009e0        0x2 ./Core/Startup/startup_stm32f103c8tx.o
                0x080009e0                RTC_Alarm_IRQHandler
                0x080009e0                EXTI2_IRQHandler
                0x080009e0                TIM1_CC_IRQHandler
                0x080009e0                PVD_IRQHandler
                0x080009e0                EXTI3_IRQHandler
                0x080009e0                EXTI0_IRQHandler
                0x080009e0                I2C2_EV_IRQHandler
                0x080009e0                ADC1_2_IRQHandler
                0x080009e0                SPI1_IRQHandler
                0x080009e0                TAMPER_IRQHandler
                0x080009e0                DMA1_Channel4_IRQHandler
                0x080009e0                USART3_IRQHandler
                0x080009e0                RTC_IRQHandler
                0x080009e0                DMA1_Channel7_IRQHandler
                0x080009e0                CAN1_RX1_IRQHandler
                0x080009e0                TIM4_IRQHandler
                0x080009e0                I2C1_EV_IRQHandler
                0x080009e0                DMA1_Channel6_IRQHandler
                0x080009e0                TIM3_IRQHandler
                0x080009e0                RCC_IRQHandler
                0x080009e0                TIM1_TRG_COM_IRQHandler
                0x080009e0                DMA1_Channel1_IRQHandler
                0x080009e0                Default_Handler
                0x080009e0                EXTI15_10_IRQHandler
                0x080009e0                EXTI9_5_IRQHandler
                0x080009e0                SPI2_IRQHandler
                0x080009e0                DMA1_Channel5_IRQHandler
                0x080009e0                EXTI4_IRQHandler
                0x080009e0                USB_HP_CAN1_TX_IRQHandler
                0x080009e0                DMA1_Channel3_IRQHandler
                0x080009e0                TIM1_UP_IRQHandler
                0x080009e0                WWDG_IRQHandler
                0x080009e0                TIM2_IRQHandler
                0x080009e0                TIM1_BRK_IRQHandler
                0x080009e0                EXTI1_IRQHandler
                0x080009e0                USART2_IRQHandler
                0x080009e0                I2C2_ER_IRQHandler
                0x080009e0                DMA1_Channel2_IRQHandler
                0x080009e0                CAN1_SCE_IRQHandler
                0x080009e0                FLASH_IRQHandler
                0x080009e0                USART1_IRQHandler
                0x080009e0                I2C1_ER_IRQHandler
                0x080009e0                USBWakeUp_IRQHandler
 *fill*         0x080009e2        0x2 
 .text.HAL_Init
                0x080009e4       0x2c ./Drivers/STM32F1xx_HAL_Driver/Src/stm32f1xx_hal.o
                0x080009e4                HAL_Init
 .text.HAL_InitTick
                0x08000a10       0x60 ./Drivers/STM32F1xx_HAL_Driver/Src/stm32f1xx_hal.o
                0x08000a10                HAL_InitTick
 .text.HAL_IncTick
                0x08000a70       0x24 ./Drivers/STM32F1xx_HAL_Driver/Src/stm32f1xx_hal.o
                0x08000a70                HAL_IncTick
 .text.HAL_GetTick
                0x08000a94       0x14 ./Drivers/STM32F1xx_HAL_Driver/Src/stm32f1xx_hal.o
                0x08000a94                HAL_GetTick
 .text.__NVIC_SetPriorityGrouping
                0x08000aa8       0x48 ./Drivers/STM32F1xx_HAL_Driver/Src/stm32f1xx_hal_cortex.o
 .text.__NVIC_GetPriorityGrouping
                0x08000af0       0x1c ./Drivers/STM32F1xx_HAL_Driver/Src/stm32f1xx_hal_cortex.o
 .text.__NVIC_EnableIRQ
                0x08000b0c       0x38 ./Drivers/STM32F1xx_HAL_Driver/Src/stm32f1xx_hal_cortex.o
 .text.__NVIC_SetPriority
                0x08000b44       0x54 ./Drivers/STM32F1xx_HAL_Driver/Src/stm32f1xx_hal_cortex.o
 .text.NVIC_EncodePriority
                0x08000b98       0x64 ./Drivers/STM32F1xx_HAL_Driver/Src/stm32f1xx_hal_cortex.o
 .text.SysTick_Config
                0x08000bfc       0x44 ./Drivers/STM32F1xx_HAL_Driver/Src/stm32f1xx_hal_cortex.o
 .text.HAL_NVIC_SetPriorityGrouping
                0x08000c40       0x16 ./Drivers/STM32F1xx_HAL_Driver/Src/stm32f1xx_hal_cortex.o
                0x08000c40                HAL_NVIC_SetPriorityGrouping
 .text.HAL_NVIC_SetPriority
                0x08000c56       0x38 ./Drivers/STM32F1xx_HAL_Driver/Src/stm32f1xx_hal_cortex.o
                0x08000c56                HAL_NVIC_SetPriority
 .text.HAL_NVIC_EnableIRQ
                0x08000c8e       0x1c ./Drivers/STM32F1xx_HAL_Driver/Src/stm32f1xx_hal_cortex.o
                0x08000c8e                HAL_NVIC_EnableIRQ
 .text.HAL_SYSTICK_Config
                0x08000caa       0x18 ./Drivers/STM32F1xx_HAL_Driver/Src/stm32f1xx_hal_cortex.o
                0x08000caa                HAL_SYSTICK_Config
 *fill*         0x08000cc2        0x2 
 .text.HAL_GPIO_Init
                0x08000cc4      0x308 ./Drivers/STM32F1xx_HAL_Driver/Src/stm32f1xx_hal_gpio.o
                0x08000cc4                HAL_GPIO_Init
 .text.HAL_PCD_Init
                0x08000fcc      0x1ec ./Drivers/STM32F1xx_HAL_Driver/Src/stm32f1xx_hal_pcd.o
                0x08000fcc                HAL_PCD_Init
 .text.HAL_PCD_Start
                0x080011b8       0x4c ./Drivers/STM32F1xx_HAL_Driver/Src/stm32f1xx_hal_pcd.o
                0x080011b8                HAL_PCD_Start
 .text.HAL_PCD_IRQHandler
                0x08001204      0x260 ./Drivers/STM32F1xx_HAL_Driver/Src/stm32f1xx_hal_pcd.o
                0x08001204                HAL_PCD_IRQHandler
 .text.HAL_PCD_SetAddress
                0x08001464       0x48 ./Drivers/STM32F1xx_HAL_Driver/Src/stm32f1xx_hal_pcd.o
                0x08001464                HAL_PCD_SetAddress
 .text.HAL_PCD_EP_Open
                0x080014ac       0xba ./Drivers/STM32F1xx_HAL_Driver/Src/stm32f1xx_hal_pcd.o
                0x080014ac                HAL_PCD_EP_Open
 .text.HAL_PCD_EP_Close
                0x08001566       0x90 ./Drivers/STM32F1xx_HAL_Driver/Src/stm32f1xx_hal_pcd.o
                0x08001566                HAL_PCD_EP_Close
 .text.HAL_PCD_EP_Receive
                0x080015f6       0x62 ./Drivers/STM32F1xx_HAL_Driver/Src/stm32f1xx_hal_pcd.o
                0x080015f6                HAL_PCD_EP_Receive
 .text.HAL_PCD_EP_GetRxCount
                0x08001658       0x2e ./Drivers/STM32F1xx_HAL_Driver/Src/stm32f1xx_hal_pcd.o
                0x08001658                HAL_PCD_EP_GetRxCount
 .text.HAL_PCD_EP_Transmit
                0x08001686       0x6e ./Drivers/STM32F1xx_HAL_Driver/Src/stm32f1xx_hal_pcd.o
                0x08001686                HAL_PCD_EP_Transmit
 .text.HAL_PCD_EP_SetStall
                0x080016f4       0xc0 ./Drivers/STM32F1xx_HAL_Driver/Src/stm32f1xx_hal_pcd.o
                0x080016f4                HAL_PCD_EP_SetStall
 .text.HAL_PCD_EP_ClrStall
                0x080017b4       0xa8 ./Drivers/STM32F1xx_HAL_Driver/Src/stm32f1xx_hal_pcd.o
                0x080017b4                HAL_PCD_EP_ClrStall
 .text.PCD_EP_ISR_Handler
                0x0800185c      0x79e ./Drivers/STM32F1xx_HAL_Driver/Src/stm32f1xx_hal_pcd.o
 .text.HAL_PCD_EP_DB_Receive
                0x08001ffa      0x21a ./Drivers/STM32F1xx_HAL_Driver/Src/stm32f1xx_hal_pcd.o
 .text.HAL_PCD_EP_DB_Transmit
                0x08002214      0x7f4 ./Drivers/STM32F1xx_HAL_Driver/Src/stm32f1xx_hal_pcd.o
 .text.HAL_PCDEx_PMAConfig
                0x08002a08       0x84 ./Drivers/STM32F1xx_HAL_Driver/Src/stm32f1xx_hal_pcd_ex.o
                0x08002a08                HAL_PCDEx_PMAConfig
 .text.HAL_RCC_OscConfig
                0x08002a8c      0x504 ./Drivers/STM32F1xx_HAL_Driver/Src/stm32f1xx_hal_rcc.o
                0x08002a8c                HAL_RCC_OscConfig
 .text.HAL_RCC_ClockConfig
                0x08002f90      0x1d4 ./Drivers/STM32F1xx_HAL_Driver/Src/stm32f1xx_hal_rcc.o
                0x08002f90                HAL_RCC_ClockConfig
 .text.HAL_RCC_GetSysClockFreq
                0x08003164       0xa8 ./Drivers/STM32F1xx_HAL_Driver/Src/stm32f1xx_hal_rcc.o
                0x08003164                HAL_RCC_GetSysClockFreq
 .text.RCC_Delay
                0x0800320c       0x3c ./Drivers/STM32F1xx_HAL_Driver/Src/stm32f1xx_hal_rcc.o
 .text.HAL_RCCEx_PeriphCLKConfig
                0x08003248      0x16c ./Drivers/STM32F1xx_HAL_Driver/Src/stm32f1xx_hal_rcc_ex.o
                0x08003248                HAL_RCCEx_PeriphCLKConfig
 .text.HAL_TIM_Encoder_Init
                0x080033b4      0x144 ./Drivers/STM32F1xx_HAL_Driver/Src/stm32f1xx_hal_tim.o
                0x080033b4                HAL_TIM_Encoder_Init
 .text.TIM_Base_SetConfig
                0x080034f8       0xdc ./Drivers/STM32F1xx_HAL_Driver/Src/stm32f1xx_hal_tim.o
                0x080034f8                TIM_Base_SetConfig
 .text.HAL_TIMEx_MasterConfigSynchronization
                0x080035d4       0xbc ./Drivers/STM32F1xx_HAL_Driver/Src/stm32f1xx_hal_tim_ex.o
                0x080035d4                HAL_TIMEx_MasterConfigSynchronization
 .text.USB_CoreInit
                0x08003690       0x1a ./Drivers/STM32F1xx_HAL_Driver/Src/stm32f1xx_ll_usb.o
                0x08003690                USB_CoreInit
 .text.USB_EnableGlobalInt
                0x080036aa       0x2c ./Drivers/STM32F1xx_HAL_Driver/Src/stm32f1xx_ll_usb.o
                0x080036aa                USB_EnableGlobalInt
 .text.USB_DisableGlobalInt
                0x080036d6       0x34 ./Drivers/STM32F1xx_HAL_Driver/Src/stm32f1xx_ll_usb.o
                0x080036d6                USB_DisableGlobalInt
 .text.USB_SetCurrentMode
                0x0800370a       0x18 ./Drivers/STM32F1xx_HAL_Driver/Src/stm32f1xx_ll_usb.o
                0x0800370a                USB_SetCurrentMode
 .text.USB_DevInit
                0x08003722       0x3a ./Drivers/STM32F1xx_HAL_Driver/Src/stm32f1xx_ll_usb.o
                0x08003722                USB_DevInit
 .text.USB_ActivateEndpoint
                0x0800375c      0x780 ./Drivers/STM32F1xx_HAL_Driver/Src/stm32f1xx_ll_usb.o
                0x0800375c                USB_ActivateEndpoint
 .text.USB_DeactivateEndpoint
                0x08003edc      0x3d8 ./Drivers/STM32F1xx_HAL_Driver/Src/stm32f1xx_ll_usb.o
                0x08003edc                USB_DeactivateEndpoint
 .text.USB_EPStartXfer
                0x080042b4     0x1762 ./Drivers/STM32F1xx_HAL_Driver/Src/stm32f1xx_ll_usb.o
                0x080042b4                USB_EPStartXfer
 .text.USB_EPSetStall
                0x08005a16       0xa0 ./Drivers/STM32F1xx_HAL_Driver/Src/stm32f1xx_ll_usb.o
                0x08005a16                USB_EPSetStall
 .text.USB_EPClearStall
                0x08005ab6      0x15a ./Drivers/STM32F1xx_HAL_Driver/Src/stm32f1xx_ll_usb.o
                0x08005ab6                USB_EPClearStall
 .text.USB_SetDevAddress
                0x08005c10       0x26 ./Drivers/STM32F1xx_HAL_Driver/Src/stm32f1xx_ll_usb.o
                0x08005c10                USB_SetDevAddress
 .text.USB_DevConnect
                0x08005c36       0x14 ./Drivers/STM32F1xx_HAL_Driver/Src/stm32f1xx_ll_usb.o
                0x08005c36                USB_DevConnect
 .text.USB_DevDisconnect
                0x08005c4a       0x14 ./Drivers/STM32F1xx_HAL_Driver/Src/stm32f1xx_ll_usb.o
                0x08005c4a                USB_DevDisconnect
 .text.USB_ReadInterrupts
                0x08005c5e       0x1e ./Drivers/STM32F1xx_HAL_Driver/Src/stm32f1xx_ll_usb.o
                0x08005c5e                USB_ReadInterrupts
 .text.USB_EP0_OutStart
                0x08005c7c       0x16 ./Drivers/STM32F1xx_HAL_Driver/Src/stm32f1xx_ll_usb.o
                0x08005c7c                USB_EP0_OutStart
 .text.USB_WritePMA
                0x08005c92       0x8c ./Drivers/STM32F1xx_HAL_Driver/Src/stm32f1xx_ll_usb.o
                0x08005c92                USB_WritePMA
 .text.USB_ReadPMA
                0x08005d1e       0x9e ./Drivers/STM32F1xx_HAL_Driver/Src/stm32f1xx_ll_usb.o
                0x08005d1e                USB_ReadPMA
 .text.USBD_MIDI_Init
                0x08005dbc       0x6c ./Middlewares/ST/STM32_USB_Device_Library/Class/MIDI/Src/usbd_midi.o
 .text.USBD_MIDI_DeInit
                0x08005e28       0x3c ./Middlewares/ST/STM32_USB_Device_Library/Class/MIDI/Src/usbd_midi.o
 .text.USBD_MIDI_Setup
                0x08005e64      0x11c ./Middlewares/ST/STM32_USB_Device_Library/Class/MIDI/Src/usbd_midi.o
 .text.USBD_MIDI_GetState
                0x08005f80       0x1a ./Middlewares/ST/STM32_USB_Device_Library/Class/MIDI/Src/usbd_midi.o
                0x08005f80                USBD_MIDI_GetState
 .text.USBD_MIDI_SendPackets
                0x08005f9a       0x44 ./Middlewares/ST/STM32_USB_Device_Library/Class/MIDI/Src/usbd_midi.o
                0x08005f9a                USBD_MIDI_SendPackets
 *fill*         0x08005fde        0x2 
 .text.USBD_MIDI_GetCfgDesc
                0x08005fe0       0x20 ./Middlewares/ST/STM32_USB_Device_Library/Class/MIDI/Src/usbd_midi.o
 .text.USBD_MIDI_DataIn
                0x08006000       0x24 ./Middlewares/ST/STM32_USB_Device_Library/Class/MIDI/Src/usbd_midi.o
 .text.USBD_MIDI_OnPacketsSent
                0x08006024        0xc ./Middlewares/ST/STM32_USB_Device_Library/Class/MIDI/Src/usbd_midi.o
                0x08006024                USBD_MIDI_OnPacketsSent
 .text.USBD_MIDI_DataOut
                0x08006030       0x50 ./Middlewares/ST/STM32_USB_Device_Library/Class/MIDI/Src/usbd_midi.o
 .text.USBD_MIDI_OnPacketsReceived
                0x08006080       0x16 ./Middlewares/ST/STM32_USB_Device_Library/Class/MIDI/Src/usbd_midi.o
                0x08006080                USBD_MIDI_OnPacketsReceived
 *fill*         0x08006096        0x2 
 .text.USBD_MIDI_GetDeviceQualifierDesc
                0x08006098       0x20 ./Middlewares/ST/STM32_USB_Device_Library/Class/MIDI/Src/usbd_midi.o
 .text.USBD_Init
                0x080060b8       0x56 ./Middlewares/ST/STM32_USB_Device_Library/Core/Src/usbd_core.o
                0x080060b8                USBD_Init
 .text.USBD_RegisterClass
                0x0800610e       0x32 ./Middlewares/ST/STM32_USB_Device_Library/Core/Src/usbd_core.o
                0x0800610e                USBD_RegisterClass
 .text.USBD_Start
                0x08006140       0x18 ./Middlewares/ST/STM32_USB_Device_Library/Core/Src/usbd_core.o
                0x08006140                USBD_Start
 .text.USBD_RunTestMode
                0x08006158       0x14 ./Middlewares/ST/STM32_USB_Device_Library/Core/Src/usbd_core.o
                0x08006158                USBD_RunTestMode
 .text.USBD_SetClassConfig
                0x0800616c       0x3e ./Middlewares/ST/STM32_USB_Device_Library/Core/Src/usbd_core.o
                0x0800616c                USBD_SetClassConfig
 .text.USBD_ClrClassConfig
                0x080061aa       0x26 ./Middlewares/ST/STM32_USB_Device_Library/Core/Src/usbd_core.o
                0x080061aa                USBD_ClrClassConfig
 .text.USBD_LL_SetupStage
                0x080061d0       0x9a ./Middlewares/ST/STM32_USB_Device_Library/Core/Src/usbd_core.o
                0x080061d0                USBD_LL_SetupStage
 .text.USBD_LL_DataOutStage
                0x0800626a       0xe2 ./Middlewares/ST/STM32_USB_Device_Library/Core/Src/usbd_core.o
                0x0800626a                USBD_LL_DataOutStage
 .text.USBD_LL_DataInStage
                0x0800634c      0x14a ./Middlewares/ST/STM32_USB_Device_Library/Core/Src/usbd_core.o
                0x0800634c                USBD_LL_DataInStage
 .text.USBD_LL_Reset
                0x08006496       0x82 ./Middlewares/ST/STM32_USB_Device_Library/Core/Src/usbd_core.o
                0x08006496                USBD_LL_Reset
 .text.USBD_LL_SetSpeed
                0x08006518       0x1e ./Middlewares/ST/STM32_USB_Device_Library/Core/Src/usbd_core.o
                0x08006518                USBD_LL_SetSpeed
 .text.USBD_LL_Suspend
                0x08006536       0x28 ./Middlewares/ST/STM32_USB_Device_Library/Core/Src/usbd_core.o
                0x08006536                USBD_LL_Suspend
 .text.USBD_LL_Resume
                0x0800655e       0x2a ./Middlewares/ST/STM32_USB_Device_Library/Core/Src/usbd_core.o
                0x0800655e                USBD_LL_Resume
 .text.USBD_LL_SOF
                0x08006588       0x34 ./Middlewares/ST/STM32_USB_Device_Library/Core/Src/usbd_core.o
                0x08006588                USBD_LL_SOF
 .text.USBD_StdDevReq
                0x080065bc       0xd4 ./Middlewares/ST/STM32_USB_Device_Library/Core/Src/usbd_ctlreq.o
                0x080065bc                USBD_StdDevReq
 .text.USBD_StdItfReq
                0x08006690       0x90 ./Middlewares/ST/STM32_USB_Device_Library/Core/Src/usbd_ctlreq.o
                0x08006690                USBD_StdItfReq
 .text.USBD_StdEPReq
                0x08006720      0x2c6 ./Middlewares/ST/STM32_USB_Device_Library/Core/Src/usbd_ctlreq.o
                0x08006720                USBD_StdEPReq
 *fill*         0x080069e6        0x2 
 .text.USBD_GetDescriptor
                0x080069e8      0x2d0 ./Middlewares/ST/STM32_USB_Device_Library/Core/Src/usbd_ctlreq.o
 .text.USBD_SetAddress
                0x08006cb8       0x86 ./Middlewares/ST/STM32_USB_Device_Library/Core/Src/usbd_ctlreq.o
 *fill*         0x08006d3e        0x2 
 .text.USBD_SetConfig
                0x08006d40      0x11c ./Middlewares/ST/STM32_USB_Device_Library/Core/Src/usbd_ctlreq.o
 .text.USBD_GetConfig
                0x08006e5c       0x6a ./Middlewares/ST/STM32_USB_Device_Library/Core/Src/usbd_ctlreq.o
 .text.USBD_GetStatus
                0x08006ec6       0x66 ./Middlewares/ST/STM32_USB_Device_Library/Core/Src/usbd_ctlreq.o
 .text.USBD_SetFeature
                0x08006f2c       0x28 ./Middlewares/ST/STM32_USB_Device_Library/Core/Src/usbd_ctlreq.o
 .text.USBD_ClrFeature
                0x08006f54       0x42 ./Middlewares/ST/STM32_USB_Device_Library/Core/Src/usbd_ctlreq.o
 .text.USBD_ParseSetupRequest
                0x08006f96       0x72 ./Middlewares/ST/STM32_USB_Device_Library/Core/Src/usbd_ctlreq.o
                0x08006f96                USBD_ParseSetupRequest
 .text.USBD_CtlError
                0x08007008       0x22 ./Middlewares/ST/STM32_USB_Device_Library/Core/Src/usbd_ctlreq.o
                0x08007008                USBD_CtlError
 .text.USBD_GetString
                0x0800702a       0x84 ./Middlewares/ST/STM32_USB_Device_Library/Core/Src/usbd_ctlreq.o
                0x0800702a                USBD_GetString
 .text.USBD_GetLen
                0x080070ae       0x2e ./Middlewares/ST/STM32_USB_Device_Library/Core/Src/usbd_ctlreq.o
 .text.USBD_CtlSendData
                0x080070dc       0x38 ./Middlewares/ST/STM32_USB_Device_Library/Core/Src/usbd_ioreq.o
                0x080070dc                USBD_CtlSendData
 .text.USBD_CtlContinueSendData
                0x08007114       0x24 ./Middlewares/ST/STM32_USB_Device_Library/Core/Src/usbd_ioreq.o
                0x08007114                USBD_CtlContinueSendData
 .text.USBD_CtlContinueRx
                0x08007138       0x24 ./Middlewares/ST/STM32_USB_Device_Library/Core/Src/usbd_ioreq.o
                0x08007138                USBD_CtlContinueRx
 .text.USBD_CtlSendStatus
                0x0800715c       0x26 ./Middlewares/ST/STM32_USB_Device_Library/Core/Src/usbd_ioreq.o
                0x0800715c                USBD_CtlSendStatus
 .text.USBD_CtlReceiveStatus
                0x08007182       0x26 ./Middlewares/ST/STM32_USB_Device_Library/Core/Src/usbd_ioreq.o
                0x08007182                USBD_CtlReceiveStatus
 .text.MX_USB_DEVICE_Init
                0x080071a8       0x4c ./USB_DEVICE/App/usb_device.o
                0x080071a8                MX_USB_DEVICE_Init
 .text.USBD_FS_DeviceDescriptor
                0x080071f4       0x24 ./USB_DEVICE/App/usbd_desc.o
                0x080071f4                USBD_FS_DeviceDescriptor
 .text.USBD_FS_LangIDStrDescriptor
                0x08007218       0x24 ./USB_DEVICE/App/usbd_desc.o
                0x08007218                USBD_FS_LangIDStrDescriptor
 .text.USBD_FS_ProductStrDescriptor
                0x0800723c       0x3c ./USB_DEVICE/App/usbd_desc.o
                0x0800723c                USBD_FS_ProductStrDescriptor
 .text.USBD_FS_ManufacturerStrDescriptor
                0x08007278       0x28 ./USB_DEVICE/App/usbd_desc.o
                0x08007278                USBD_FS_ManufacturerStrDescriptor
 .text.USBD_FS_SerialStrDescriptor
                0x080072a0       0x24 ./USB_DEVICE/App/usbd_desc.o
                0x080072a0                USBD_FS_SerialStrDescriptor
 .text.USBD_FS_ConfigStrDescriptor
                0x080072c4       0x3c ./USB_DEVICE/App/usbd_desc.o
                0x080072c4                USBD_FS_ConfigStrDescriptor
 .text.USBD_FS_InterfaceStrDescriptor
                0x08007300       0x3c ./USB_DEVICE/App/usbd_desc.o
                0x08007300                USBD_FS_InterfaceStrDescriptor
 .text.Get_SerialNum
                0x0800733c       0x58 ./USB_DEVICE/App/usbd_desc.o
 .text.IntToUnicode
                0x08007394       0x7c ./USB_DEVICE/App/usbd_desc.o
 .text.HAL_PCD_MspInit
                0x08007410       0x4c ./USB_DEVICE/Target/usbd_conf.o
                0x08007410                HAL_PCD_MspInit
 .text.HAL_PCD_SetupStageCallback
                0x0800745c       0x24 ./USB_DEVICE/Target/usbd_conf.o
                0x0800745c                HAL_PCD_SetupStageCallback
 .text.HAL_PCD_DataOutStageCallback
                0x08007480       0x36 ./USB_DEVICE/Target/usbd_conf.o
                0x08007480                HAL_PCD_DataOutStageCallback
 .text.HAL_PCD_DataInStageCallback
                0x080074b6       0x34 ./USB_DEVICE/Target/usbd_conf.o
                0x080074b6                HAL_PCD_DataInStageCallback
 .text.HAL_PCD_SOFCallback
                0x080074ea       0x1c ./USB_DEVICE/Target/usbd_conf.o
                0x080074ea                HAL_PCD_SOFCallback
 .text.HAL_PCD_ResetCallback
                0x08007506       0x3c ./USB_DEVICE/Target/usbd_conf.o
                0x08007506                HAL_PCD_ResetCallback
 *fill*         0x08007542        0x2 
 .text.HAL_PCD_SuspendCallback
                0x08007544       0x34 ./USB_DEVICE/Target/usbd_conf.o
                0x08007544                HAL_PCD_SuspendCallback
 .text.HAL_PCD_ResumeCallback
                0x08007578       0x1c ./USB_DEVICE/Target/usbd_conf.o
                0x08007578                HAL_PCD_ResumeCallback
 .text.USBD_LL_Init
                0x08007594       0xa0 ./USB_DEVICE/Target/usbd_conf.o
                0x08007594                USBD_LL_Init
 .text.USBD_LL_Start
                0x08007634       0x36 ./USB_DEVICE/Target/usbd_conf.o
                0x08007634                USBD_LL_Start
 .text.USBD_LL_OpenEP
                0x0800766a       0x4c ./USB_DEVICE/Target/usbd_conf.o
                0x0800766a                USBD_LL_OpenEP
 .text.USBD_LL_CloseEP
                0x080076b6       0x3e ./USB_DEVICE/Target/usbd_conf.o
                0x080076b6                USBD_LL_CloseEP
 .text.USBD_LL_StallEP
                0x080076f4       0x3e ./USB_DEVICE/Target/usbd_conf.o
                0x080076f4                USBD_LL_StallEP
 .text.USBD_LL_ClearStallEP
                0x08007732       0x3e ./USB_DEVICE/Target/usbd_conf.o
                0x08007732                USBD_LL_ClearStallEP
 .text.USBD_LL_IsStallEP
                0x08007770       0x56 ./USB_DEVICE/Target/usbd_conf.o
                0x08007770                USBD_LL_IsStallEP
 .text.USBD_LL_SetUSBAddress
                0x080077c6       0x3e ./USB_DEVICE/Target/usbd_conf.o
                0x080077c6                USBD_LL_SetUSBAddress
 .text.USBD_LL_Transmit
                0x08007804       0x46 ./USB_DEVICE/Target/usbd_conf.o
                0x08007804                USBD_LL_Transmit
 .text.USBD_LL_PrepareReceive
                0x0800784a       0x46 ./USB_DEVICE/Target/usbd_conf.o
                0x0800784a                USBD_LL_PrepareReceive
 .text.USBD_static_malloc
                0x08007890       0x18 ./USB_DEVICE/Target/usbd_conf.o
                0x08007890                USBD_static_malloc
 .text.USBD_static_free
                0x080078a8       0x12 ./USB_DEVICE/Target/usbd_conf.o
                0x080078a8                USBD_static_free
 .text.HAL_PCDEx_SetConnectionState
                0x080078ba       0x16 ./USB_DEVICE/Target/usbd_conf.o
                0x080078ba                HAL_PCDEx_SetConnectionState
 .text.USBD_Get_USB_Status
                0x080078d0       0x58 ./USB_DEVICE/Target/usbd_conf.o
 .text.memset   0x08007928       0x10 C:/ST/STM32CubeIDE_1.18.1/STM32CubeIDE/plugins/com.st.stm32cube.ide.mcu.externaltools.gnu-tools-for-stm32.13.3.rel1.win32_1.0.0.202411081344/tools/bin/../lib/gcc/arm-none-eabi/13.3.1/../../../../arm-none-eabi/lib/thumb/v7-m/nofp\libc_nano.a(libc_a-memset.o)
                0x08007928                memset
 .text.__libc_init_array
                0x08007938       0x48 C:/ST/STM32CubeIDE_1.18.1/STM32CubeIDE/plugins/com.st.stm32cube.ide.mcu.externaltools.gnu-tools-for-stm32.13.3.rel1.win32_1.0.0.202411081344/tools/bin/../lib/gcc/arm-none-eabi/13.3.1/../../../../arm-none-eabi/lib/thumb/v7-m/nofp\libc_nano.a(libc_a-init.o)
                0x08007938                __libc_init_array
 *(.glue_7)
 .glue_7        0x08007980        0x0 linker stubs
 *(.glue_7t)
 .glue_7t       0x08007980        0x0 linker stubs
 *(.eh_frame)
 .eh_frame      0x08007980        0x0 C:/ST/STM32CubeIDE_1.18.1/STM32CubeIDE/plugins/com.st.stm32cube.ide.mcu.externaltools.gnu-tools-for-stm32.13.3.rel1.win32_1.0.0.202411081344/tools/bin/../lib/gcc/arm-none-eabi/13.3.1/thumb/v7-m/nofp/crtbegin.o
 *(.init)
 .init          0x08007980        0x4 C:/ST/STM32CubeIDE_1.18.1/STM32CubeIDE/plugins/com.st.stm32cube.ide.mcu.externaltools.gnu-tools-for-stm32.13.3.rel1.win32_1.0.0.202411081344/tools/bin/../lib/gcc/arm-none-eabi/13.3.1/thumb/v7-m/nofp/crti.o
                0x08007980                _init
 .init          0x08007984        0x8 C:/ST/STM32CubeIDE_1.18.1/STM32CubeIDE/plugins/com.st.stm32cube.ide.mcu.externaltools.gnu-tools-for-stm32.13.3.rel1.win32_1.0.0.202411081344/tools/bin/../lib/gcc/arm-none-eabi/13.3.1/thumb/v7-m/nofp/crtn.o
 *(.fini)
 .fini          0x0800798c        0x4 C:/ST/STM32CubeIDE_1.18.1/STM32CubeIDE/plugins/com.st.stm32cube.ide.mcu.externaltools.gnu-tools-for-stm32.13.3.rel1.win32_1.0.0.202411081344/tools/bin/../lib/gcc/arm-none-eabi/13.3.1/thumb/v7-m/nofp/crti.o
                0x0800798c                _fini
 .fini          0x08007990        0x8 C:/ST/STM32CubeIDE_1.18.1/STM32CubeIDE/plugins/com.st.stm32cube.ide.mcu.externaltools.gnu-tools-for-stm32.13.3.rel1.win32_1.0.0.202411081344/tools/bin/../lib/gcc/arm-none-eabi/13.3.1/thumb/v7-m/nofp/crtn.o
                0x08007998                        . = ALIGN (0x4)
                0x08007998                        _etext = .

.vfp11_veneer   0x08007998        0x0
 .vfp11_veneer  0x08007998        0x0 linker stubs

.v4_bx          0x08007998        0x0
 .v4_bx         0x08007998        0x0 linker stubs

.iplt           0x08007998        0x0
 .iplt          0x08007998        0x0 C:/ST/STM32CubeIDE_1.18.1/STM32CubeIDE/plugins/com.st.stm32cube.ide.mcu.externaltools.gnu-tools-for-stm32.13.3.rel1.win32_1.0.0.202411081344/tools/bin/../lib/gcc/arm-none-eabi/13.3.1/thumb/v7-m/nofp/crtbegin.o

.rodata         0x08007998       0x6c
                0x08007998                        . = ALIGN (0x4)
 *(.rodata)
 .rodata        0x08007998       0x46 ./USB_DEVICE/App/usbd_desc.o
 *(.rodata*)
 *fill*         0x080079de        0x2 
 .rodata.AHBPrescTable
                0x080079e0       0x10 ./Core/Src/system_stm32f1xx.o
                0x080079e0                AHBPrescTable
 .rodata.aPLLMULFactorTable.1
                0x080079f0       0x10 ./Drivers/STM32F1xx_HAL_Driver/Src/stm32f1xx_hal_rcc.o
 .rodata.aPredivFactorTable.0
                0x08007a00        0x2 ./Drivers/STM32F1xx_HAL_Driver/Src/stm32f1xx_hal_rcc.o
                0x08007a04                        . = ALIGN (0x4)
 *fill*         0x08007a02        0x2 

.ARM.extab      0x08007a04        0x0
                0x08007a04                        . = ALIGN (0x4)
 *(.ARM.extab* .gnu.linkonce.armextab.*)
                0x08007a04                        . = ALIGN (0x4)

.ARM            0x08007a04        0x0
                0x08007a04                        . = ALIGN (0x4)
                0x08007a04                        __exidx_start = .
 *(.ARM.exidx*)
                0x08007a04                        __exidx_end = .
                0x08007a04                        . = ALIGN (0x4)

.preinit_array  0x08007a04        0x0
                0x08007a04                        . = ALIGN (0x4)
                0x08007a04                        PROVIDE (__preinit_array_start = .)
 *(.preinit_array*)
                0x08007a04                        PROVIDE (__preinit_array_end = .)
                0x08007a04                        . = ALIGN (0x4)

.init_array     0x08007a04        0x4
                0x08007a04                        . = ALIGN (0x4)
                0x08007a04                        PROVIDE (__init_array_start = .)
 *(SORT_BY_NAME(.init_array.*))
 *(.init_array*)
 .init_array    0x08007a04        0x4 C:/ST/STM32CubeIDE_1.18.1/STM32CubeIDE/plugins/com.st.stm32cube.ide.mcu.externaltools.gnu-tools-for-stm32.13.3.rel1.win32_1.0.0.202411081344/tools/bin/../lib/gcc/arm-none-eabi/13.3.1/thumb/v7-m/nofp/crtbegin.o
                0x08007a08                        PROVIDE (__init_array_end = .)
                0x08007a08                        . = ALIGN (0x4)

.fini_array     0x08007a08        0x4
                0x08007a08                        . = ALIGN (0x4)
                [!provide]                        PROVIDE (__fini_array_start = .)
 *(SORT_BY_NAME(.fini_array.*))
 *(.fini_array*)
 .fini_array    0x08007a08        0x4 C:/ST/STM32CubeIDE_1.18.1/STM32CubeIDE/plugins/com.st.stm32cube.ide.mcu.externaltools.gnu-tools-for-stm32.13.3.rel1.win32_1.0.0.202411081344/tools/bin/../lib/gcc/arm-none-eabi/13.3.1/thumb/v7-m/nofp/crtbegin.o
                [!provide]                        PROVIDE (__fini_array_end = .)
                0x08007a0c                        . = ALIGN (0x4)
                0x08007a0c                        _sidata = LOADADDR (.data)

.rel.dyn        0x08007a0c        0x0
 .rel.iplt      0x08007a0c        0x0 C:/ST/STM32CubeIDE_1.18.1/STM32CubeIDE/plugins/com.st.stm32cube.ide.mcu.externaltools.gnu-tools-for-stm32.13.3.rel1.win32_1.0.0.202411081344/tools/bin/../lib/gcc/arm-none-eabi/13.3.1/thumb/v7-m/nofp/crtbegin.o

.data           0x20000000       0xf4 load address 0x08007a0c
                0x20000000                        . = ALIGN (0x4)
                0x20000000                        _sdata = .
 *(.data)
 *(.data*)
 .data.SystemCoreClock
                0x20000000        0x4 ./Core/Src/system_stm32f1xx.o
                0x20000000                SystemCoreClock
 .data.uwTickPrio
                0x20000004        0x4 ./Drivers/STM32F1xx_HAL_Driver/Src/stm32f1xx_hal.o
                0x20000004                uwTickPrio
 .data.uwTickFreq
                0x20000008        0x1 ./Drivers/STM32F1xx_HAL_Driver/Src/stm32f1xx_hal.o
                0x20000008                uwTickFreq
 *fill*         0x20000009        0x3 
 .data.USBD_MIDI
                0x2000000c       0x38 ./Middlewares/ST/STM32_USB_Device_Library/Class/MIDI/Src/usbd_midi.o
                0x2000000c                USBD_MIDI
 .data.USBD_MIDI_CfgDesc
                0x20000044       0x53 ./Middlewares/ST/STM32_USB_Device_Library/Class/MIDI/Src/usbd_midi.o
 *fill*         0x20000097        0x1 
 .data.USBD_MIDI_DeviceQualifierDesc
                0x20000098        0xa ./Middlewares/ST/STM32_USB_Device_Library/Class/MIDI/Src/usbd_midi.o
 *fill*         0x200000a2        0x2 
 .data.FS_Desc  0x200000a4       0x1c ./USB_DEVICE/App/usbd_desc.o
                0x200000a4                FS_Desc
 .data.USBD_FS_DeviceDesc
                0x200000c0       0x12 ./USB_DEVICE/App/usbd_desc.o
                0x200000c0                USBD_FS_DeviceDesc
 *fill*         0x200000d2        0x2 
 .data.USBD_LangIDDesc
                0x200000d4        0x4 ./USB_DEVICE/App/usbd_desc.o
                0x200000d4                USBD_LangIDDesc
 .data.USBD_StringSerial
                0x200000d8       0x1a ./USB_DEVICE/App/usbd_desc.o
                0x200000d8                USBD_StringSerial
 *(.RamFunc)
 *(.RamFunc*)
                0x200000f4                        . = ALIGN (0x4)
 *fill*         0x200000f2        0x2 
                0x200000f4                        _edata = .

.igot.plt       0x200000f4        0x0 load address 0x08007b00
 .igot.plt      0x200000f4        0x0 C:/ST/STM32CubeIDE_1.18.1/STM32CubeIDE/plugins/com.st.stm32cube.ide.mcu.externaltools.gnu-tools-for-stm32.13.3.rel1.win32_1.0.0.202411081344/tools/bin/../lib/gcc/arm-none-eabi/13.3.1/thumb/v7-m/nofp/crtbegin.o
                0x200000f4                        . = ALIGN (0x4)

.bss            0x200000f4      0x950 load address 0x08007b00
                0x200000f4                        _sbss = .
                0x200000f4                        __bss_start__ = _sbss
 *(.bss)
 .bss           0x200000f4       0x1c C:/ST/STM32CubeIDE_1.18.1/STM32CubeIDE/plugins/com.st.stm32cube.ide.mcu.externaltools.gnu-tools-for-stm32.13.3.rel1.win32_1.0.0.202411081344/tools/bin/../lib/gcc/arm-none-eabi/13.3.1/thumb/v7-m/nofp/crtbegin.o
 *(.bss*)
 .bss.htim1     0x20000110       0x48 ./Core/Src/main.o
                0x20000110                htim1
 .bss.htim2     0x20000158       0x48 ./Core/Src/main.o
                0x20000158                htim2
 .bss.htim3     0x200001a0       0x48 ./Core/Src/main.o
                0x200001a0                htim3
 .bss.htim4     0x200001e8       0x48 ./Core/Src/main.o
                0x200001e8                htim4
 .bss.encoder   0x20000230       0x10 ./Core/Src/main.o
                0x20000230                encoder
 .bss.previous_encoder_value
                0x20000240        0x8 ./Core/Src/main.o
                0x20000240                previous_encoder_value
 .bss.previous_tick_value.0
                0x20000248        0x4 ./Core/Src/main.o
 .bss.uwTick    0x2000024c        0x4 ./Drivers/STM32F1xx_HAL_Driver/Src/stm32f1xx_hal.o
                0x2000024c                uwTick
 .bss.usb_rx_buffer
                0x20000250       0x40 ./Middlewares/ST/STM32_USB_Device_Library/Class/MIDI/Src/usbd_midi.o
 .bss.cfgidx.0  0x20000290        0x1 ./Middlewares/ST/STM32_USB_Device_Library/Core/Src/usbd_ctlreq.o
 *fill*         0x20000291        0x3 
 .bss.hUsbDeviceFS
                0x20000294      0x2c4 ./USB_DEVICE/App/usb_device.o
                0x20000294                hUsbDeviceFS
 .bss.USBD_StrDesc
                0x20000558      0x200 ./USB_DEVICE/App/usbd_desc.o
                0x20000558                USBD_StrDesc
 .bss.hpcd_USB_FS
                0x20000758      0x2d8 ./USB_DEVICE/Target/usbd_conf.o
                0x20000758                hpcd_USB_FS
 .bss.mem.0     0x20000a30       0x14 ./USB_DEVICE/Target/usbd_conf.o
 *(COMMON)
                0x20000a44                        . = ALIGN (0x4)
                0x20000a44                        _ebss = .
                0x20000a44                        __bss_end__ = _ebss

._user_heap_stack
                0x20000a44      0x604 load address 0x08007b00
                0x20000a48                        . = ALIGN (0x8)
 *fill*         0x20000a44        0x4 
                [!provide]                        PROVIDE (end = .)
                0x20000a48                        PROVIDE (_end = .)
                0x20000c48                        . = (. + _Min_Heap_Size)
 *fill*         0x20000a48      0x200 
                0x20001048                        . = (. + _Min_Stack_Size)
 *fill*         0x20000c48      0x400 
                0x20001048                        . = ALIGN (0x8)

/DISCARD/
 libc.a(*)
 libm.a(*)
 libgcc.a(*)

.ARM.attributes
                0x00000000       0x29
 *(.ARM.attributes)
 .ARM.attributes
                0x00000000       0x1d C:/ST/STM32CubeIDE_1.18.1/STM32CubeIDE/plugins/com.st.stm32cube.ide.mcu.externaltools.gnu-tools-for-stm32.13.3.rel1.win32_1.0.0.202411081344/tools/bin/../lib/gcc/arm-none-eabi/13.3.1/thumb/v7-m/nofp/crti.o
 .ARM.attributes
                0x0000001d       0x2d C:/ST/STM32CubeIDE_1.18.1/STM32CubeIDE/plugins/com.st.stm32cube.ide.mcu.externaltools.gnu-tools-for-stm32.13.3.rel1.win32_1.0.0.202411081344/tools/bin/../lib/gcc/arm-none-eabi/13.3.1/thumb/v7-m/nofp/crtbegin.o
 .ARM.attributes
                0x0000004a       0x2d ./Core/Src/main.o
 .ARM.attributes
                0x00000077       0x2d ./Core/Src/stm32f1xx_hal_msp.o
 .ARM.attributes
                0x000000a4       0x2d ./Core/Src/stm32f1xx_it.o
 .ARM.attributes
                0x000000d1       0x2d ./Core/Src/system_stm32f1xx.o
 .ARM.attributes
                0x000000fe       0x21 ./Core/Startup/startup_stm32f103c8tx.o
 .ARM.attributes
                0x0000011f       0x2d ./Drivers/STM32F1xx_HAL_Driver/Src/stm32f1xx_hal.o
 .ARM.attributes
                0x0000014c       0x2d ./Drivers/STM32F1xx_HAL_Driver/Src/stm32f1xx_hal_cortex.o
 .ARM.attributes
                0x00000179       0x2d ./Drivers/STM32F1xx_HAL_Driver/Src/stm32f1xx_hal_gpio.o
 .ARM.attributes
                0x000001a6       0x2d ./Drivers/STM32F1xx_HAL_Driver/Src/stm32f1xx_hal_pcd.o
 .ARM.attributes
                0x000001d3       0x2d ./Drivers/STM32F1xx_HAL_Driver/Src/stm32f1xx_hal_pcd_ex.o
 .ARM.attributes
                0x00000200       0x2d ./Drivers/STM32F1xx_HAL_Driver/Src/stm32f1xx_hal_rcc.o
 .ARM.attributes
                0x0000022d       0x2d ./Drivers/STM32F1xx_HAL_Driver/Src/stm32f1xx_hal_rcc_ex.o
 .ARM.attributes
                0x0000025a       0x2d ./Drivers/STM32F1xx_HAL_Driver/Src/stm32f1xx_hal_tim.o
 .ARM.attributes
                0x00000287       0x2d ./Drivers/STM32F1xx_HAL_Driver/Src/stm32f1xx_hal_tim_ex.o
 .ARM.attributes
                0x000002b4       0x2d ./Drivers/STM32F1xx_HAL_Driver/Src/stm32f1xx_ll_usb.o
 .ARM.attributes
                0x000002e1       0x2d ./Middlewares/ST/STM32_USB_Device_Library/Class/MIDI/Src/usbd_midi.o
 .ARM.attributes
                0x0000030e       0x2d ./Middlewares/ST/STM32_USB_Device_Library/Core/Src/usbd_core.o
 .ARM.attributes
                0x0000033b       0x2d ./Middlewares/ST/STM32_USB_Device_Library/Core/Src/usbd_ctlreq.o
 .ARM.attributes
                0x00000368       0x2d ./Middlewares/ST/STM32_USB_Device_Library/Core/Src/usbd_ioreq.o
 .ARM.attributes
                0x00000395       0x2d ./USB_DEVICE/App/usb_device.o
 .ARM.attributes
                0x000003c2       0x2d ./USB_DEVICE/App/usbd_desc.o
 .ARM.attributes
                0x000003ef       0x2d ./USB_DEVICE/Target/usbd_conf.o
 .ARM.attributes
                0x0000041c       0x2d C:/ST/STM32CubeIDE_1.18.1/STM32CubeIDE/plugins/com.st.stm32cube.ide.mcu.externaltools.gnu-tools-for-stm32.13.3.rel1.win32_1.0.0.202411081344/tools/bin/../lib/gcc/arm-none-eabi/13.3.1/../../../../arm-none-eabi/lib/thumb/v7-m/nofp\libc_nano.a(libc_a-memset.o)
 .ARM.attributes
                0x00000449       0x2d C:/ST/STM32CubeIDE_1.18.1/STM32CubeIDE/plugins/com.st.stm32cube.ide.mcu.externaltools.gnu-tools-for-stm32.13.3.rel1.win32_1.0.0.202411081344/tools/bin/../lib/gcc/arm-none-eabi/13.3.1/../../../../arm-none-eabi/lib/thumb/v7-m/nofp\libc_nano.a(libc_a-init.o)
 .ARM.attributes
                0x00000476       0x1d C:/ST/STM32CubeIDE_1.18.1/STM32CubeIDE/plugins/com.st.stm32cube.ide.mcu.externaltools.gnu-tools-for-stm32.13.3.rel1.win32_1.0.0.202411081344/tools/bin/../lib/gcc/arm-none-eabi/13.3.1/thumb/v7-m/nofp/crtn.o
OUTPUT(quadrature_to_usb_midi.elf elf32-littlearm)
LOAD linker stubs
LOAD C:/ST/STM32CubeIDE_1.18.1/STM32CubeIDE/plugins/com.st.stm32cube.ide.mcu.externaltools.gnu-tools-for-stm32.13.3.rel1.win32_1.0.0.202411081344/tools/bin/../lib/gcc/arm-none-eabi/13.3.1/../../../../arm-none-eabi/lib/thumb/v7-m/nofp\libc.a
LOAD C:/ST/STM32CubeIDE_1.18.1/STM32CubeIDE/plugins/com.st.stm32cube.ide.mcu.externaltools.gnu-tools-for-stm32.13.3.rel1.win32_1.0.0.202411081344/tools/bin/../lib/gcc/arm-none-eabi/13.3.1/../../../../arm-none-eabi/lib/thumb/v7-m/nofp\libm.a
LOAD C:/ST/STM32CubeIDE_1.18.1/STM32CubeIDE/plugins/com.st.stm32cube.ide.mcu.externaltools.gnu-tools-for-stm32.13.3.rel1.win32_1.0.0.202411081344/tools/bin/../lib/gcc/arm-none-eabi/13.3.1/thumb/v7-m/nofp\libgcc.a

.debug_info     0x00000000    0x103f0
 .debug_info    0x00000000     0x11f6 ./Core/Src/main.o
 .debug_info    0x000011f6      0x97e ./Core/Src/stm32f1xx_hal_msp.o
 .debug_info    0x00001b74      0x602 ./Core/Src/stm32f1xx_it.o
 .debug_info    0x00002176      0x222 ./Core/Src/system_stm32f1xx.o
 .debug_info    0x00002398       0x30 ./Core/Startup/startup_stm32f103c8tx.o
 .debug_info    0x000023c8      0x704 ./Drivers/STM32F1xx_HAL_Driver/Src/stm32f1xx_hal.o
 .debug_info    0x00002acc      0xa87 ./Drivers/STM32F1xx_HAL_Driver/Src/stm32f1xx_hal_cortex.o
 .debug_info    0x00003553      0x5ab ./Drivers/STM32F1xx_HAL_Driver/Src/stm32f1xx_hal_gpio.o
 .debug_info    0x00003afe     0x16dc ./Drivers/STM32F1xx_HAL_Driver/Src/stm32f1xx_hal_pcd.o
 .debug_info    0x000051da      0x6c3 ./Drivers/STM32F1xx_HAL_Driver/Src/stm32f1xx_hal_pcd_ex.o
 .debug_info    0x0000589d      0x7d5 ./Drivers/STM32F1xx_HAL_Driver/Src/stm32f1xx_hal_rcc.o
 .debug_info    0x00006072      0x3c0 ./Drivers/STM32F1xx_HAL_Driver/Src/stm32f1xx_hal_rcc_ex.o
 .debug_info    0x00006432     0x2959 ./Drivers/STM32F1xx_HAL_Driver/Src/stm32f1xx_hal_tim.o
 .debug_info    0x00008d8b     0x149b ./Drivers/STM32F1xx_HAL_Driver/Src/stm32f1xx_hal_tim_ex.o
 .debug_info    0x0000a226     0x17ae ./Drivers/STM32F1xx_HAL_Driver/Src/stm32f1xx_ll_usb.o
 .debug_info    0x0000b9d4      0xe33 ./Middlewares/ST/STM32_USB_Device_Library/Class/MIDI/Src/usbd_midi.o
 .debug_info    0x0000c807      0xa52 ./Middlewares/ST/STM32_USB_Device_Library/Core/Src/usbd_core.o
 .debug_info    0x0000d259      0x91c ./Middlewares/ST/STM32_USB_Device_Library/Core/Src/usbd_ctlreq.o
 .debug_info    0x0000db75      0x6a0 ./Middlewares/ST/STM32_USB_Device_Library/Core/Src/usbd_ioreq.o
 .debug_info    0x0000e215      0x53a ./USB_DEVICE/App/usb_device.o
 .debug_info    0x0000e74f      0x44a ./USB_DEVICE/App/usbd_desc.o
 .debug_info    0x0000eb99     0x1857 ./USB_DEVICE/Target/usbd_conf.o

.debug_abbrev   0x00000000     0x2e30
 .debug_abbrev  0x00000000      0x35c ./Core/Src/main.o
 .debug_abbrev  0x0000035c      0x1b6 ./Core/Src/stm32f1xx_hal_msp.o
 .debug_abbrev  0x00000512      0x192 ./Core/Src/stm32f1xx_it.o
 .debug_abbrev  0x000006a4      0x13f ./Core/Src/system_stm32f1xx.o
 .debug_abbrev  0x000007e3       0x24 ./Core/Startup/startup_stm32f103c8tx.o
 .debug_abbrev  0x00000807      0x201 ./Drivers/STM32F1xx_HAL_Driver/Src/stm32f1xx_hal.o
 .debug_abbrev  0x00000a08      0x2f8 ./Drivers/STM32F1xx_HAL_Driver/Src/stm32f1xx_hal_cortex.o
 .debug_abbrev  0x00000d00      0x1ca ./Drivers/STM32F1xx_HAL_Driver/Src/stm32f1xx_hal_gpio.o
 .debug_abbrev  0x00000eca      0x2d6 ./Drivers/STM32F1xx_HAL_Driver/Src/stm32f1xx_hal_pcd.o
 .debug_abbrev  0x000011a0      0x189 ./Drivers/STM32F1xx_HAL_Driver/Src/stm32f1xx_hal_pcd_ex.o
 .debug_abbrev  0x00001329      0x2b3 ./Drivers/STM32F1xx_HAL_Driver/Src/stm32f1xx_hal_rcc.o
 .debug_abbrev  0x000015dc      0x188 ./Drivers/STM32F1xx_HAL_Driver/Src/stm32f1xx_hal_rcc_ex.o
 .debug_abbrev  0x00001764      0x277 ./Drivers/STM32F1xx_HAL_Driver/Src/stm32f1xx_hal_tim.o
 .debug_abbrev  0x000019db      0x282 ./Drivers/STM32F1xx_HAL_Driver/Src/stm32f1xx_hal_tim_ex.o
 .debug_abbrev  0x00001c5d      0x1de ./Drivers/STM32F1xx_HAL_Driver/Src/stm32f1xx_ll_usb.o
 .debug_abbrev  0x00001e3b      0x311 ./Middlewares/ST/STM32_USB_Device_Library/Class/MIDI/Src/usbd_midi.o
 .debug_abbrev  0x0000214c      0x24a ./Middlewares/ST/STM32_USB_Device_Library/Core/Src/usbd_core.o
 .debug_abbrev  0x00002396      0x26b ./Middlewares/ST/STM32_USB_Device_Library/Core/Src/usbd_ctlreq.o
 .debug_abbrev  0x00002601      0x192 ./Middlewares/ST/STM32_USB_Device_Library/Core/Src/usbd_ioreq.o
 .debug_abbrev  0x00002793      0x188 ./USB_DEVICE/App/usb_device.o
 .debug_abbrev  0x0000291b      0x1ff ./USB_DEVICE/App/usbd_desc.o
 .debug_abbrev  0x00002b1a      0x316 ./USB_DEVICE/Target/usbd_conf.o

.debug_aranges  0x00000000      0xfb8
 .debug_aranges
                0x00000000       0x88 ./Core/Src/main.o
 .debug_aranges
                0x00000088       0x30 ./Core/Src/stm32f1xx_hal_msp.o
 .debug_aranges
                0x000000b8       0x68 ./Core/Src/stm32f1xx_it.o
 .debug_aranges
                0x00000120       0x28 ./Core/Src/system_stm32f1xx.o
 .debug_aranges
                0x00000148       0x28 ./Core/Startup/startup_stm32f103c8tx.o
 .debug_aranges
                0x00000170       0xe0 ./Drivers/STM32F1xx_HAL_Driver/Src/stm32f1xx_hal.o
 .debug_aranges
                0x00000250      0x100 ./Drivers/STM32F1xx_HAL_Driver/Src/stm32f1xx_hal_cortex.o
 .debug_aranges
                0x00000350       0x58 ./Drivers/STM32F1xx_HAL_Driver/Src/stm32f1xx_hal_gpio.o
 .debug_aranges
                0x000003a8      0x140 ./Drivers/STM32F1xx_HAL_Driver/Src/stm32f1xx_hal_pcd.o
 .debug_aranges
                0x000004e8       0x38 ./Drivers/STM32F1xx_HAL_Driver/Src/stm32f1xx_hal_pcd_ex.o
 .debug_aranges
                0x00000520       0x90 ./Drivers/STM32F1xx_HAL_Driver/Src/stm32f1xx_hal_rcc.o
 .debug_aranges
                0x000005b0       0x30 ./Drivers/STM32F1xx_HAL_Driver/Src/stm32f1xx_hal_rcc_ex.o
 .debug_aranges
                0x000005e0      0x3d0 ./Drivers/STM32F1xx_HAL_Driver/Src/stm32f1xx_hal_tim.o
 .debug_aranges
                0x000009b0      0x168 ./Drivers/STM32F1xx_HAL_Driver/Src/stm32f1xx_hal_tim_ex.o
 .debug_aranges
                0x00000b18       0xf8 ./Drivers/STM32F1xx_HAL_Driver/Src/stm32f1xx_ll_usb.o
 .debug_aranges
                0x00000c10       0x80 ./Middlewares/ST/STM32_USB_Device_Library/Class/MIDI/Src/usbd_midi.o
 .debug_aranges
                0x00000c90       0xb8 ./Middlewares/ST/STM32_USB_Device_Library/Core/Src/usbd_core.o
 .debug_aranges
                0x00000d48       0x88 ./Middlewares/ST/STM32_USB_Device_Library/Core/Src/usbd_ctlreq.o
 .debug_aranges
                0x00000dd0       0x50 ./Middlewares/ST/STM32_USB_Device_Library/Core/Src/usbd_ioreq.o
 .debug_aranges
                0x00000e20       0x20 ./USB_DEVICE/App/usb_device.o
 .debug_aranges
                0x00000e40       0x60 ./USB_DEVICE/App/usbd_desc.o
 .debug_aranges
                0x00000ea0      0x118 ./USB_DEVICE/Target/usbd_conf.o

.debug_rnglists
                0x00000000      0xbed
 .debug_rnglists
                0x00000000       0x68 ./Core/Src/main.o
 .debug_rnglists
                0x00000068       0x21 ./Core/Src/stm32f1xx_hal_msp.o
 .debug_rnglists
                0x00000089       0x49 ./Core/Src/stm32f1xx_it.o
 .debug_rnglists
                0x000000d2       0x1a ./Core/Src/system_stm32f1xx.o
 .debug_rnglists
                0x000000ec       0x19 ./Core/Startup/startup_stm32f103c8tx.o
 .debug_rnglists
                0x00000105       0xa3 ./Drivers/STM32F1xx_HAL_Driver/Src/stm32f1xx_hal.o
 .debug_rnglists
                0x000001a8       0xbb ./Drivers/STM32F1xx_HAL_Driver/Src/stm32f1xx_hal_cortex.o
 .debug_rnglists
                0x00000263       0x3f ./Drivers/STM32F1xx_HAL_Driver/Src/stm32f1xx_hal_gpio.o
 .debug_rnglists
                0x000002a2       0xf4 ./Drivers/STM32F1xx_HAL_Driver/Src/stm32f1xx_hal_pcd.o
 .debug_rnglists
                0x00000396       0x26 ./Drivers/STM32F1xx_HAL_Driver/Src/stm32f1xx_hal_pcd_ex.o
 .debug_rnglists
                0x000003bc       0x6c ./Drivers/STM32F1xx_HAL_Driver/Src/stm32f1xx_hal_rcc.o
 .debug_rnglists
                0x00000428       0x21 ./Drivers/STM32F1xx_HAL_Driver/Src/stm32f1xx_hal_rcc_ex.o
 .debug_rnglists
                0x00000449      0x31a ./Drivers/STM32F1xx_HAL_Driver/Src/stm32f1xx_hal_tim.o
 .debug_rnglists
                0x00000763      0x125 ./Drivers/STM32F1xx_HAL_Driver/Src/stm32f1xx_hal_tim_ex.o
 .debug_rnglists
                0x00000888       0xbd ./Drivers/STM32F1xx_HAL_Driver/Src/stm32f1xx_ll_usb.o
 .debug_rnglists
                0x00000945       0x5c ./Middlewares/ST/STM32_USB_Device_Library/Class/MIDI/Src/usbd_midi.o
 .debug_rnglists
                0x000009a1       0x89 ./Middlewares/ST/STM32_USB_Device_Library/Core/Src/usbd_core.o
 .debug_rnglists
                0x00000a2a       0x68 ./Middlewares/ST/STM32_USB_Device_Library/Core/Src/usbd_ctlreq.o
 .debug_rnglists
                0x00000a92       0x37 ./Middlewares/ST/STM32_USB_Device_Library/Core/Src/usbd_ioreq.o
 .debug_rnglists
                0x00000ac9       0x13 ./USB_DEVICE/App/usb_device.o
 .debug_rnglists
                0x00000adc       0x43 ./USB_DEVICE/App/usbd_desc.o
 .debug_rnglists
                0x00000b1f       0xce ./USB_DEVICE/Target/usbd_conf.o

.debug_macro    0x00000000    0x19a3c
 .debug_macro   0x00000000      0x36b ./Core/Src/main.o
 .debug_macro   0x0000036b      0xacc ./Core/Src/main.o
 .debug_macro   0x00000e37      0x21b ./Core/Src/main.o
 .debug_macro   0x00001052       0x2e ./Core/Src/main.o
 .debug_macro   0x00001080       0x22 ./Core/Src/main.o
 .debug_macro   0x000010a2       0x22 ./Core/Src/main.o
 .debug_macro   0x000010c4       0x8e ./Core/Src/main.o
 .debug_macro   0x00001152       0x51 ./Core/Src/main.o
 .debug_macro   0x000011a3      0x103 ./Core/Src/main.o
 .debug_macro   0x000012a6       0x6a ./Core/Src/main.o
 .debug_macro   0x00001310      0x1df ./Core/Src/main.o
 .debug_macro   0x000014ef       0x1c ./Core/Src/main.o
 .debug_macro   0x0000150b       0x22 ./Core/Src/main.o
 .debug_macro   0x0000152d       0xbd ./Core/Src/main.o
 .debug_macro   0x000015ea      0xd23 ./Core/Src/main.o
 .debug_macro   0x0000230d     0xe09e ./Core/Src/main.o
 .debug_macro   0x000103ab       0x6d ./Core/Src/main.o
 .debug_macro   0x00010418     0x34a2 ./Core/Src/main.o
 .debug_macro   0x000138ba      0x190 ./Core/Src/main.o
 .debug_macro   0x00013a4a       0x5c ./Core/Src/main.o
 .debug_macro   0x00013aa6      0x5bc ./Core/Src/main.o
 .debug_macro   0x00014062      0x289 ./Core/Src/main.o
 .debug_macro   0x000142eb      0x1cb ./Core/Src/main.o
 .debug_macro   0x000144b6      0x114 ./Core/Src/main.o
 .debug_macro   0x000145ca      0x1b2 ./Core/Src/main.o
 .debug_macro   0x0001477c       0x27 ./Core/Src/main.o
 .debug_macro   0x000147a3      0x136 ./Core/Src/main.o
 .debug_macro   0x000148d9      0x1bc ./Core/Src/main.o
 .debug_macro   0x00014a95       0x34 ./Core/Src/main.o
 .debug_macro   0x00014ac9       0x3c ./Core/Src/main.o
 .debug_macro   0x00014b05       0x57 ./Core/Src/main.o
 .debug_macro   0x00014b5c       0x87 ./Core/Src/main.o
 .debug_macro   0x00014be3      0x240 ./Core/Src/main.o
 .debug_macro   0x00014e23      0x140 ./Core/Src/main.o
 .debug_macro   0x00014f63      0x8ed ./Core/Src/main.o
 .debug_macro   0x00015850       0xb7 ./Core/Src/main.o
 .debug_macro   0x00015907      0x242 ./Core/Src/main.o
 .debug_macro   0x00015b49       0x83 ./Core/Src/main.o
 .debug_macro   0x00015bcc       0x16 ./Core/Src/main.o
 .debug_macro   0x00015be2       0x61 ./Core/Src/main.o
 .debug_macro   0x00015c43       0x24 ./Core/Src/main.o
 .debug_macro   0x00015c67       0x43 ./Core/Src/main.o
 .debug_macro   0x00015caa       0x34 ./Core/Src/main.o
 .debug_macro   0x00015cde       0x16 ./Core/Src/main.o
 .debug_macro   0x00015cf4       0x3c ./Core/Src/main.o
 .debug_macro   0x00015d30      0x370 ./Core/Src/main.o
 .debug_macro   0x000160a0       0x10 ./Core/Src/main.o
 .debug_macro   0x000160b0       0x16 ./Core/Src/main.o
 .debug_macro   0x000160c6       0x4a ./Core/Src/main.o
 .debug_macro   0x00016110       0x34 ./Core/Src/main.o
 .debug_macro   0x00016144       0x10 ./Core/Src/main.o
 .debug_macro   0x00016154       0x58 ./Core/Src/main.o
 .debug_macro   0x000161ac       0x8e ./Core/Src/main.o
 .debug_macro   0x0001623a       0x1c ./Core/Src/main.o
 .debug_macro   0x00016256      0x185 ./Core/Src/main.o
 .debug_macro   0x000163db       0x16 ./Core/Src/main.o
 .debug_macro   0x000163f1       0x16 ./Core/Src/main.o
 .debug_macro   0x00016407      0x146 ./Core/Src/main.o
 .debug_macro   0x0001654d       0x16 ./Core/Src/main.o
 .debug_macro   0x00016563       0x16 ./Core/Src/main.o
 .debug_macro   0x00016579       0x29 ./Core/Src/main.o
 .debug_macro   0x000165a2       0x16 ./Core/Src/main.o
 .debug_macro   0x000165b8       0x20 ./Core/Src/main.o
 .debug_macro   0x000165d8       0x5f ./Core/Src/main.o
 .debug_macro   0x00016637      0x1c8 ./Core/Src/main.o
 .debug_macro   0x000167ff      0x112 ./Core/Src/main.o
 .debug_macro   0x00016911      0x1cc ./Core/Src/stm32f1xx_hal_msp.o
 .debug_macro   0x00016add      0x1d6 ./Core/Src/stm32f1xx_it.o
 .debug_macro   0x00016cb3      0x1bd ./Core/Src/system_stm32f1xx.o
 .debug_macro   0x00016e70      0x1e1 ./Drivers/STM32F1xx_HAL_Driver/Src/stm32f1xx_hal.o
 .debug_macro   0x00017051      0x1bd ./Drivers/STM32F1xx_HAL_Driver/Src/stm32f1xx_hal_cortex.o
 .debug_macro   0x0001720e      0x228 ./Drivers/STM32F1xx_HAL_Driver/Src/stm32f1xx_hal_gpio.o
 .debug_macro   0x00017436      0x1c9 ./Drivers/STM32F1xx_HAL_Driver/Src/stm32f1xx_hal_pcd.o
 .debug_macro   0x000175ff      0x1bd ./Drivers/STM32F1xx_HAL_Driver/Src/stm32f1xx_hal_pcd_ex.o
 .debug_macro   0x000177bc      0x1cf ./Drivers/STM32F1xx_HAL_Driver/Src/stm32f1xx_hal_rcc.o
 .debug_macro   0x0001798b      0x1bd ./Drivers/STM32F1xx_HAL_Driver/Src/stm32f1xx_hal_rcc_ex.o
 .debug_macro   0x00017b48      0x1be ./Drivers/STM32F1xx_HAL_Driver/Src/stm32f1xx_hal_tim.o
 .debug_macro   0x00017d06      0x1bd ./Drivers/STM32F1xx_HAL_Driver/Src/stm32f1xx_hal_tim_ex.o
 .debug_macro   0x00017ec3      0x1bd ./Drivers/STM32F1xx_HAL_Driver/Src/stm32f1xx_ll_usb.o
 .debug_macro   0x00018080      0x36e ./Middlewares/ST/STM32_USB_Device_Library/Class/MIDI/Src/usbd_midi.o
 .debug_macro   0x000183ee       0x1c ./Middlewares/ST/STM32_USB_Device_Library/Class/MIDI/Src/usbd_midi.o
 .debug_macro   0x0001840a      0x342 ./Middlewares/ST/STM32_USB_Device_Library/Core/Src/usbd_core.o
 .debug_macro   0x0001874c      0x1ce ./Middlewares/ST/STM32_USB_Device_Library/Core/Src/usbd_core.o
 .debug_macro   0x0001891a      0x34c ./Middlewares/ST/STM32_USB_Device_Library/Core/Src/usbd_ctlreq.o
 .debug_macro   0x00018c66      0x348 ./Middlewares/ST/STM32_USB_Device_Library/Core/Src/usbd_ioreq.o
 .debug_macro   0x00018fae      0x372 ./USB_DEVICE/App/usb_device.o
 .debug_macro   0x00019320       0x1c ./USB_DEVICE/App/usb_device.o
 .debug_macro   0x0001933c       0x22 ./USB_DEVICE/App/usb_device.o
 .debug_macro   0x0001935e      0x37f ./USB_DEVICE/App/usbd_desc.o
 .debug_macro   0x000196dd      0x35f ./USB_DEVICE/Target/usbd_conf.o

.debug_line     0x00000000    0x12e67
 .debug_line    0x00000000      0xdb5 ./Core/Src/main.o
 .debug_line    0x00000db5      0x7f8 ./Core/Src/stm32f1xx_hal_msp.o
 .debug_line    0x000015ad      0x7f2 ./Core/Src/stm32f1xx_it.o
 .debug_line    0x00001d9f      0x7aa ./Core/Src/system_stm32f1xx.o
 .debug_line    0x00002549       0x78 ./Core/Startup/startup_stm32f103c8tx.o
 .debug_line    0x000025c1      0x9db ./Drivers/STM32F1xx_HAL_Driver/Src/stm32f1xx_hal.o
 .debug_line    0x00002f9c      0xba5 ./Drivers/STM32F1xx_HAL_Driver/Src/stm32f1xx_hal_cortex.o
 .debug_line    0x00003b41      0xa38 ./Drivers/STM32F1xx_HAL_Driver/Src/stm32f1xx_hal_gpio.o
 .debug_line    0x00004579     0x1360 ./Drivers/STM32F1xx_HAL_Driver/Src/stm32f1xx_hal_pcd.o
 .debug_line    0x000058d9      0x7a5 ./Drivers/STM32F1xx_HAL_Driver/Src/stm32f1xx_hal_pcd_ex.o
 .debug_line    0x0000607e      0xe94 ./Drivers/STM32F1xx_HAL_Driver/Src/stm32f1xx_hal_rcc.o
 .debug_line    0x00006f12      0x945 ./Drivers/STM32F1xx_HAL_Driver/Src/stm32f1xx_hal_rcc_ex.o
 .debug_line    0x00007857     0x34c9 ./Drivers/STM32F1xx_HAL_Driver/Src/stm32f1xx_hal_tim.o
 .debug_line    0x0000ad20     0x189f ./Drivers/STM32F1xx_HAL_Driver/Src/stm32f1xx_hal_tim_ex.o
 .debug_line    0x0000c5bf     0x114b ./Drivers/STM32F1xx_HAL_Driver/Src/stm32f1xx_ll_usb.o
 .debug_line    0x0000d70a      0xc61 ./Middlewares/ST/STM32_USB_Device_Library/Class/MIDI/Src/usbd_midi.o
 .debug_line    0x0000e36b      0xd89 ./Middlewares/ST/STM32_USB_Device_Library/Core/Src/usbd_core.o
 .debug_line    0x0000f0f4      0xfd3 ./Middlewares/ST/STM32_USB_Device_Library/Core/Src/usbd_ctlreq.o
 .debug_line    0x000100c7      0xa3f ./Middlewares/ST/STM32_USB_Device_Library/Core/Src/usbd_ioreq.o
 .debug_line    0x00010b06      0xa5a ./USB_DEVICE/App/usb_device.o
 .debug_line    0x00011560      0xab8 ./USB_DEVICE/App/usbd_desc.o
 .debug_line    0x00012018      0xe4f ./USB_DEVICE/Target/usbd_conf.o

.debug_str      0x00000000    0x8cf4f
 .debug_str     0x00000000    0x8cf4f ./Core/Src/main.o
                              0x89b3a (size before relaxing)
 .debug_str     0x0008cf4f    0x84aed ./Core/Src/stm32f1xx_hal_msp.o
 .debug_str     0x0008cf4f    0x84964 ./Core/Src/stm32f1xx_it.o
 .debug_str     0x0008cf4f    0x84574 ./Core/Src/system_stm32f1xx.o
 .debug_str     0x0008cf4f       0xb5 ./Core/Startup/startup_stm32f103c8tx.o
 .debug_str     0x0008cf4f    0x84ca7 ./Drivers/STM32F1xx_HAL_Driver/Src/stm32f1xx_hal.o
 .debug_str     0x0008cf4f    0x84bf3 ./Drivers/STM32F1xx_HAL_Driver/Src/stm32f1xx_hal_cortex.o
 .debug_str     0x0008cf4f    0x848fa ./Drivers/STM32F1xx_HAL_Driver/Src/stm32f1xx_hal_gpio.o
 .debug_str     0x0008cf4f    0x84e91 ./Drivers/STM32F1xx_HAL_Driver/Src/stm32f1xx_hal_pcd.o
 .debug_str     0x0008cf4f    0x849f3 ./Drivers/STM32F1xx_HAL_Driver/Src/stm32f1xx_hal_pcd_ex.o
 .debug_str     0x0008cf4f    0x849a3 ./Drivers/STM32F1xx_HAL_Driver/Src/stm32f1xx_hal_rcc.o
 .debug_str     0x0008cf4f    0x846f3 ./Drivers/STM32F1xx_HAL_Driver/Src/stm32f1xx_hal_rcc_ex.o
 .debug_str     0x0008cf4f    0x859a5 ./Drivers/STM32F1xx_HAL_Driver/Src/stm32f1xx_hal_tim.o
 .debug_str     0x0008cf4f    0x851b1 ./Drivers/STM32F1xx_HAL_Driver/Src/stm32f1xx_hal_tim_ex.o
 .debug_str     0x0008cf4f    0x84a45 ./Drivers/STM32F1xx_HAL_Driver/Src/stm32f1xx_ll_usb.o
 .debug_str     0x0008cf4f    0x89798 ./Middlewares/ST/STM32_USB_Device_Library/Class/MIDI/Src/usbd_midi.o
 .debug_str     0x0008cf4f    0x88e47 ./Middlewares/ST/STM32_USB_Device_Library/Core/Src/usbd_core.o
 .debug_str     0x0008cf4f    0x88d61 ./Middlewares/ST/STM32_USB_Device_Library/Core/Src/usbd_ctlreq.o
 .debug_str     0x0008cf4f    0x88c8e ./Middlewares/ST/STM32_USB_Device_Library/Core/Src/usbd_ioreq.o
 .debug_str     0x0008cf4f    0x8921b ./USB_DEVICE/App/usb_device.o
 .debug_str     0x0008cf4f    0x88bca ./USB_DEVICE/App/usbd_desc.o
 .debug_str     0x0008cf4f    0x89d58 ./USB_DEVICE/Target/usbd_conf.o

.comment        0x00000000       0x43
 .comment       0x00000000       0x43 ./Core/Src/main.o
                                 0x44 (size before relaxing)
 .comment       0x00000043       0x44 ./Core/Src/stm32f1xx_hal_msp.o
 .comment       0x00000043       0x44 ./Core/Src/stm32f1xx_it.o
 .comment       0x00000043       0x44 ./Core/Src/system_stm32f1xx.o
 .comment       0x00000043       0x44 ./Drivers/STM32F1xx_HAL_Driver/Src/stm32f1xx_hal.o
 .comment       0x00000043       0x44 ./Drivers/STM32F1xx_HAL_Driver/Src/stm32f1xx_hal_cortex.o
 .comment       0x00000043       0x44 ./Drivers/STM32F1xx_HAL_Driver/Src/stm32f1xx_hal_gpio.o
 .comment       0x00000043       0x44 ./Drivers/STM32F1xx_HAL_Driver/Src/stm32f1xx_hal_pcd.o
 .comment       0x00000043       0x44 ./Drivers/STM32F1xx_HAL_Driver/Src/stm32f1xx_hal_pcd_ex.o
 .comment       0x00000043       0x44 ./Drivers/STM32F1xx_HAL_Driver/Src/stm32f1xx_hal_rcc.o
 .comment       0x00000043       0x44 ./Drivers/STM32F1xx_HAL_Driver/Src/stm32f1xx_hal_rcc_ex.o
 .comment       0x00000043       0x44 ./Drivers/STM32F1xx_HAL_Driver/Src/stm32f1xx_hal_tim.o
 .comment       0x00000043       0x44 ./Drivers/STM32F1xx_HAL_Driver/Src/stm32f1xx_hal_tim_ex.o
 .comment       0x00000043       0x44 ./Drivers/STM32F1xx_HAL_Driver/Src/stm32f1xx_ll_usb.o
 .comment       0x00000043       0x44 ./Middlewares/ST/STM32_USB_Device_Library/Class/MIDI/Src/usbd_midi.o
 .comment       0x00000043       0x44 ./Middlewares/ST/STM32_USB_Device_Library/Core/Src/usbd_core.o
 .comment       0x00000043       0x44 ./Middlewares/ST/STM32_USB_Device_Library/Core/Src/usbd_ctlreq.o
 .comment       0x00000043       0x44 ./Middlewares/ST/STM32_USB_Device_Library/Core/Src/usbd_ioreq.o
 .comment       0x00000043       0x44 ./USB_DEVICE/App/usb_device.o
 .comment       0x00000043       0x44 ./USB_DEVICE/App/usbd_desc.o
 .comment       0x00000043       0x44 ./USB_DEVICE/Target/usbd_conf.o

.debug_frame    0x00000000     0x4080
 .debug_frame   0x00000000      0x20c ./Core/Src/main.o
 .debug_frame   0x0000020c       0x80 ./Core/Src/stm32f1xx_hal_msp.o
 .debug_frame   0x0000028c      0x120 ./Core/Src/stm32f1xx_it.o
 .debug_frame   0x000003ac       0x58 ./Core/Src/system_stm32f1xx.o
 .debug_frame   0x00000404      0x334 ./Drivers/STM32F1xx_HAL_Driver/Src/stm32f1xx_hal.o
 .debug_frame   0x00000738      0x428 ./Drivers/STM32F1xx_HAL_Driver/Src/stm32f1xx_hal_cortex.o
 .debug_frame   0x00000b60      0x14c ./Drivers/STM32F1xx_HAL_Driver/Src/stm32f1xx_hal_gpio.o
 .debug_frame   0x00000cac      0x594 ./Drivers/STM32F1xx_HAL_Driver/Src/stm32f1xx_hal_pcd.o
 .debug_frame   0x00001240       0xb0 ./Drivers/STM32F1xx_HAL_Driver/Src/stm32f1xx_hal_pcd_ex.o
 .debug_frame   0x000012f0      0x218 ./Drivers/STM32F1xx_HAL_Driver/Src/stm32f1xx_hal_rcc.o
 .debug_frame   0x00001508       0x80 ./Drivers/STM32F1xx_HAL_Driver/Src/stm32f1xx_hal_rcc_ex.o
 .debug_frame   0x00001588     0x11b8 ./Drivers/STM32F1xx_HAL_Driver/Src/stm32f1xx_hal_tim.o
 .debug_frame   0x00002740      0x638 ./Drivers/STM32F1xx_HAL_Driver/Src/stm32f1xx_hal_tim_ex.o
 .debug_frame   0x00002d78      0x470 ./Drivers/STM32F1xx_HAL_Driver/Src/stm32f1xx_ll_usb.o
 .debug_frame   0x000031e8      0x1f8 ./Middlewares/ST/STM32_USB_Device_Library/Class/MIDI/Src/usbd_midi.o
 .debug_frame   0x000033e0      0x300 ./Middlewares/ST/STM32_USB_Device_Library/Core/Src/usbd_core.o
 .debug_frame   0x000036e0      0x218 ./Middlewares/ST/STM32_USB_Device_Library/Core/Src/usbd_ctlreq.o
 .debug_frame   0x000038f8      0x10c ./Middlewares/ST/STM32_USB_Device_Library/Core/Src/usbd_ioreq.o
 .debug_frame   0x00003a04       0x2c ./USB_DEVICE/App/usb_device.o
 .debug_frame   0x00003a30      0x160 ./USB_DEVICE/App/usbd_desc.o
 .debug_frame   0x00003b90      0x4a4 ./USB_DEVICE/Target/usbd_conf.o
 .debug_frame   0x00004034       0x20 C:/ST/STM32CubeIDE_1.18.1/STM32CubeIDE/plugins/com.st.stm32cube.ide.mcu.externaltools.gnu-tools-for-stm32.13.3.rel1.win32_1.0.0.202411081344/tools/bin/../lib/gcc/arm-none-eabi/13.3.1/../../../../arm-none-eabi/lib/thumb/v7-m/nofp\libc_nano.a(libc_a-memset.o)
 .debug_frame   0x00004054       0x2c C:/ST/STM32CubeIDE_1.18.1/STM32CubeIDE/plugins/com.st.stm32cube.ide.mcu.externaltools.gnu-tools-for-stm32.13.3.rel1.win32_1.0.0.202411081344/tools/bin/../lib/gcc/arm-none-eabi/13.3.1/../../../../arm-none-eabi/lib/thumb/v7-m/nofp\libc_nano.a(libc_a-init.o)

.debug_line_str
                0x00000000       0x99
 .debug_line_str
                0x00000000       0x99 ./Core/Startup/startup_stm32f103c8tx.o
