Archive member included to satisfy reference by file (symbol)

C:/ST/STM32CubeIDE_1.18.1/STM32CubeIDE/plugins/com.st.stm32cube.ide.mcu.externaltools.gnu-tools-for-stm32.13.3.rel1.win32_1.0.0.202411081344/tools/bin/../lib/gcc/arm-none-eabi/13.3.1/../../../../arm-none-eabi/lib/thumb/v7-m/nofp\libc_nano.a(libc_a-exit.o)
                              C:/ST/STM32CubeIDE_1.18.1/STM32CubeIDE/plugins/com.st.stm32cube.ide.mcu.externaltools.gnu-tools-for-stm32.13.3.rel1.win32_1.0.0.202411081344/tools/bin/../lib/gcc/arm-none-eabi/13.3.1/../../../../arm-none-eabi/lib/thumb/v7-m/nofp/crt0.o (exit)
C:/ST/STM32CubeIDE_1.18.1/STM32CubeIDE/plugins/com.st.stm32cube.ide.mcu.externaltools.gnu-tools-for-stm32.13.3.rel1.win32_1.0.0.202411081344/tools/bin/../lib/gcc/arm-none-eabi/13.3.1/../../../../arm-none-eabi/lib/thumb/v7-m/nofp\libc_nano.a(libc_a-findfp.o)
                              C:/ST/STM32CubeIDE_1.18.1/STM32CubeIDE/plugins/com.st.stm32cube.ide.mcu.externaltools.gnu-tools-for-stm32.13.3.rel1.win32_1.0.0.202411081344/tools/bin/../lib/gcc/arm-none-eabi/13.3.1/../../../../arm-none-eabi/lib/thumb/v7-m/nofp\libc_nano.a(libc_a-exit.o) (__stdio_exit_handler)
C:/ST/STM32CubeIDE_1.18.1/STM32CubeIDE/plugins/com.st.stm32cube.ide.mcu.externaltools.gnu-tools-for-stm32.13.3.rel1.win32_1.0.0.202411081344/tools/bin/../lib/gcc/arm-none-eabi/13.3.1/../../../../arm-none-eabi/lib/thumb/v7-m/nofp\libc_nano.a(libc_a-fwalk.o)
                              C:/ST/STM32CubeIDE_1.18.1/STM32CubeIDE/plugins/com.st.stm32cube.ide.mcu.externaltools.gnu-tools-for-stm32.13.3.rel1.win32_1.0.0.202411081344/tools/bin/../lib/gcc/arm-none-eabi/13.3.1/../../../../arm-none-eabi/lib/thumb/v7-m/nofp\libc_nano.a(libc_a-findfp.o) (_fwalk_sglue)
C:/ST/STM32CubeIDE_1.18.1/STM32CubeIDE/plugins/com.st.stm32cube.ide.mcu.externaltools.gnu-tools-for-stm32.13.3.rel1.win32_1.0.0.202411081344/tools/bin/../lib/gcc/arm-none-eabi/13.3.1/../../../../arm-none-eabi/lib/thumb/v7-m/nofp\libc_nano.a(libc_a-stdio.o)
                              C:/ST/STM32CubeIDE_1.18.1/STM32CubeIDE/plugins/com.st.stm32cube.ide.mcu.externaltools.gnu-tools-for-stm32.13.3.rel1.win32_1.0.0.202411081344/tools/bin/../lib/gcc/arm-none-eabi/13.3.1/../../../../arm-none-eabi/lib/thumb/v7-m/nofp\libc_nano.a(libc_a-findfp.o) (__sread)
C:/ST/STM32CubeIDE_1.18.1/STM32CubeIDE/plugins/com.st.stm32cube.ide.mcu.externaltools.gnu-tools-for-stm32.13.3.rel1.win32_1.0.0.202411081344/tools/bin/../lib/gcc/arm-none-eabi/13.3.1/../../../../arm-none-eabi/lib/thumb/v7-m/nofp\libc_nano.a(libc_a-memset.o)
                              C:/ST/STM32CubeIDE_1.18.1/STM32CubeIDE/plugins/com.st.stm32cube.ide.mcu.externaltools.gnu-tools-for-stm32.13.3.rel1.win32_1.0.0.202411081344/tools/bin/../lib/gcc/arm-none-eabi/13.3.1/../../../../arm-none-eabi/lib/thumb/v7-m/nofp/crt0.o (memset)
C:/ST/STM32CubeIDE_1.18.1/STM32CubeIDE/plugins/com.st.stm32cube.ide.mcu.externaltools.gnu-tools-for-stm32.13.3.rel1.win32_1.0.0.202411081344/tools/bin/../lib/gcc/arm-none-eabi/13.3.1/../../../../arm-none-eabi/lib/thumb/v7-m/nofp\libc_nano.a(libc_a-closer.o)
                              C:/ST/STM32CubeIDE_1.18.1/STM32CubeIDE/plugins/com.st.stm32cube.ide.mcu.externaltools.gnu-tools-for-stm32.13.3.rel1.win32_1.0.0.202411081344/tools/bin/../lib/gcc/arm-none-eabi/13.3.1/../../../../arm-none-eabi/lib/thumb/v7-m/nofp\libc_nano.a(libc_a-stdio.o) (_close_r)
C:/ST/STM32CubeIDE_1.18.1/STM32CubeIDE/plugins/com.st.stm32cube.ide.mcu.externaltools.gnu-tools-for-stm32.13.3.rel1.win32_1.0.0.202411081344/tools/bin/../lib/gcc/arm-none-eabi/13.3.1/../../../../arm-none-eabi/lib/thumb/v7-m/nofp\libc_nano.a(libc_a-reent.o)
                              C:/ST/STM32CubeIDE_1.18.1/STM32CubeIDE/plugins/com.st.stm32cube.ide.mcu.externaltools.gnu-tools-for-stm32.13.3.rel1.win32_1.0.0.202411081344/tools/bin/../lib/gcc/arm-none-eabi/13.3.1/../../../../arm-none-eabi/lib/thumb/v7-m/nofp\libc_nano.a(libc_a-closer.o) (errno)
C:/ST/STM32CubeIDE_1.18.1/STM32CubeIDE/plugins/com.st.stm32cube.ide.mcu.externaltools.gnu-tools-for-stm32.13.3.rel1.win32_1.0.0.202411081344/tools/bin/../lib/gcc/arm-none-eabi/13.3.1/../../../../arm-none-eabi/lib/thumb/v7-m/nofp\libc_nano.a(libc_a-impure.o)
                              C:/ST/STM32CubeIDE_1.18.1/STM32CubeIDE/plugins/com.st.stm32cube.ide.mcu.externaltools.gnu-tools-for-stm32.13.3.rel1.win32_1.0.0.202411081344/tools/bin/../lib/gcc/arm-none-eabi/13.3.1/../../../../arm-none-eabi/lib/thumb/v7-m/nofp\libc_nano.a(libc_a-reent.o) (_impure_ptr)
C:/ST/STM32CubeIDE_1.18.1/STM32CubeIDE/plugins/com.st.stm32cube.ide.mcu.externaltools.gnu-tools-for-stm32.13.3.rel1.win32_1.0.0.202411081344/tools/bin/../lib/gcc/arm-none-eabi/13.3.1/../../../../arm-none-eabi/lib/thumb/v7-m/nofp\libc_nano.a(libc_a-lseekr.o)
[...]
Memory Configuration

Name             Origin             Length             Attributes
RAM              0x20000000         0x00005000         xrw
FLASH            0x08000000         0x00010000         xr
*default*        0x00000000         0xffffffff

Linker script and memory map

LOAD C:/ST/STM32CubeIDE_1.18.1/STM32CubeIDE/plugins/com.st.stm32cube.ide.mcu.externaltools.gnu-tools-for-stm32.13.3.rel1.win32_1.0.0.202411081344/tools/bin/../lib/gcc/arm-none-eabi/13.3.1/thumb/v7-m/nofp/crti.o
LOAD C:/ST/STM32CubeIDE_1.18.1/STM32CubeIDE/plugins/com.st.stm32cube.ide.mcu.externaltools.gnu-tools-for-stm32.13.3.rel1.win32_1.0.0.202411081344/tools/bin/../lib/gcc/arm-none-eabi/13.3.1/thumb/v7-m/nofp/crtbegin.o
LOAD C:/ST/STM32CubeIDE_1.18.1/STM32CubeIDE/plugins/com.st.stm32cube.ide.mcu.externaltools.gnu-tools-for-stm32.13.3.rel1.win32_1.0.0.202411081344/tools/bin/../lib/gcc/arm-none-eabi/13.3.1/../../../../arm-none-eabi/lib/thumb/v7-m/nofp/crt0.o
LOAD ./Core/Src/main.o
LOAD ./Core/Src/stm32f1xx_hal_msp.o
LOAD ./Core/Src/stm32f1xx_it.o
LOAD ./Core/Src/syscalls.o
LOAD ./Core/Src/sysmem.o
LOAD ./Core/Src/system_stm32f1xx.o
LOAD ./Core/Startup/startup_stm32f103c8tx.o
LOAD ./Drivers/STM32F1xx_HAL_Driver/Src/stm32f1xx_hal.o
LOAD ./Drivers/STM32F1xx_HAL_Driver/Src/stm32f1xx_hal_cortex.o
LOAD ./Drivers/STM32F1xx_HAL_Driver/Src/stm32f1xx_hal_dma.o
LOAD ./Drivers/STM32F1xx_HAL_Driver/Src/stm32f1xx_hal_exti.o
LOAD ./Drivers/STM32F1xx_HAL_Driver/Src/stm32f1xx_hal_flash.o
LOAD ./Drivers/STM32F1xx_HAL_Driver/Src/stm32f1xx_hal_flash_ex.o
LOAD ./Drivers/STM32F1xx_HAL_Driver/Src/stm32f1xx_hal_gpio.o
LOAD ./Drivers/STM32F1xx_HAL_Driver/Src/stm32f1xx_hal_gpio_ex.o
LOAD ./Drivers/STM32F1xx_HAL_Driver/Src/stm32f1xx_hal_i2c.o
LOAD ./Drivers/STM32F1xx_HAL_Driver/Src/stm32f1xx_hal_pcd.o
LOAD ./Drivers/STM32F1xx_HAL_Driver/Src/stm32f1xx_hal_pcd_ex.o
LOAD ./Drivers/STM32F1xx_HAL_Driver/Src/stm32f1xx_hal_pwr.o
LOAD ./Drivers/STM32F1xx_HAL_Driver/Src/stm32f1xx_hal_rcc.o
LOAD ./Drivers/STM32F1xx_HAL_Driver/Src/stm32f1xx_hal_rcc_ex.o
LOAD ./Drivers/STM32F1xx_HAL_Driver/Src/stm32f1xx_hal_tim.o
LOAD ./Drivers/STM32F1xx_HAL_Driver/Src/stm32f1xx_hal_tim_ex.o
LOAD ./Drivers/STM32F1xx_HAL_Driver/Src/stm32f1xx_ll_usb.o
LOAD ./Middlewares/ST/STM32_USB_Device_Library/Class/HID/Src/usbd_hid.o
LOAD ./Middlewares/ST/STM32_USB_Device_Library/Class/MIDI/Src/usbd_midi.o
LOAD ./Middlewares/ST/STM32_USB_Device_Library/Core/Src/usbd_core.o
LOAD ./Middlewares/ST/STM32_USB_Device_Library/Core/Src/usbd_ctlreq.o
LOAD ./Middlewares/ST/STM32_USB_Device_Library/Core/Src/usbd_ioreq.o
LOAD ./USB_DEVICE/App/usb_device.o
LOAD ./USB_DEVICE/App/usbd_desc.o
LOAD ./USB_DEVICE/Target/usbd_conf.o
START GROUP
LOAD C:/ST/STM32CubeIDE_1.18.1/STM32CubeIDE/plugins/com.st.stm32cube.ide.mcu.externaltools.gnu-tools-for-stm32.13.3.rel1.win32_1.0.0.202411081344/tools/bin/../lib/gcc/arm-none-eabi/13.3.1/../../../../arm-none-eabi/lib/thumb/v7-m/nofp\libc_nano.a
LOAD C:/ST/STM32CubeIDE_1.18.1/STM32CubeIDE/plugins/com.st.stm32cube.ide.mcu.externaltools.gnu-tools-for-stm32.13.3.rel1.win32_1.0.0.202411081344/tools/bin/../lib/gcc/arm-none-eabi/13.3.1/../../../../arm-none-eabi/lib/thumb/v7-m/nofp\libm.a
END GROUP
START GROUP
LOAD C:/ST/STM32CubeIDE_1.18.1/STM32CubeIDE/plugins/com.st.stm32cube.ide.mcu.externaltools.gnu-tools-for-stm32.13.3.rel1.win32_1.0.0.202411081344/tools/bin/../lib/gcc/arm-none-eabi/13.3.1/thumb/v7-m/nofp\libgcc.a
LOAD C:/ST/STM32CubeIDE_1.18.1/STM32CubeIDE/plugins/com.st.stm32cube.ide.mcu.externaltools.gnu-tools-for-stm32.13.3.rel1.win32_1.0.0.202411081344/tools/bin/../lib/gcc/arm-none-eabi/13.3.1/../../../../arm-none-eabi/lib/thumb/v7-m/nofp\libc_nano.a
END GROUP
START GROUP
LOAD C:/ST/STM32CubeIDE_1.18.1/STM32CubeIDE/plugins/com.st.stm32cube.ide.mcu.externaltools.gnu-tools-for-stm32.13.3.rel1.win32_1.0.0.202411081344/tools/bin/../lib/gcc/arm-none-eabi/13.3.1/thumb/v7-m/nofp\libgcc.a
LOAD C:/ST/STM32CubeIDE_1.18.1/STM32CubeIDE/plugins/com.st.stm32cube.ide.mcu.externaltools.gnu-tools-for-stm32.13.3.rel1.win32_1.0.0.202411081344/tools/bin/../lib/gcc/arm-none-eabi/13.3.1/../../../../arm-none-eabi/lib/thumb/v7-m/nofp\libc_nano.a
LOAD C:/ST/STM32CubeIDE_1.18.1/STM32CubeIDE/plugins/com.st.stm32cube.ide.mcu.externaltools.gnu-tools-for-stm32.13.3.rel1.win32_1.0.0.202411081344/tools/bin/../lib/gcc/arm-none-eabi/13.3.1/../../../../arm-none-eabi/lib/thumb/v7-m/nofp\libnosys.a
END GROUP
START GROUP
LOAD C:/ST/STM32CubeIDE_1.18.1/STM32CubeIDE/plugins/com.st.stm32cube.ide.mcu.externaltools.gnu-tools-for-stm32.13.3.rel1.win32_1.0.0.202411081344/tools/bin/../lib/gcc/arm-none-eabi/13.3.1/thumb/v7-m/nofp\libgcc.a
LOAD C:/ST/STM32CubeIDE_1.18.1/STM32CubeIDE/plugins/com.st.stm32cube.ide.mcu.externaltools.gnu-tools-for-stm32.13.3.rel1.win32_1.0.0.202411081344/tools/bin/../lib/gcc/arm-none-eabi/13.3.1/../../../../arm-none-eabi/lib/thumb/v7-m/nofp\libc_nano.a
LOAD C:/ST/STM32CubeIDE_1.18.1/STM32CubeIDE/plugins/com.st.stm32cube.ide.mcu.externaltools.gnu-tools-for-stm32.13.3.rel1.win32_1.0.0.202411081344/tools/bin/../lib/gcc/arm-none-eabi/13.3.1/../../../../arm-none-eabi/lib/thumb/v7-m/nofp\libnosys.a
END GROUP
LOAD C:/ST/STM32CubeIDE_1.18.1/STM32CubeIDE/plugins/com.st.stm32cube.ide.mcu.externaltools.gnu-tools-for-stm32.13.3.rel1.win32_1.0.0.202411081344/tools/bin/../lib/gcc/arm-none-eabi/13.3.1/thumb/v7-m/nofp/crtend.o
LOAD C:/ST/STM32CubeIDE_1.18.1/STM32CubeIDE/plugins/com.st.stm32cube.ide.mcu.externaltools.gnu-tools-for-stm32.13.3.rel1.win32_1.0.0.202411081344/tools/bin/../lib/gcc/arm-none-eabi/13.3.1/thumb/v7-m/nofp/crtn.o
                0x20005000                        _estack = (ORIGIN (RAM) + LENGTH (RAM))
                0x00000200                        _Min_Heap_Size = 0x200
                0x00000400                        _Min_Stack_Size = 0x400

.isr_vector     0x08000000      0x10c
                0x08000000                        . = ALIGN (0x4)
 *(.isr_vector)
 .isr_vector    0x08000000      0x10c ./Core/Startup/startup_stm32f103c8tx.o
                0x08000000                g_pfnVectors
                0x0800010c                        . = ALIGN (0x4)

.text           0x0800010c     0x99a0
                0x0800010c                        . = ALIGN (0x4)
 *(.text)
 .text          0x0800010c       0x40 C:/ST/STM32CubeIDE_1.18.1/STM32CubeIDE/plugins/com.st.stm32cube.ide.mcu.externaltools.gnu-tools-for-stm32.13.3.rel1.win32_1.0.0.202411081344/tools/bin/../lib/gcc/arm-none-eabi/13.3.1/thumb/v7-m/nofp/crtbegin.o
 *(.text*)
 .text.start_encoder
                0x0800014c       0x30 ./Core/Src/main.o
                0x0800014c                start_encoder
 .text.send_data_to_master
                0x0800017c       0x14 ./Core/Src/main.o
                0x0800017c                send_data_to_master
 .text.HAL_I2C_ListenCpltCallback
                0x08000190       0x16 ./Core/Src/main.o
                0x08000190                HAL_I2C_ListenCpltCallback
 *fill*         0x080001a6        0x2 
 .text.HAL_I2C_AddrCallback
                0x080001a8       0x50 ./Core/Src/main.o
                0x080001a8                HAL_I2C_AddrCallback
 .text.HAL_I2C_SlaveRxCpltCallback
                0x080001f8       0x20 ./Core/Src/main.o
                0x080001f8                HAL_I2C_SlaveRxCpltCallback
 .text.main     0x08000218       0x9c ./Core/Src/main.o
                0x08000218                main
 .text.SystemClock_Config
                0x080002b4       0xae ./Core/Src/main.o
                0x080002b4                SystemClock_Config
 *fill*         0x08000362        0x2 
 .text.MX_I2C1_Init
                0x08000364       0x5c ./Core/Src/main.o
 .text.MX_TIM1_Init
                0x080003c0       0xb0 ./Core/Src/main.o
 .text.MX_TIM2_Init
                0x08000470       0xa8 ./Core/Src/main.o
 .text.MX_TIM3_Init
                0x08000518       0xa8 ./Core/Src/main.o
 .text.MX_TIM4_Init
                0x080005c0       0xa8 ./Core/Src/main.o
 .text.MX_GPIO_Init
                0x08000668       0x44 ./Core/Src/main.o
 .text.Error_Handler
                0x080006ac        0xc ./Core/Src/main.o
                0x080006ac                Error_Handler
 .text.HAL_MspInit
                0x080006b8       0x64 ./Core/Src/stm32f1xx_hal_msp.o
                0x080006b8                HAL_MspInit
 .text.HAL_I2C_MspInit
                0x0800071c       0xb0 ./Core/Src/stm32f1xx_hal_msp.o
                0x0800071c                HAL_I2C_MspInit
 .text.HAL_TIM_Encoder_MspInit
                0x080007cc      0x188 ./Core/Src/stm32f1xx_hal_msp.o
                0x080007cc                HAL_TIM_Encoder_MspInit
 .text.NMI_Handler
                0x08000954        0x8 ./Core/Src/stm32f1xx_it.o
                0x08000954                NMI_Handler
 .text.HardFault_Handler
                0x0800095c        0x8 ./Core/Src/stm32f1xx_it.o
                0x0800095c                HardFault_Handler
 .text.MemManage_Handler
                0x08000964        0x8 ./Core/Src/stm32f1xx_it.o
                0x08000964                MemManage_Handler
 .text.BusFault_Handler
                0x0800096c        0x8 ./Core/Src/stm32f1xx_it.o
                0x0800096c                BusFault_Handler
 .text.UsageFault_Handler
                0x08000974        0x8 ./Core/Src/stm32f1xx_it.o
                0x08000974                UsageFault_Handler
 .text.SVC_Handler
                0x0800097c        0xc ./Core/Src/stm32f1xx_it.o
                0x0800097c                SVC_Handler
 .text.DebugMon_Handler
                0x08000988        0xc ./Core/Src/stm32f1xx_it.o
                0x08000988                DebugMon_Handler
 .text.PendSV_Handler
                0x08000994        0xc ./Core/Src/stm32f1xx_it.o
                0x08000994                PendSV_Handler
 .text.SysTick_Handler
                0x080009a0        0xc ./Core/Src/stm32f1xx_it.o
                0x080009a0                SysTick_Handler
 .text.USB_LP_CAN1_RX0_IRQHandler
                0x080009ac       0x14 ./Core/Src/stm32f1xx_it.o
                0x080009ac                USB_LP_CAN1_RX0_IRQHandler
 .text.I2C1_EV_IRQHandler
                0x080009c0       0x14 ./Core/Src/stm32f1xx_it.o
                0x080009c0                I2C1_EV_IRQHandler
 .text.SystemInit
                0x080009d4        0xc ./Core/Src/system_stm32f1xx.o
                0x080009d4                SystemInit
 .text.Reset_Handler
                0x080009e0       0x48 ./Core/Startup/startup_stm32f103c8tx.o
                0x080009e0                Reset_Handler
 .text.Default_Handler
                0x08000a28        0x2 ./Core/Startup/startup_stm32f103c8tx.o
                0x08000a28                RTC_Alarm_IRQHandler
                0x08000a28                EXTI2_IRQHandler
                0x08000a28                TIM1_CC_IRQHandler
                0x08000a28                PVD_IRQHandler
                0x08000a28                EXTI3_IRQHandler
                0x08000a28                EXTI0_IRQHandler
                0x08000a28                I2C2_EV_IRQHandler
                0x08000a28                ADC1_2_IRQHandler
                0x08000a28                SPI1_IRQHandler
                0x08000a28                TAMPER_IRQHandler
                0x08000a28                DMA1_Channel4_IRQHandler
                0x08000a28                USART3_IRQHandler
                0x08000a28                RTC_IRQHandler
                0x08000a28                DMA1_Channel7_IRQHandler
                0x08000a28                CAN1_RX1_IRQHandler
                0x08000a28                TIM4_IRQHandler
                0x08000a28                DMA1_Channel6_IRQHandler
                0x08000a28                TIM3_IRQHandler
                0x08000a28                RCC_IRQHandler
                0x08000a28                TIM1_TRG_COM_IRQHandler
                0x08000a28                DMA1_Channel1_IRQHandler
                0x08000a28                Default_Handler
                0x08000a28                EXTI15_10_IRQHandler
                0x08000a28                EXTI9_5_IRQHandler
                0x08000a28                SPI2_IRQHandler
                0x08000a28                DMA1_Channel5_IRQHandler
                0x08000a28                EXTI4_IRQHandler
                0x08000a28                USB_HP_CAN1_TX_IRQHandler
                0x08000a28                DMA1_Channel3_IRQHandler
                0x08000a28                TIM1_UP_IRQHandler
                0x08000a28                WWDG_IRQHandler
                0x08000a28                TIM2_IRQHandler
                0x08000a28                TIM1_BRK_IRQHandler
                0x08000a28                EXTI1_IRQHandler
                0x08000a28                USART2_IRQHandler
                0x08000a28                I2C2_ER_IRQHandler
                0x08000a28                DMA1_Channel2_IRQHandler
                0x08000a28                CAN1_SCE_IRQHandler
                0x08000a28                FLASH_IRQHandler
                0x08000a28                USART1_IRQHandler
                0x08000a28                I2C1_ER_IRQHandler
                0x08000a28                USBWakeUp_IRQHandler
 *fill*         0x08000a2a        0x2 
 .text.HAL_Init
                0x08000a2c       0x2c ./Drivers/STM32F1xx_HAL_Driver/Src/stm32f1xx_hal.o
                0x08000a2c                HAL_Init
 .text.HAL_InitTick
                0x08000a58       0x60 ./Drivers/STM32F1xx_HAL_Driver/Src/stm32f1xx_hal.o
                0x08000a58                HAL_InitTick
 .text.HAL_IncTick
                0x08000ab8       0x24 ./Drivers/STM32F1xx_HAL_Driver/Src/stm32f1xx_hal.o
                0x08000ab8                HAL_IncTick
 .text.HAL_GetTick
                0x08000adc       0x14 ./Drivers/STM32F1xx_HAL_Driver/Src/stm32f1xx_hal.o
                0x08000adc                HAL_GetTick
 .text.__NVIC_SetPriorityGrouping
                0x08000af0       0x48 ./Drivers/STM32F1xx_HAL_Driver/Src/stm32f1xx_hal_cortex.o
 .text.__NVIC_GetPriorityGrouping
                0x08000b38       0x1c ./Drivers/STM32F1xx_HAL_Driver/Src/stm32f1xx_hal_cortex.o
 .text.__NVIC_EnableIRQ
                0x08000b54       0x38 ./Drivers/STM32F1xx_HAL_Driver/Src/stm32f1xx_hal_cortex.o
 .text.__NVIC_SetPriority
                0x08000b8c       0x54 ./Drivers/STM32F1xx_HAL_Driver/Src/stm32f1xx_hal_cortex.o
 .text.NVIC_EncodePriority
                0x08000be0       0x64 ./Drivers/STM32F1xx_HAL_Driver/Src/stm32f1xx_hal_cortex.o
 .text.SysTick_Config
                0x08000c44       0x44 ./Drivers/STM32F1xx_HAL_Driver/Src/stm32f1xx_hal_cortex.o
 .text.HAL_NVIC_SetPriorityGrouping
                0x08000c88       0x16 ./Drivers/STM32F1xx_HAL_Driver/Src/stm32f1xx_hal_cortex.o
                0x08000c88                HAL_NVIC_SetPriorityGrouping
 .text.HAL_NVIC_SetPriority
                0x08000c9e       0x38 ./Drivers/STM32F1xx_HAL_Driver/Src/stm32f1xx_hal_cortex.o
                0x08000c9e                HAL_NVIC_SetPriority
 .text.HAL_NVIC_EnableIRQ
                0x08000cd6       0x1c ./Drivers/STM32F1xx_HAL_Driver/Src/stm32f1xx_hal_cortex.o
                0x08000cd6                HAL_NVIC_EnableIRQ
 .text.HAL_SYSTICK_Config
                0x08000cf2       0x18 ./Drivers/STM32F1xx_HAL_Driver/Src/stm32f1xx_hal_cortex.o
                0x08000cf2                HAL_SYSTICK_Config
 *fill*         0x08000d0a        0x2 
 .text.HAL_DMA_Abort_IT
                0x08000d0c       0xf0 ./Drivers/STM32F1xx_HAL_Driver/Src/stm32f1xx_hal_dma.o
                0x08000d0c                HAL_DMA_Abort_IT
 .text.HAL_DMA_GetState
                0x08000dfc       0x1a ./Drivers/STM32F1xx_HAL_Driver/Src/stm32f1xx_hal_dma.o
                0x08000dfc                HAL_DMA_GetState
 *fill*         0x08000e16        0x2 
 .text.HAL_GPIO_Init
                0x08000e18      0x308 ./Drivers/STM32F1xx_HAL_Driver/Src/stm32f1xx_hal_gpio.o
                0x08000e18                HAL_GPIO_Init
 .text.HAL_I2C_Init
                0x08001120      0x288 ./Drivers/STM32F1xx_HAL_Driver/Src/stm32f1xx_hal_i2c.o
                0x08001120                HAL_I2C_Init
 .text.I2C_Flush_DR
                0x080013a8       0x28 ./Drivers/STM32F1xx_HAL_Driver/Src/stm32f1xx_hal_i2c.o
 .text.HAL_I2C_Slave_Transmit
                0x080013d0      0x22c ./Drivers/STM32F1xx_HAL_Driver/Src/stm32f1xx_hal_i2c.o
                0x080013d0                HAL_I2C_Slave_Transmit
 .text.HAL_I2C_Slave_Seq_Receive_IT
                0x080015fc       0xe4 ./Drivers/STM32F1xx_HAL_Driver/Src/stm32f1xx_hal_i2c.o
                0x080015fc                HAL_I2C_Slave_Seq_Receive_IT
 .text.HAL_I2C_EnableListen_IT
                0x080016e0       0x6a ./Drivers/STM32F1xx_HAL_Driver/Src/stm32f1xx_hal_i2c.o
                0x080016e0                HAL_I2C_EnableListen_IT
 .text.HAL_I2C_EV_IRQHandler
                0x0800174a      0x2e2 ./Drivers/STM32F1xx_HAL_Driver/Src/stm32f1xx_hal_i2c.o
                0x0800174a                HAL_I2C_EV_IRQHandler
 .text.HAL_I2C_MasterTxCpltCallback
                0x08001a2c       0x12 ./Drivers/STM32F1xx_HAL_Driver/Src/stm32f1xx_hal_i2c.o
                0x08001a2c                HAL_I2C_MasterTxCpltCallback
 .text.HAL_I2C_MasterRxCpltCallback
                0x08001a3e       0x12 ./Drivers/STM32F1xx_HAL_Driver/Src/stm32f1xx_hal_i2c.o
                0x08001a3e                HAL_I2C_MasterRxCpltCallback
 .text.HAL_I2C_SlaveTxCpltCallback
                0x08001a50       0x12 ./Drivers/STM32F1xx_HAL_Driver/Src/stm32f1xx_hal_i2c.o
                0x08001a50                HAL_I2C_SlaveTxCpltCallback
 .text.HAL_I2C_MemTxCpltCallback
                0x08001a62       0x12 ./Drivers/STM32F1xx_HAL_Driver/Src/stm32f1xx_hal_i2c.o
                0x08001a62                HAL_I2C_MemTxCpltCallback
 .text.HAL_I2C_MemRxCpltCallback
                0x08001a74       0x12 ./Drivers/STM32F1xx_HAL_Driver/Src/stm32f1xx_hal_i2c.o
                0x08001a74                HAL_I2C_MemRxCpltCallback
 .text.HAL_I2C_ErrorCallback
                0x08001a86       0x12 ./Drivers/STM32F1xx_HAL_Driver/Src/stm32f1xx_hal_i2c.o
                0x08001a86                HAL_I2C_ErrorCallback
 .text.HAL_I2C_AbortCpltCallback
                0x08001a98       0x12 ./Drivers/STM32F1xx_HAL_Driver/Src/stm32f1xx_hal_i2c.o
                0x08001a98                HAL_I2C_AbortCpltCallback
 .text.I2C_MasterTransmit_TXE
                0x08001aaa      0x138 ./Drivers/STM32F1xx_HAL_Driver/Src/stm32f1xx_hal_i2c.o
 .text.I2C_MasterTransmit_BTF
                0x08001be2       0xec ./Drivers/STM32F1xx_HAL_Driver/Src/stm32f1xx_hal_i2c.o
 .text.I2C_MemoryTransmit_TXE_BTF
                0x08001cce      0x130 ./Drivers/STM32F1xx_HAL_Driver/Src/stm32f1xx_hal_i2c.o
 .text.I2C_MasterReceive_RXNE
                0x08001dfe      0x190 ./Drivers/STM32F1xx_HAL_Driver/Src/stm32f1xx_hal_i2c.o
 .text.I2C_MasterReceive_BTF
                0x08001f8e      0x1e2 ./Drivers/STM32F1xx_HAL_Driver/Src/stm32f1xx_hal_i2c.o
 .text.I2C_Master_SB
                0x08002170      0x10a ./Drivers/STM32F1xx_HAL_Driver/Src/stm32f1xx_hal_i2c.o
 .text.I2C_Master_ADD10
                0x0800227a       0x52 ./Drivers/STM32F1xx_HAL_Driver/Src/stm32f1xx_hal_i2c.o
 .text.I2C_Master_ADDR
                0x080022cc      0x336 ./Drivers/STM32F1xx_HAL_Driver/Src/stm32f1xx_hal_i2c.o
 .text.I2C_SlaveTransmit_TXE
                0x08002602       0x7a ./Drivers/STM32F1xx_HAL_Driver/Src/stm32f1xx_hal_i2c.o
 .text.I2C_SlaveTransmit_BTF
                0x0800267c       0x40 ./Drivers/STM32F1xx_HAL_Driver/Src/stm32f1xx_hal_i2c.o
 .text.I2C_SlaveReceive_RXNE
                0x080026bc       0x7c ./Drivers/STM32F1xx_HAL_Driver/Src/stm32f1xx_hal_i2c.o
 .text.I2C_SlaveReceive_BTF
                0x08002738       0x42 ./Drivers/STM32F1xx_HAL_Driver/Src/stm32f1xx_hal_i2c.o
 .text.I2C_Slave_ADDR
                0x0800277a       0x94 ./Drivers/STM32F1xx_HAL_Driver/Src/stm32f1xx_hal_i2c.o
 *fill*         0x0800280e        0x2 
 .text.I2C_Slave_STOPF
                0x08002810      0x260 ./Drivers/STM32F1xx_HAL_Driver/Src/stm32f1xx_hal_i2c.o
 .text.I2C_ITError
                0x08002a70      0x264 ./Drivers/STM32F1xx_HAL_Driver/Src/stm32f1xx_hal_i2c.o
 .text.I2C_DMAAbort
                0x08002cd4      0x150 ./Drivers/STM32F1xx_HAL_Driver/Src/stm32f1xx_hal_i2c.o
 .text.I2C_WaitOnFlagUntilTimeout
                0x08002e24       0xf4 ./Drivers/STM32F1xx_HAL_Driver/Src/stm32f1xx_hal_i2c.o
 .text.I2C_WaitOnTXEFlagUntilTimeout
                0x08002f18       0x90 ./Drivers/STM32F1xx_HAL_Driver/Src/stm32f1xx_hal_i2c.o
 .text.I2C_WaitOnSTOPRequestThroughIT
                0x08002fa8       0x64 ./Drivers/STM32F1xx_HAL_Driver/Src/stm32f1xx_hal_i2c.o
 .text.I2C_IsAcknowledgeFailed
                0x0800300c       0x5c ./Drivers/STM32F1xx_HAL_Driver/Src/stm32f1xx_hal_i2c.o
 .text.I2C_ConvertOtherXferOptions
                0x08003068       0x34 ./Drivers/STM32F1xx_HAL_Driver/Src/stm32f1xx_hal_i2c.o
 .text.HAL_PCD_Init
                0x0800309c      0x1ec ./Drivers/STM32F1xx_HAL_Driver/Src/stm32f1xx_hal_pcd.o
                0x0800309c                HAL_PCD_Init
 .text.HAL_PCD_Start
                0x08003288       0x4c ./Drivers/STM32F1xx_HAL_Driver/Src/stm32f1xx_hal_pcd.o
                0x08003288                HAL_PCD_Start
 .text.HAL_PCD_IRQHandler
                0x080032d4      0x260 ./Drivers/STM32F1xx_HAL_Driver/Src/stm32f1xx_hal_pcd.o
                0x080032d4                HAL_PCD_IRQHandler
 .text.HAL_PCD_SetAddress
                0x08003534       0x48 ./Drivers/STM32F1xx_HAL_Driver/Src/stm32f1xx_hal_pcd.o
                0x08003534                HAL_PCD_SetAddress
 .text.HAL_PCD_EP_Open
                0x0800357c       0xba ./Drivers/STM32F1xx_HAL_Driver/Src/stm32f1xx_hal_pcd.o
                0x0800357c                HAL_PCD_EP_Open
 .text.HAL_PCD_EP_Close
                0x08003636       0x90 ./Drivers/STM32F1xx_HAL_Driver/Src/stm32f1xx_hal_pcd.o
                0x08003636                HAL_PCD_EP_Close
 .text.HAL_PCD_EP_Receive
                0x080036c6       0x62 ./Drivers/STM32F1xx_HAL_Driver/Src/stm32f1xx_hal_pcd.o
                0x080036c6                HAL_PCD_EP_Receive
 .text.HAL_PCD_EP_Transmit
                0x08003728       0x6e ./Drivers/STM32F1xx_HAL_Driver/Src/stm32f1xx_hal_pcd.o
                0x08003728                HAL_PCD_EP_Transmit
 .text.HAL_PCD_EP_SetStall
                0x08003796       0xc0 ./Drivers/STM32F1xx_HAL_Driver/Src/stm32f1xx_hal_pcd.o
                0x08003796                HAL_PCD_EP_SetStall
 .text.HAL_PCD_EP_ClrStall
                0x08003856       0xa8 ./Drivers/STM32F1xx_HAL_Driver/Src/stm32f1xx_hal_pcd.o
                0x08003856                HAL_PCD_EP_ClrStall
 .text.PCD_EP_ISR_Handler
                0x080038fe      0x79e ./Drivers/STM32F1xx_HAL_Driver/Src/stm32f1xx_hal_pcd.o
 .text.HAL_PCD_EP_DB_Receive
                0x0800409c      0x21a ./Drivers/STM32F1xx_HAL_Driver/Src/stm32f1xx_hal_pcd.o
 .text.HAL_PCD_EP_DB_Transmit
                0x080042b6      0x7f4 ./Drivers/STM32F1xx_HAL_Driver/Src/stm32f1xx_hal_pcd.o
 .text.HAL_PCDEx_PMAConfig
                0x08004aaa       0x84 ./Drivers/STM32F1xx_HAL_Driver/Src/stm32f1xx_hal_pcd_ex.o
                0x08004aaa                HAL_PCDEx_PMAConfig
 *fill*         0x08004b2e        0x2 
 .text.HAL_RCC_OscConfig
                0x08004b30      0x504 ./Drivers/STM32F1xx_HAL_Driver/Src/stm32f1xx_hal_rcc.o
                0x08004b30                HAL_RCC_OscConfig
 .text.HAL_RCC_ClockConfig
                0x08005034      0x1d4 ./Drivers/STM32F1xx_HAL_Driver/Src/stm32f1xx_hal_rcc.o
                0x08005034                HAL_RCC_ClockConfig
 .text.HAL_RCC_GetSysClockFreq
                0x08005208       0xa8 ./Drivers/STM32F1xx_HAL_Driver/Src/stm32f1xx_hal_rcc.o
                0x08005208                HAL_RCC_GetSysClockFreq
 .text.HAL_RCC_GetHCLKFreq
                0x080052b0       0x14 ./Drivers/STM32F1xx_HAL_Driver/Src/stm32f1xx_hal_rcc.o
                0x080052b0                HAL_RCC_GetHCLKFreq
 .text.HAL_RCC_GetPCLK1Freq
                0x080052c4       0x28 ./Drivers/STM32F1xx_HAL_Driver/Src/stm32f1xx_hal_rcc.o
                0x080052c4                HAL_RCC_GetPCLK1Freq
 .text.RCC_Delay
                0x080052ec       0x3c ./Drivers/STM32F1xx_HAL_Driver/Src/stm32f1xx_hal_rcc.o
 .text.HAL_RCCEx_PeriphCLKConfig
                0x08005328      0x16c ./Drivers/STM32F1xx_HAL_Driver/Src/stm32f1xx_hal_rcc_ex.o
                0x08005328                HAL_RCCEx_PeriphCLKConfig
 .text.HAL_TIM_Encoder_Init
                0x08005494      0x144 ./Drivers/STM32F1xx_HAL_Driver/Src/stm32f1xx_hal_tim.o
                0x08005494                HAL_TIM_Encoder_Init
 .text.TIM_Base_SetConfig
                0x080055d8       0xdc ./Drivers/STM32F1xx_HAL_Driver/Src/stm32f1xx_hal_tim.o
                0x080055d8                TIM_Base_SetConfig
 .text.HAL_TIMEx_MasterConfigSynchronization
                0x080056b4       0xbc ./Drivers/STM32F1xx_HAL_Driver/Src/stm32f1xx_hal_tim_ex.o
                0x080056b4                HAL_TIMEx_MasterConfigSynchronization
 .text.USB_CoreInit
                0x08005770       0x1a ./Drivers/STM32F1xx_HAL_Driver/Src/stm32f1xx_ll_usb.o
                0x08005770                USB_CoreInit
 .text.USB_EnableGlobalInt
                0x0800578a       0x2c ./Drivers/STM32F1xx_HAL_Driver/Src/stm32f1xx_ll_usb.o
                0x0800578a                USB_EnableGlobalInt
 .text.USB_DisableGlobalInt
                0x080057b6       0x34 ./Drivers/STM32F1xx_HAL_Driver/Src/stm32f1xx_ll_usb.o
                0x080057b6                USB_DisableGlobalInt
 .text.USB_SetCurrentMode
                0x080057ea       0x18 ./Drivers/STM32F1xx_HAL_Driver/Src/stm32f1xx_ll_usb.o
                0x080057ea                USB_SetCurrentMode
 .text.USB_DevInit
                0x08005802       0x3a ./Drivers/STM32F1xx_HAL_Driver/Src/stm32f1xx_ll_usb.o
                0x08005802                USB_DevInit
 .text.USB_ActivateEndpoint
                0x0800583c      0x780 ./Drivers/STM32F1xx_HAL_Driver/Src/stm32f1xx_ll_usb.o
                0x0800583c                USB_ActivateEndpoint
 .text.USB_DeactivateEndpoint
                0x08005fbc      0x3d8 ./Drivers/STM32F1xx_HAL_Driver/Src/stm32f1xx_ll_usb.o
                0x08005fbc                USB_DeactivateEndpoint
 .text.USB_EPStartXfer
                0x08006394     0x1762 ./Drivers/STM32F1xx_HAL_Driver/Src/stm32f1xx_ll_usb.o
                0x08006394                USB_EPStartXfer
 .text.USB_EPSetStall
                0x08007af6       0xa0 ./Drivers/STM32F1xx_HAL_Driver/Src/stm32f1xx_ll_usb.o
                0x08007af6                USB_EPSetStall
 .text.USB_EPClearStall
                0x08007b96      0x15a ./Drivers/STM32F1xx_HAL_Driver/Src/stm32f1xx_ll_usb.o
                0x08007b96                USB_EPClearStall
 .text.USB_SetDevAddress
                0x08007cf0       0x26 ./Drivers/STM32F1xx_HAL_Driver/Src/stm32f1xx_ll_usb.o
                0x08007cf0                USB_SetDevAddress
 .text.USB_DevConnect
                0x08007d16       0x14 ./Drivers/STM32F1xx_HAL_Driver/Src/stm32f1xx_ll_usb.o
                0x08007d16                USB_DevConnect
 .text.USB_DevDisconnect
                0x08007d2a       0x14 ./Drivers/STM32F1xx_HAL_Driver/Src/stm32f1xx_ll_usb.o
                0x08007d2a                USB_DevDisconnect
 .text.USB_ReadInterrupts
                0x08007d3e       0x1e ./Drivers/STM32F1xx_HAL_Driver/Src/stm32f1xx_ll_usb.o
                0x08007d3e                USB_ReadInterrupts
 .text.USB_EP0_OutStart
                0x08007d5c       0x16 ./Drivers/STM32F1xx_HAL_Driver/Src/stm32f1xx_ll_usb.o
                0x08007d5c                USB_EP0_OutStart
 .text.USB_WritePMA
                0x08007d72       0x8c ./Drivers/STM32F1xx_HAL_Driver/Src/stm32f1xx_ll_usb.o
                0x08007d72                USB_WritePMA
 .text.USB_ReadPMA
                0x08007dfe       0x9e ./Drivers/STM32F1xx_HAL_Driver/Src/stm32f1xx_ll_usb.o
                0x08007dfe                USB_ReadPMA
 .text.USBD_HID_Init
                0x08007e9c       0x4e ./Middlewares/ST/STM32_USB_Device_Library/Class/HID/Src/usbd_hid.o
 .text.USBD_HID_DeInit
                0x08007eea       0x42 ./Middlewares/ST/STM32_USB_Device_Library/Class/HID/Src/usbd_hid.o
 .text.USBD_HID_Setup
                0x08007f2c      0x1fc ./Middlewares/ST/STM32_USB_Device_Library/Class/HID/Src/usbd_hid.o
 .text.USBD_HID_GetFSCfgDesc
                0x08008128       0x20 ./Middlewares/ST/STM32_USB_Device_Library/Class/HID/Src/usbd_hid.o
 .text.USBD_HID_GetHSCfgDesc
                0x08008148       0x20 ./Middlewares/ST/STM32_USB_Device_Library/Class/HID/Src/usbd_hid.o
 .text.USBD_HID_GetOtherSpeedCfgDesc
                0x08008168       0x20 ./Middlewares/ST/STM32_USB_Device_Library/Class/HID/Src/usbd_hid.o
 .text.USBD_HID_DataIn
                0x08008188       0x22 ./Middlewares/ST/STM32_USB_Device_Library/Class/HID/Src/usbd_hid.o
 *fill*         0x080081aa        0x2 
 .text.USBD_HID_GetDeviceQualifierDesc
                0x080081ac       0x20 ./Middlewares/ST/STM32_USB_Device_Library/Class/HID/Src/usbd_hid.o
 .text.USBD_Init
                0x080081cc       0x56 ./Middlewares/ST/STM32_USB_Device_Library/Core/Src/usbd_core.o
                0x080081cc                USBD_Init
 .text.USBD_RegisterClass
                0x08008222       0x32 ./Middlewares/ST/STM32_USB_Device_Library/Core/Src/usbd_core.o
                0x08008222                USBD_RegisterClass
 .text.USBD_Start
                0x08008254       0x18 ./Middlewares/ST/STM32_USB_Device_Library/Core/Src/usbd_core.o
                0x08008254                USBD_Start
 .text.USBD_RunTestMode
                0x0800826c       0x14 ./Middlewares/ST/STM32_USB_Device_Library/Core/Src/usbd_core.o
                0x0800826c                USBD_RunTestMode
 .text.USBD_SetClassConfig
                0x08008280       0x3e ./Middlewares/ST/STM32_USB_Device_Library/Core/Src/usbd_core.o
                0x08008280                USBD_SetClassConfig
 .text.USBD_ClrClassConfig
                0x080082be       0x26 ./Middlewares/ST/STM32_USB_Device_Library/Core/Src/usbd_core.o
                0x080082be                USBD_ClrClassConfig
 .text.USBD_LL_SetupStage
                0x080082e4       0x9a ./Middlewares/ST/STM32_USB_Device_Library/Core/Src/usbd_core.o
                0x080082e4                USBD_LL_SetupStage
 .text.USBD_LL_DataOutStage
                0x0800837e       0xe2 ./Middlewares/ST/STM32_USB_Device_Library/Core/Src/usbd_core.o
                0x0800837e                USBD_LL_DataOutStage
 .text.USBD_LL_DataInStage
                0x08008460      0x14a ./Middlewares/ST/STM32_USB_Device_Library/Core/Src/usbd_core.o
                0x08008460                USBD_LL_DataInStage
 .text.USBD_LL_Reset
                0x080085aa       0x82 ./Middlewares/ST/STM32_USB_Device_Library/Core/Src/usbd_core.o
                0x080085aa                USBD_LL_Reset
 .text.USBD_LL_SetSpeed
                0x0800862c       0x1e ./Middlewares/ST/STM32_USB_Device_Library/Core/Src/usbd_core.o
                0x0800862c                USBD_LL_SetSpeed
 .text.USBD_LL_Suspend
                0x0800864a       0x28 ./Middlewares/ST/STM32_USB_Device_Library/Core/Src/usbd_core.o
                0x0800864a                USBD_LL_Suspend
 .text.USBD_LL_Resume
                0x08008672       0x2a ./Middlewares/ST/STM32_USB_Device_Library/Core/Src/usbd_core.o
                0x08008672                USBD_LL_Resume
 .text.USBD_LL_SOF
                0x0800869c       0x34 ./Middlewares/ST/STM32_USB_Device_Library/Core/Src/usbd_core.o
                0x0800869c                USBD_LL_SOF
 .text.USBD_StdDevReq
                0x080086d0       0xd4 ./Middlewares/ST/STM32_USB_Device_Library/Core/Src/usbd_ctlreq.o
                0x080086d0                USBD_StdDevReq
 .text.USBD_StdItfReq
                0x080087a4       0x90 ./Middlewares/ST/STM32_USB_Device_Library/Core/Src/usbd_ctlreq.o
                0x080087a4                USBD_StdItfReq
 .text.USBD_StdEPReq
                0x08008834      0x2c6 ./Middlewares/ST/STM32_USB_Device_Library/Core/Src/usbd_ctlreq.o
                0x08008834                USBD_StdEPReq
 *fill*         0x08008afa        0x2 
 .text.USBD_GetDescriptor
                0x08008afc      0x2d0 ./Middlewares/ST/STM32_USB_Device_Library/Core/Src/usbd_ctlreq.o
 .text.USBD_SetAddress
                0x08008dcc       0x86 ./Middlewares/ST/STM32_USB_Device_Library/Core/Src/usbd_ctlreq.o
 *fill*         0x08008e52        0x2 
 .text.USBD_SetConfig
                0x08008e54      0x11c ./Middlewares/ST/STM32_USB_Device_Library/Core/Src/usbd_ctlreq.o
 .text.USBD_GetConfig
                0x08008f70       0x6a ./Middlewares/ST/STM32_USB_Device_Library/Core/Src/usbd_ctlreq.o
 .text.USBD_GetStatus
                0x08008fda       0x66 ./Middlewares/ST/STM32_USB_Device_Library/Core/Src/usbd_ctlreq.o
 .text.USBD_SetFeature
                0x08009040       0x28 ./Middlewares/ST/STM32_USB_Device_Library/Core/Src/usbd_ctlreq.o
 .text.USBD_ClrFeature
                0x08009068       0x42 ./Middlewares/ST/STM32_USB_Device_Library/Core/Src/usbd_ctlreq.o
 .text.USBD_ParseSetupRequest
                0x080090aa       0x72 ./Middlewares/ST/STM32_USB_Device_Library/Core/Src/usbd_ctlreq.o
                0x080090aa                USBD_ParseSetupRequest
 .text.USBD_CtlError
                0x0800911c       0x22 ./Middlewares/ST/STM32_USB_Device_Library/Core/Src/usbd_ctlreq.o
                0x0800911c                USBD_CtlError
 .text.USBD_GetString
                0x0800913e       0x84 ./Middlewares/ST/STM32_USB_Device_Library/Core/Src/usbd_ctlreq.o
                0x0800913e                USBD_GetString
 .text.USBD_GetLen
                0x080091c2       0x2e ./Middlewares/ST/STM32_USB_Device_Library/Core/Src/usbd_ctlreq.o
 .text.USBD_CtlSendData
                0x080091f0       0x38 ./Middlewares/ST/STM32_USB_Device_Library/Core/Src/usbd_ioreq.o
                0x080091f0                USBD_CtlSendData
 .text.USBD_CtlContinueSendData
                0x08009228       0x24 ./Middlewares/ST/STM32_USB_Device_Library/Core/Src/usbd_ioreq.o
                0x08009228                USBD_CtlContinueSendData
 .text.USBD_CtlContinueRx
                0x0800924c       0x24 ./Middlewares/ST/STM32_USB_Device_Library/Core/Src/usbd_ioreq.o
                0x0800924c                USBD_CtlContinueRx
 .text.USBD_CtlSendStatus
                0x08009270       0x26 ./Middlewares/ST/STM32_USB_Device_Library/Core/Src/usbd_ioreq.o
                0x08009270                USBD_CtlSendStatus
 .text.USBD_CtlReceiveStatus
                0x08009296       0x26 ./Middlewares/ST/STM32_USB_Device_Library/Core/Src/usbd_ioreq.o
                0x08009296                USBD_CtlReceiveStatus
 .text.MX_USB_DEVICE_Init
                0x080092bc       0x4c ./USB_DEVICE/App/usb_device.o
                0x080092bc                MX_USB_DEVICE_Init
 .text.USBD_FS_DeviceDescriptor
                0x08009308       0x24 ./USB_DEVICE/App/usbd_desc.o
                0x08009308                USBD_FS_DeviceDescriptor
 .text.USBD_FS_LangIDStrDescriptor
                0x0800932c       0x24 ./USB_DEVICE/App/usbd_desc.o
                0x0800932c                USBD_FS_LangIDStrDescriptor
 .text.USBD_FS_ProductStrDescriptor
                0x08009350       0x3c ./USB_DEVICE/App/usbd_desc.o
                0x08009350                USBD_FS_ProductStrDescriptor
 .text.USBD_FS_ManufacturerStrDescriptor
                0x0800938c       0x28 ./USB_DEVICE/App/usbd_desc.o
                0x0800938c                USBD_FS_ManufacturerStrDescriptor
 .text.USBD_FS_SerialStrDescriptor
                0x080093b4       0x24 ./USB_DEVICE/App/usbd_desc.o
                0x080093b4                USBD_FS_SerialStrDescriptor
 .text.USBD_FS_ConfigStrDescriptor
                0x080093d8       0x3c ./USB_DEVICE/App/usbd_desc.o
                0x080093d8                USBD_FS_ConfigStrDescriptor
 .text.USBD_FS_InterfaceStrDescriptor
                0x08009414       0x3c ./USB_DEVICE/App/usbd_desc.o
                0x08009414                USBD_FS_InterfaceStrDescriptor
 .text.Get_SerialNum
                0x08009450       0x58 ./USB_DEVICE/App/usbd_desc.o
 .text.IntToUnicode
                0x080094a8       0x7c ./USB_DEVICE/App/usbd_desc.o
 .text.HAL_PCD_MspInit
                0x08009524       0x4c ./USB_DEVICE/Target/usbd_conf.o
                0x08009524                HAL_PCD_MspInit
 .text.HAL_PCD_SetupStageCallback
                0x08009570       0x24 ./USB_DEVICE/Target/usbd_conf.o
                0x08009570                HAL_PCD_SetupStageCallback
 .text.HAL_PCD_DataOutStageCallback
                0x08009594       0x36 ./USB_DEVICE/Target/usbd_conf.o
                0x08009594                HAL_PCD_DataOutStageCallback
 .text.HAL_PCD_DataInStageCallback
                0x080095ca       0x34 ./USB_DEVICE/Target/usbd_conf.o
                0x080095ca                HAL_PCD_DataInStageCallback
 .text.HAL_PCD_SOFCallback
                0x080095fe       0x1c ./USB_DEVICE/Target/usbd_conf.o
                0x080095fe                HAL_PCD_SOFCallback
 .text.HAL_PCD_ResetCallback
                0x0800961a       0x3c ./USB_DEVICE/Target/usbd_conf.o
                0x0800961a                HAL_PCD_ResetCallback
 *fill*         0x08009656        0x2 
 .text.HAL_PCD_SuspendCallback
                0x08009658       0x34 ./USB_DEVICE/Target/usbd_conf.o
                0x08009658                HAL_PCD_SuspendCallback
 .text.HAL_PCD_ResumeCallback
                0x0800968c       0x1c ./USB_DEVICE/Target/usbd_conf.o
                0x0800968c                HAL_PCD_ResumeCallback
 .text.USBD_LL_Init
                0x080096a8       0xa0 ./USB_DEVICE/Target/usbd_conf.o
                0x080096a8                USBD_LL_Init
 .text.USBD_LL_Start
                0x08009748       0x36 ./USB_DEVICE/Target/usbd_conf.o
                0x08009748                USBD_LL_Start
 .text.USBD_LL_OpenEP
                0x0800977e       0x4c ./USB_DEVICE/Target/usbd_conf.o
                0x0800977e                USBD_LL_OpenEP
 .text.USBD_LL_CloseEP
                0x080097ca       0x3e ./USB_DEVICE/Target/usbd_conf.o
                0x080097ca                USBD_LL_CloseEP
 .text.USBD_LL_StallEP
                0x08009808       0x3e ./USB_DEVICE/Target/usbd_conf.o
                0x08009808                USBD_LL_StallEP
 .text.USBD_LL_ClearStallEP
                0x08009846       0x3e ./USB_DEVICE/Target/usbd_conf.o
                0x08009846                USBD_LL_ClearStallEP
 .text.USBD_LL_IsStallEP
                0x08009884       0x56 ./USB_DEVICE/Target/usbd_conf.o
                0x08009884                USBD_LL_IsStallEP
 .text.USBD_LL_SetUSBAddress
                0x080098da       0x3e ./USB_DEVICE/Target/usbd_conf.o
                0x080098da                USBD_LL_SetUSBAddress
 .text.USBD_LL_Transmit
                0x08009918       0x46 ./USB_DEVICE/Target/usbd_conf.o
                0x08009918                USBD_LL_Transmit
 .text.USBD_LL_PrepareReceive
                0x0800995e       0x46 ./USB_DEVICE/Target/usbd_conf.o
                0x0800995e                USBD_LL_PrepareReceive
 .text.USBD_static_malloc
                0x080099a4       0x18 ./USB_DEVICE/Target/usbd_conf.o
                0x080099a4                USBD_static_malloc
 .text.USBD_static_free
                0x080099bc       0x12 ./USB_DEVICE/Target/usbd_conf.o
                0x080099bc                USBD_static_free
 .text.HAL_PCDEx_SetConnectionState
                0x080099ce       0x16 ./USB_DEVICE/Target/usbd_conf.o
                0x080099ce                HAL_PCDEx_SetConnectionState
 .text.USBD_Get_USB_Status
                0x080099e4       0x58 ./USB_DEVICE/Target/usbd_conf.o
 .text.memset   0x08009a3c       0x10 C:/ST/STM32CubeIDE_1.18.1/STM32CubeIDE/plugins/com.st.stm32cube.ide.mcu.externaltools.gnu-tools-for-stm32.13.3.rel1.win32_1.0.0.202411081344/tools/bin/../lib/gcc/arm-none-eabi/13.3.1/../../../../arm-none-eabi/lib/thumb/v7-m/nofp\libc_nano.a(libc_a-memset.o)
                0x08009a3c                memset
 .text.__libc_init_array
                0x08009a4c       0x48 C:/ST/STM32CubeIDE_1.18.1/STM32CubeIDE/plugins/com.st.stm32cube.ide.mcu.externaltools.gnu-tools-for-stm32.13.3.rel1.win32_1.0.0.202411081344/tools/bin/../lib/gcc/arm-none-eabi/13.3.1/../../../../arm-none-eabi/lib/thumb/v7-m/nofp\libc_nano.a(libc_a-init.o)
                0x08009a4c                __libc_init_array
 *(.glue_7)
 .glue_7        0x08009a94        0x0 linker stubs
 *(.glue_7t)
 .glue_7t       0x08009a94        0x0 linker stubs
 *(.eh_frame)
 .eh_frame      0x08009a94        0x0 C:/ST/STM32CubeIDE_1.18.1/STM32CubeIDE/plugins/com.st.stm32cube.ide.mcu.externaltools.gnu-tools-for-stm32.13.3.rel1.win32_1.0.0.202411081344/tools/bin/../lib/gcc/arm-none-eabi/13.3.1/thumb/v7-m/nofp/crtbegin.o
 *(.init)
 .init          0x08009a94        0x4 C:/ST/STM32CubeIDE_1.18.1/STM32CubeIDE/plugins/com.st.stm32cube.ide.mcu.externaltools.gnu-tools-for-stm32.13.3.rel1.win32_1.0.0.202411081344/tools/bin/../lib/gcc/arm-none-eabi/13.3.1/thumb/v7-m/nofp/crti.o
                0x08009a94                _init
 .init          0x08009a98        0x8 C:/ST/STM32CubeIDE_1.18.1/STM32CubeIDE/plugins/com.st.stm32cube.ide.mcu.externaltools.gnu-tools-for-stm32.13.3.rel1.win32_1.0.0.202411081344/tools/bin/../lib/gcc/arm-none-eabi/13.3.1/thumb/v7-m/nofp/crtn.o
 *(.fini)
 .fini          0x08009aa0        0x4 C:/ST/STM32CubeIDE_1.18.1/STM32CubeIDE/plugins/com.st.stm32cube.ide.mcu.externaltools.gnu-tools-for-stm32.13.3.rel1.win32_1.0.0.202411081344/tools/bin/../lib/gcc/arm-none-eabi/13.3.1/thumb/v7-m/nofp/crti.o
                0x08009aa0                _fini
 .fini          0x08009aa4        0x8 C:/ST/STM32CubeIDE_1.18.1/STM32CubeIDE/plugins/com.st.stm32cube.ide.mcu.externaltools.gnu-tools-for-stm32.13.3.rel1.win32_1.0.0.202411081344/tools/bin/../lib/gcc/arm-none-eabi/13.3.1/thumb/v7-m/nofp/crtn.o
                0x08009aac                        . = ALIGN (0x4)
                0x08009aac                        _etext = .

.vfp11_veneer   0x08009aac        0x0
 .vfp11_veneer  0x08009aac        0x0 linker stubs

.v4_bx          0x08009aac        0x0
 .v4_bx         0x08009aac        0x0 linker stubs

.iplt           0x08009aac        0x0
 .iplt          0x08009aac        0x0 C:/ST/STM32CubeIDE_1.18.1/STM32CubeIDE/plugins/com.st.stm32cube.ide.mcu.externaltools.gnu-tools-for-stm32.13.3.rel1.win32_1.0.0.202411081344/tools/bin/../lib/gcc/arm-none-eabi/13.3.1/thumb/v7-m/nofp/crtbegin.o

.rodata         0x08009aac       0x74
                0x08009aac                        . = ALIGN (0x4)
 *(.rodata)
 .rodata        0x08009aac       0x46 ./USB_DEVICE/App/usbd_desc.o
 *(.rodata*)
 *fill*         0x08009af2        0x2 
 .rodata.AHBPrescTable
                0x08009af4       0x10 ./Core/Src/system_stm32f1xx.o
                0x08009af4                AHBPrescTable
 .rodata.APBPrescTable
                0x08009b04        0x8 ./Core/Src/system_stm32f1xx.o
                0x08009b04                APBPrescTable
 .rodata.aPLLMULFactorTable.1
                0x08009b0c       0x10 ./Drivers/STM32F1xx_HAL_Driver/Src/stm32f1xx_hal_rcc.o
 .rodata.aPredivFactorTable.0
                0x08009b1c        0x2 ./Drivers/STM32F1xx_HAL_Driver/Src/stm32f1xx_hal_rcc.o
                0x08009b20                        . = ALIGN (0x4)
 *fill*         0x08009b1e        0x2 

.ARM.extab      0x08009b20        0x0
                0x08009b20                        . = ALIGN (0x4)
 *(.ARM.extab* .gnu.linkonce.armextab.*)
                0x08009b20                        . = ALIGN (0x4)

.ARM            0x08009b20        0x0
                0x08009b20                        . = ALIGN (0x4)
                0x08009b20                        __exidx_start = .
 *(.ARM.exidx*)
                0x08009b20                        __exidx_end = .
                0x08009b20                        . = ALIGN (0x4)

.preinit_array  0x08009b20        0x0
                0x08009b20                        . = ALIGN (0x4)
                0x08009b20                        PROVIDE (__preinit_array_start = .)
 *(.preinit_array*)
                0x08009b20                        PROVIDE (__preinit_array_end = .)
                0x08009b20                        . = ALIGN (0x4)

.init_array     0x08009b20        0x4
                0x08009b20                        . = ALIGN (0x4)
                0x08009b20                        PROVIDE (__init_array_start = .)
 *(SORT_BY_NAME(.init_array.*))
 *(.init_array*)
 .init_array    0x08009b20        0x4 C:/ST/STM32CubeIDE_1.18.1/STM32CubeIDE/plugins/com.st.stm32cube.ide.mcu.externaltools.gnu-tools-for-stm32.13.3.rel1.win32_1.0.0.202411081344/tools/bin/../lib/gcc/arm-none-eabi/13.3.1/thumb/v7-m/nofp/crtbegin.o
                0x08009b24                        PROVIDE (__init_array_end = .)
                0x08009b24                        . = ALIGN (0x4)

.fini_array     0x08009b24        0x4
                0x08009b24                        . = ALIGN (0x4)
                [!provide]                        PROVIDE (__fini_array_start = .)
 *(SORT_BY_NAME(.fini_array.*))
 *(.fini_array*)
 .fini_array    0x08009b24        0x4 C:/ST/STM32CubeIDE_1.18.1/STM32CubeIDE/plugins/com.st.stm32cube.ide.mcu.externaltools.gnu-tools-for-stm32.13.3.rel1.win32_1.0.0.202411081344/tools/bin/../lib/gcc/arm-none-eabi/13.3.1/thumb/v7-m/nofp/crtbegin.o
                [!provide]                        PROVIDE (__fini_array_end = .)
                0x08009b28                        . = ALIGN (0x4)
                0x08009b28                        _sidata = LOADADDR (.data)

.rel.dyn        0x08009b28        0x0
 .rel.iplt      0x08009b28        0x0 C:/ST/STM32CubeIDE_1.18.1/STM32CubeIDE/plugins/com.st.stm32cube.ide.mcu.externaltools.gnu-tools-for-stm32.13.3.rel1.win32_1.0.0.202411081344/tools/bin/../lib/gcc/arm-none-eabi/13.3.1/thumb/v7-m/nofp/crtbegin.o

.data           0x20000000      0x164 load address 0x08009b28
                0x20000000                        . = ALIGN (0x4)
                0x20000000                        _sdata = .
 *(.data)
 *(.data*)
 .data.SystemCoreClock
                0x20000000        0x4 ./Core/Src/system_stm32f1xx.o
                0x20000000                SystemCoreClock
 .data.uwTickPrio
                0x20000004        0x4 ./Drivers/STM32F1xx_HAL_Driver/Src/stm32f1xx_hal.o
                0x20000004                uwTickPrio
 .data.uwTickFreq
                0x20000008        0x1 ./Drivers/STM32F1xx_HAL_Driver/Src/stm32f1xx_hal.o
                0x20000008                uwTickFreq
 *fill*         0x20000009        0x3 
 .data.USBD_HID
                0x2000000c       0x38 ./Middlewares/ST/STM32_USB_Device_Library/Class/HID/Src/usbd_hid.o
                0x2000000c                USBD_HID
 .data.USBD_HID_CfgFSDesc
                0x20000044       0x22 ./Middlewares/ST/STM32_USB_Device_Library/Class/HID/Src/usbd_hid.o
 *fill*         0x20000066        0x2 
 .data.USBD_HID_CfgHSDesc
                0x20000068       0x22 ./Middlewares/ST/STM32_USB_Device_Library/Class/HID/Src/usbd_hid.o
 *fill*         0x2000008a        0x2 
 .data.USBD_HID_OtherSpeedCfgDesc
                0x2000008c       0x22 ./Middlewares/ST/STM32_USB_Device_Library/Class/HID/Src/usbd_hid.o
 *fill*         0x200000ae        0x2 
 .data.USBD_HID_Desc
                0x200000b0        0x9 ./Middlewares/ST/STM32_USB_Device_Library/Class/HID/Src/usbd_hid.o
 *fill*         0x200000b9        0x3 
 .data.USBD_HID_DeviceQualifierDesc
                0x200000bc        0xa ./Middlewares/ST/STM32_USB_Device_Library/Class/HID/Src/usbd_hid.o
 *fill*         0x200000c6        0x2 
 .data.HID_MOUSE_ReportDesc
                0x200000c8       0x4a ./Middlewares/ST/STM32_USB_Device_Library/Class/HID/Src/usbd_hid.o
 *fill*         0x20000112        0x2 
 .data.FS_Desc  0x20000114       0x1c ./USB_DEVICE/App/usbd_desc.o
                0x20000114                FS_Desc
 .data.USBD_FS_DeviceDesc
                0x20000130       0x12 ./USB_DEVICE/App/usbd_desc.o
                0x20000130                USBD_FS_DeviceDesc
 *fill*         0x20000142        0x2 
 .data.USBD_LangIDDesc
                0x20000144        0x4 ./USB_DEVICE/App/usbd_desc.o
                0x20000144                USBD_LangIDDesc
 .data.USBD_StringSerial
                0x20000148       0x1a ./USB_DEVICE/App/usbd_desc.o
                0x20000148                USBD_StringSerial
 *(.RamFunc)
 *(.RamFunc*)
                0x20000164                        . = ALIGN (0x4)
 *fill*         0x20000162        0x2 
                0x20000164                        _edata = .

.igot.plt       0x20000164        0x0 load address 0x08009c8c
 .igot.plt      0x20000164        0x0 C:/ST/STM32CubeIDE_1.18.1/STM32CubeIDE/plugins/com.st.stm32cube.ide.mcu.externaltools.gnu-tools-for-stm32.13.3.rel1.win32_1.0.0.202411081344/tools/bin/../lib/gcc/arm-none-eabi/13.3.1/thumb/v7-m/nofp/crtbegin.o
                0x20000164                        . = ALIGN (0x4)

.bss            0x20000164      0x974 load address 0x08009c8c
                0x20000164                        _sbss = .
                0x20000164                        __bss_start__ = _sbss
 *(.bss)
 .bss           0x20000164       0x1c C:/ST/STM32CubeIDE_1.18.1/STM32CubeIDE/plugins/com.st.stm32cube.ide.mcu.externaltools.gnu-tools-for-stm32.13.3.rel1.win32_1.0.0.202411081344/tools/bin/../lib/gcc/arm-none-eabi/13.3.1/thumb/v7-m/nofp/crtbegin.o
 *(.bss*)
 .bss.hi2c1     0x20000180       0x54 ./Core/Src/main.o
                0x20000180                hi2c1
 .bss.htim1     0x200001d4       0x48 ./Core/Src/main.o
                0x200001d4                htim1
 .bss.htim2     0x2000021c       0x48 ./Core/Src/main.o
                0x2000021c                htim2
 .bss.htim3     0x20000264       0x48 ./Core/Src/main.o
                0x20000264                htim3
 .bss.htim4     0x200002ac       0x48 ./Core/Src/main.o
                0x200002ac                htim4
 .bss.data_buffer
                0x200002f4        0xa ./Core/Src/main.o
                0x200002f4                data_buffer
 *fill*         0x200002fe        0x2 
 .bss.RxData    0x20000300        0xa ./Core/Src/main.o
                0x20000300                RxData
 *fill*         0x2000030a        0x2 
 .bss.encoder   0x2000030c       0x10 ./Core/Src/main.o
                0x2000030c                encoder
 .bss.count     0x2000031c        0x4 ./Core/Src/main.o
                0x2000031c                count
 .bss.uwTick    0x20000320        0x4 ./Drivers/STM32F1xx_HAL_Driver/Src/stm32f1xx_hal.o
                0x20000320                uwTick
 .bss.cfgidx.0  0x20000324        0x1 ./Middlewares/ST/STM32_USB_Device_Library/Core/Src/usbd_ctlreq.o
 *fill*         0x20000325        0x3 
 .bss.hUsbDeviceFS
                0x20000328      0x2c4 ./USB_DEVICE/App/usb_device.o
                0x20000328                hUsbDeviceFS
 .bss.USBD_StrDesc
                0x200005ec      0x200 ./USB_DEVICE/App/usbd_desc.o
                0x200005ec                USBD_StrDesc
 .bss.hpcd_USB_FS
                0x200007ec      0x2d8 ./USB_DEVICE/Target/usbd_conf.o
                0x200007ec                hpcd_USB_FS
 .bss.mem.0     0x20000ac4       0x14 ./USB_DEVICE/Target/usbd_conf.o
 *(COMMON)
                0x20000ad8                        . = ALIGN (0x4)
                0x20000ad8                        _ebss = .
                0x20000ad8                        __bss_end__ = _ebss

._user_heap_stack
                0x20000ad8      0x600 load address 0x08009c8c
                0x20000ad8                        . = ALIGN (0x8)
                [!provide]                        PROVIDE (end = .)
                0x20000ad8                        PROVIDE (_end = .)
                0x20000cd8                        . = (. + _Min_Heap_Size)
 *fill*         0x20000ad8      0x200 
                0x200010d8                        . = (. + _Min_Stack_Size)
 *fill*         0x20000cd8      0x400 
                0x200010d8                        . = ALIGN (0x8)

/DISCARD/
 libc.a(*)
 libm.a(*)
 libgcc.a(*)

.ARM.attributes
                0x00000000       0x29
 *(.ARM.attributes)
 .ARM.attributes
                0x00000000       0x1d C:/ST/STM32CubeIDE_1.18.1/STM32CubeIDE/plugins/com.st.stm32cube.ide.mcu.externaltools.gnu-tools-for-stm32.13.3.rel1.win32_1.0.0.202411081344/tools/bin/../lib/gcc/arm-none-eabi/13.3.1/thumb/v7-m/nofp/crti.o
 .ARM.attributes
                0x0000001d       0x2d C:/ST/STM32CubeIDE_1.18.1/STM32CubeIDE/plugins/com.st.stm32cube.ide.mcu.externaltools.gnu-tools-for-stm32.13.3.rel1.win32_1.0.0.202411081344/tools/bin/../lib/gcc/arm-none-eabi/13.3.1/thumb/v7-m/nofp/crtbegin.o
 .ARM.attributes
                0x0000004a       0x2d ./Core/Src/main.o
 .ARM.attributes
                0x00000077       0x2d ./Core/Src/stm32f1xx_hal_msp.o
 .ARM.attributes
                0x000000a4       0x2d ./Core/Src/stm32f1xx_it.o
 .ARM.attributes
                0x000000d1       0x2d ./Core/Src/system_stm32f1xx.o
 .ARM.attributes
                0x000000fe       0x21 ./Core/Startup/startup_stm32f103c8tx.o
 .ARM.attributes
                0x0000011f       0x2d ./Drivers/STM32F1xx_HAL_Driver/Src/stm32f1xx_hal.o
 .ARM.attributes
                0x0000014c       0x2d ./Drivers/STM32F1xx_HAL_Driver/Src/stm32f1xx_hal_cortex.o
 .ARM.attributes
                0x00000179       0x2d ./Drivers/STM32F1xx_HAL_Driver/Src/stm32f1xx_hal_dma.o
 .ARM.attributes
                0x000001a6       0x2d ./Drivers/STM32F1xx_HAL_Driver/Src/stm32f1xx_hal_gpio.o
 .ARM.attributes
                0x000001d3       0x2d ./Drivers/STM32F1xx_HAL_Driver/Src/stm32f1xx_hal_i2c.o
 .ARM.attributes
                0x00000200       0x2d ./Drivers/STM32F1xx_HAL_Driver/Src/stm32f1xx_hal_pcd.o
 .ARM.attributes
                0x0000022d       0x2d ./Drivers/STM32F1xx_HAL_Driver/Src/stm32f1xx_hal_pcd_ex.o
 .ARM.attributes
                0x0000025a       0x2d ./Drivers/STM32F1xx_HAL_Driver/Src/stm32f1xx_hal_rcc.o
 .ARM.attributes
                0x00000287       0x2d ./Drivers/STM32F1xx_HAL_Driver/Src/stm32f1xx_hal_rcc_ex.o
 .ARM.attributes
                0x000002b4       0x2d ./Drivers/STM32F1xx_HAL_Driver/Src/stm32f1xx_hal_tim.o
 .ARM.attributes
                0x000002e1       0x2d ./Drivers/STM32F1xx_HAL_Driver/Src/stm32f1xx_hal_tim_ex.o
 .ARM.attributes
                0x0000030e       0x2d ./Drivers/STM32F1xx_HAL_Driver/Src/stm32f1xx_ll_usb.o
 .ARM.attributes
                0x0000033b       0x2d ./Middlewares/ST/STM32_USB_Device_Library/Class/HID/Src/usbd_hid.o
 .ARM.attributes
                0x00000368       0x2d ./Middlewares/ST/STM32_USB_Device_Library/Core/Src/usbd_core.o
 .ARM.attributes
                0x00000395       0x2d ./Middlewares/ST/STM32_USB_Device_Library/Core/Src/usbd_ctlreq.o
 .ARM.attributes
                0x000003c2       0x2d ./Middlewares/ST/STM32_USB_Device_Library/Core/Src/usbd_ioreq.o
 .ARM.attributes
                0x000003ef       0x2d ./USB_DEVICE/App/usb_device.o
 .ARM.attributes
                0x0000041c       0x2d ./USB_DEVICE/App/usbd_desc.o
 .ARM.attributes
                0x00000449       0x2d ./USB_DEVICE/Target/usbd_conf.o
 .ARM.attributes
                0x00000476       0x2d C:/ST/STM32CubeIDE_1.18.1/STM32CubeIDE/plugins/com.st.stm32cube.ide.mcu.externaltools.gnu-tools-for-stm32.13.3.rel1.win32_1.0.0.202411081344/tools/bin/../lib/gcc/arm-none-eabi/13.3.1/../../../../arm-none-eabi/lib/thumb/v7-m/nofp\libc_nano.a(libc_a-memset.o)
 .ARM.attributes
                0x000004a3       0x2d C:/ST/STM32CubeIDE_1.18.1/STM32CubeIDE/plugins/com.st.stm32cube.ide.mcu.externaltools.gnu-tools-for-stm32.13.3.rel1.win32_1.0.0.202411081344/tools/bin/../lib/gcc/arm-none-eabi/13.3.1/../../../../arm-none-eabi/lib/thumb/v7-m/nofp\libc_nano.a(libc_a-init.o)
 .ARM.attributes
                0x000004d0       0x1d C:/ST/STM32CubeIDE_1.18.1/STM32CubeIDE/plugins/com.st.stm32cube.ide.mcu.externaltools.gnu-tools-for-stm32.13.3.rel1.win32_1.0.0.202411081344/tools/bin/../lib/gcc/arm-none-eabi/13.3.1/thumb/v7-m/nofp/crtn.o
OUTPUT(quadrature_to_usb_midi.elf elf32-littlearm)
LOAD linker stubs
LOAD C:/ST/STM32CubeIDE_1.18.1/STM32CubeIDE/plugins/com.st.stm32cube.ide.mcu.externaltools.gnu-tools-for-stm32.13.3.rel1.win32_1.0.0.202411081344/tools/bin/../lib/gcc/arm-none-eabi/13.3.1/../../../../arm-none-eabi/lib/thumb/v7-m/nofp\libc.a
LOAD C:/ST/STM32CubeIDE_1.18.1/STM32CubeIDE/plugins/com.st.stm32cube.ide.mcu.externaltools.gnu-tools-for-stm32.13.3.rel1.win32_1.0.0.202411081344/tools/bin/../lib/gcc/arm-none-eabi/13.3.1/../../../../arm-none-eabi/lib/thumb/v7-m/nofp\libm.a
LOAD C:/ST/STM32CubeIDE_1.18.1/STM32CubeIDE/plugins/com.st.stm32cube.ide.mcu.externaltools.gnu-tools-for-stm32.13.3.rel1.win32_1.0.0.202411081344/tools/bin/../lib/gcc/arm-none-eabi/13.3.1/thumb/v7-m/nofp\libgcc.a

.debug_info     0x00000000    0x138fc
 .debug_info    0x00000000     0x1689 ./Core/Src/main.o
 .debug_info    0x00001689      0xe70 ./Core/Src/stm32f1xx_hal_msp.o
 .debug_info    0x000024f9      0xaa2 ./Core/Src/stm32f1xx_it.o
 .debug_info    0x00002f9b      0x222 ./Core/Src/system_stm32f1xx.o
 .debug_info    0x000031bd       0x30 ./Core/Startup/startup_stm32f103c8tx.o
 .debug_info    0x000031ed      0x704 ./Drivers/STM32F1xx_HAL_Driver/Src/stm32f1xx_hal.o
 .debug_info    0x000038f1      0xa87 ./Drivers/STM32F1xx_HAL_Driver/Src/stm32f1xx_hal_cortex.o
 .debug_info    0x00004378      0x6d2 ./Drivers/STM32F1xx_HAL_Driver/Src/stm32f1xx_hal_dma.o
 .debug_info    0x00004a4a      0x5ab ./Drivers/STM32F1xx_HAL_Driver/Src/stm32f1xx_hal_gpio.o
 .debug_info    0x00004ff5     0x2524 ./Drivers/STM32F1xx_HAL_Driver/Src/stm32f1xx_hal_i2c.o
 .debug_info    0x00007519     0x16dc ./Drivers/STM32F1xx_HAL_Driver/Src/stm32f1xx_hal_pcd.o
 .debug_info    0x00008bf5      0x6c3 ./Drivers/STM32F1xx_HAL_Driver/Src/stm32f1xx_hal_pcd_ex.o
 .debug_info    0x000092b8      0x7d5 ./Drivers/STM32F1xx_HAL_Driver/Src/stm32f1xx_hal_rcc.o
 .debug_info    0x00009a8d      0x3c0 ./Drivers/STM32F1xx_HAL_Driver/Src/stm32f1xx_hal_rcc_ex.o
 .debug_info    0x00009e4d     0x2959 ./Drivers/STM32F1xx_HAL_Driver/Src/stm32f1xx_hal_tim.o
 .debug_info    0x0000c7a6     0x149b ./Drivers/STM32F1xx_HAL_Driver/Src/stm32f1xx_hal_tim_ex.o
 .debug_info    0x0000dc41     0x17ae ./Drivers/STM32F1xx_HAL_Driver/Src/stm32f1xx_ll_usb.o
 .debug_info    0x0000f3ef      0x927 ./Middlewares/ST/STM32_USB_Device_Library/Class/HID/Src/usbd_hid.o
 .debug_info    0x0000fd16      0xa52 ./Middlewares/ST/STM32_USB_Device_Library/Core/Src/usbd_core.o
 .debug_info    0x00010768      0x91c ./Middlewares/ST/STM32_USB_Device_Library/Core/Src/usbd_ctlreq.o
 .debug_info    0x00011084      0x6a0 ./Middlewares/ST/STM32_USB_Device_Library/Core/Src/usbd_ioreq.o
 .debug_info    0x00011724      0x53a ./USB_DEVICE/App/usb_device.o
 .debug_info    0x00011c5e      0x44a ./USB_DEVICE/App/usbd_desc.o
 .debug_info    0x000120a8     0x1854 ./USB_DEVICE/Target/usbd_conf.o

.debug_abbrev   0x00000000     0x331e
 .debug_abbrev  0x00000000      0x3d5 ./Core/Src/main.o
 .debug_abbrev  0x000003d5      0x201 ./Core/Src/stm32f1xx_hal_msp.o
 .debug_abbrev  0x000005d6      0x1b4 ./Core/Src/stm32f1xx_it.o
 .debug_abbrev  0x0000078a      0x13f ./Core/Src/system_stm32f1xx.o
 .debug_abbrev  0x000008c9       0x24 ./Core/Startup/startup_stm32f103c8tx.o
 .debug_abbrev  0x000008ed      0x201 ./Drivers/STM32F1xx_HAL_Driver/Src/stm32f1xx_hal.o
 .debug_abbrev  0x00000aee      0x2f8 ./Drivers/STM32F1xx_HAL_Driver/Src/stm32f1xx_hal_cortex.o
 .debug_abbrev  0x00000de6      0x20b ./Drivers/STM32F1xx_HAL_Driver/Src/stm32f1xx_hal_dma.o
 .debug_abbrev  0x00000ff1      0x1ca ./Drivers/STM32F1xx_HAL_Driver/Src/stm32f1xx_hal_gpio.o
 .debug_abbrev  0x000011bb      0x2a3 ./Drivers/STM32F1xx_HAL_Driver/Src/stm32f1xx_hal_i2c.o
 .debug_abbrev  0x0000145e      0x2d6 ./Drivers/STM32F1xx_HAL_Driver/Src/stm32f1xx_hal_pcd.o
 .debug_abbrev  0x00001734      0x189 ./Drivers/STM32F1xx_HAL_Driver/Src/stm32f1xx_hal_pcd_ex.o
 .debug_abbrev  0x000018bd      0x2b3 ./Drivers/STM32F1xx_HAL_Driver/Src/stm32f1xx_hal_rcc.o
 .debug_abbrev  0x00001b70      0x188 ./Drivers/STM32F1xx_HAL_Driver/Src/stm32f1xx_hal_rcc_ex.o
 .debug_abbrev  0x00001cf8      0x277 ./Drivers/STM32F1xx_HAL_Driver/Src/stm32f1xx_hal_tim.o
 .debug_abbrev  0x00001f6f      0x282 ./Drivers/STM32F1xx_HAL_Driver/Src/stm32f1xx_hal_tim_ex.o
 .debug_abbrev  0x000021f1      0x1de ./Drivers/STM32F1xx_HAL_Driver/Src/stm32f1xx_ll_usb.o
 .debug_abbrev  0x000023cf      0x26b ./Middlewares/ST/STM32_USB_Device_Library/Class/HID/Src/usbd_hid.o
 .debug_abbrev  0x0000263a      0x24a ./Middlewares/ST/STM32_USB_Device_Library/Core/Src/usbd_core.o
 .debug_abbrev  0x00002884      0x26b ./Middlewares/ST/STM32_USB_Device_Library/Core/Src/usbd_ctlreq.o
 .debug_abbrev  0x00002aef      0x192 ./Middlewares/ST/STM32_USB_Device_Library/Core/Src/usbd_ioreq.o
 .debug_abbrev  0x00002c81      0x188 ./USB_DEVICE/App/usb_device.o
 .debug_abbrev  0x00002e09      0x1ff ./USB_DEVICE/App/usbd_desc.o
 .debug_abbrev  0x00003008      0x316 ./USB_DEVICE/Target/usbd_conf.o

.debug_aranges  0x00000000     0x1310
 .debug_aranges
                0x00000000       0xb8 ./Core/Src/main.o
 .debug_aranges
                0x000000b8       0x40 ./Core/Src/stm32f1xx_hal_msp.o
 .debug_aranges
                0x000000f8       0x70 ./Core/Src/stm32f1xx_it.o
 .debug_aranges
                0x00000168       0x28 ./Core/Src/system_stm32f1xx.o
 .debug_aranges
                0x00000190       0x28 ./Core/Startup/startup_stm32f103c8tx.o
 .debug_aranges
                0x000001b8       0xe0 ./Drivers/STM32F1xx_HAL_Driver/Src/stm32f1xx_hal.o
 .debug_aranges
                0x00000298      0x100 ./Drivers/STM32F1xx_HAL_Driver/Src/stm32f1xx_hal_cortex.o
 .debug_aranges
                0x00000398       0x80 ./Drivers/STM32F1xx_HAL_Driver/Src/stm32f1xx_hal_dma.o
 .debug_aranges
                0x00000418       0x58 ./Drivers/STM32F1xx_HAL_Driver/Src/stm32f1xx_hal_gpio.o
 .debug_aranges
                0x00000470      0x2a8 ./Drivers/STM32F1xx_HAL_Driver/Src/stm32f1xx_hal_i2c.o
 .debug_aranges
                0x00000718      0x140 ./Drivers/STM32F1xx_HAL_Driver/Src/stm32f1xx_hal_pcd.o
 .debug_aranges
                0x00000858       0x38 ./Drivers/STM32F1xx_HAL_Driver/Src/stm32f1xx_hal_pcd_ex.o
 .debug_aranges
                0x00000890       0x90 ./Drivers/STM32F1xx_HAL_Driver/Src/stm32f1xx_hal_rcc.o
 .debug_aranges
                0x00000920       0x30 ./Drivers/STM32F1xx_HAL_Driver/Src/stm32f1xx_hal_rcc_ex.o
 .debug_aranges
                0x00000950      0x3d0 ./Drivers/STM32F1xx_HAL_Driver/Src/stm32f1xx_hal_tim.o
 .debug_aranges
                0x00000d20      0x168 ./Drivers/STM32F1xx_HAL_Driver/Src/stm32f1xx_hal_tim_ex.o
 .debug_aranges
                0x00000e88       0xf8 ./Drivers/STM32F1xx_HAL_Driver/Src/stm32f1xx_ll_usb.o
 .debug_aranges
                0x00000f80       0x68 ./Middlewares/ST/STM32_USB_Device_Library/Class/HID/Src/usbd_hid.o
 .debug_aranges
                0x00000fe8       0xb8 ./Middlewares/ST/STM32_USB_Device_Library/Core/Src/usbd_core.o
 .debug_aranges
                0x000010a0       0x88 ./Middlewares/ST/STM32_USB_Device_Library/Core/Src/usbd_ctlreq.o
 .debug_aranges
                0x00001128       0x50 ./Middlewares/ST/STM32_USB_Device_Library/Core/Src/usbd_ioreq.o
 .debug_aranges
                0x00001178       0x20 ./USB_DEVICE/App/usb_device.o
 .debug_aranges
                0x00001198       0x60 ./USB_DEVICE/App/usbd_desc.o
 .debug_aranges
                0x000011f8      0x118 ./USB_DEVICE/Target/usbd_conf.o

.debug_rnglists
                0x00000000      0xeb2
 .debug_rnglists
                0x00000000       0x8c ./Core/Src/main.o
 .debug_rnglists
                0x0000008c       0x2e ./Core/Src/stm32f1xx_hal_msp.o
 .debug_rnglists
                0x000000ba       0x4f ./Core/Src/stm32f1xx_it.o
 .debug_rnglists
                0x00000109       0x1a ./Core/Src/system_stm32f1xx.o
 .debug_rnglists
                0x00000123       0x19 ./Core/Startup/startup_stm32f103c8tx.o
 .debug_rnglists
                0x0000013c       0xa3 ./Drivers/STM32F1xx_HAL_Driver/Src/stm32f1xx_hal.o
 .debug_rnglists
                0x000001df       0xbb ./Drivers/STM32F1xx_HAL_Driver/Src/stm32f1xx_hal_cortex.o
 .debug_rnglists
                0x0000029a       0x64 ./Drivers/STM32F1xx_HAL_Driver/Src/stm32f1xx_hal_dma.o
 .debug_rnglists
                0x000002fe       0x3f ./Drivers/STM32F1xx_HAL_Driver/Src/stm32f1xx_hal_gpio.o
 .debug_rnglists
                0x0000033d      0x23c ./Drivers/STM32F1xx_HAL_Driver/Src/stm32f1xx_hal_i2c.o
 .debug_rnglists
                0x00000579       0xf4 ./Drivers/STM32F1xx_HAL_Driver/Src/stm32f1xx_hal_pcd.o
 .debug_rnglists
                0x0000066d       0x26 ./Drivers/STM32F1xx_HAL_Driver/Src/stm32f1xx_hal_pcd_ex.o
 .debug_rnglists
                0x00000693       0x6c ./Drivers/STM32F1xx_HAL_Driver/Src/stm32f1xx_hal_rcc.o
 .debug_rnglists
                0x000006ff       0x21 ./Drivers/STM32F1xx_HAL_Driver/Src/stm32f1xx_hal_rcc_ex.o
 .debug_rnglists
                0x00000720      0x31a ./Drivers/STM32F1xx_HAL_Driver/Src/stm32f1xx_hal_tim.o
 .debug_rnglists
                0x00000a3a      0x125 ./Drivers/STM32F1xx_HAL_Driver/Src/stm32f1xx_hal_tim_ex.o
 .debug_rnglists
                0x00000b5f       0xbd ./Drivers/STM32F1xx_HAL_Driver/Src/stm32f1xx_ll_usb.o
 .debug_rnglists
                0x00000c1c       0x4a ./Middlewares/ST/STM32_USB_Device_Library/Class/HID/Src/usbd_hid.o
 .debug_rnglists
                0x00000c66       0x89 ./Middlewares/ST/STM32_USB_Device_Library/Core/Src/usbd_core.o
 .debug_rnglists
                0x00000cef       0x68 ./Middlewares/ST/STM32_USB_Device_Library/Core/Src/usbd_ctlreq.o
 .debug_rnglists
                0x00000d57       0x37 ./Middlewares/ST/STM32_USB_Device_Library/Core/Src/usbd_ioreq.o
 .debug_rnglists
                0x00000d8e       0x13 ./USB_DEVICE/App/usb_device.o
 .debug_rnglists
                0x00000da1       0x43 ./USB_DEVICE/App/usbd_desc.o
 .debug_rnglists
                0x00000de4       0xce ./USB_DEVICE/Target/usbd_conf.o

.debug_macro    0x00000000    0x1a4e9
 .debug_macro   0x00000000      0x37c ./Core/Src/main.o
 .debug_macro   0x0000037c      0xacc ./Core/Src/main.o
 .debug_macro   0x00000e48      0x221 ./Core/Src/main.o
 .debug_macro   0x00001069       0x2e ./Core/Src/main.o
 .debug_macro   0x00001097       0x22 ./Core/Src/main.o
 .debug_macro   0x000010b9       0x22 ./Core/Src/main.o
 .debug_macro   0x000010db       0x8e ./Core/Src/main.o
 .debug_macro   0x00001169       0x51 ./Core/Src/main.o
 .debug_macro   0x000011ba      0x103 ./Core/Src/main.o
 .debug_macro   0x000012bd       0x6a ./Core/Src/main.o
 .debug_macro   0x00001327      0x1df ./Core/Src/main.o
 .debug_macro   0x00001506       0x1c ./Core/Src/main.o
 .debug_macro   0x00001522       0x22 ./Core/Src/main.o
 .debug_macro   0x00001544       0xbd ./Core/Src/main.o
 .debug_macro   0x00001601      0xd23 ./Core/Src/main.o
 .debug_macro   0x00002324     0xe09e ./Core/Src/main.o
 .debug_macro   0x000103c2       0x6d ./Core/Src/main.o
 .debug_macro   0x0001042f     0x34a2 ./Core/Src/main.o
 .debug_macro   0x000138d1      0x190 ./Core/Src/main.o
 .debug_macro   0x00013a61       0x5c ./Core/Src/main.o
 .debug_macro   0x00013abd      0x5bc ./Core/Src/main.o
 .debug_macro   0x00014079      0x289 ./Core/Src/main.o
 .debug_macro   0x00014302      0x1cb ./Core/Src/main.o
 .debug_macro   0x000144cd      0x114 ./Core/Src/main.o
 .debug_macro   0x000145e1      0x1b2 ./Core/Src/main.o
 .debug_macro   0x00014793       0x27 ./Core/Src/main.o
 .debug_macro   0x000147ba      0x136 ./Core/Src/main.o
 .debug_macro   0x000148f0      0x1bc ./Core/Src/main.o
 .debug_macro   0x00014aac       0x34 ./Core/Src/main.o
 .debug_macro   0x00014ae0       0x3c ./Core/Src/main.o
 .debug_macro   0x00014b1c       0x57 ./Core/Src/main.o
 .debug_macro   0x00014b73       0x87 ./Core/Src/main.o
 .debug_macro   0x00014bfa      0x240 ./Core/Src/main.o
 .debug_macro   0x00014e3a      0x287 ./Core/Src/main.o
 .debug_macro   0x000150c1      0x140 ./Core/Src/main.o
 .debug_macro   0x00015201      0x8ed ./Core/Src/main.o
 .debug_macro   0x00015aee       0xb7 ./Core/Src/main.o
 .debug_macro   0x00015ba5      0x242 ./Core/Src/main.o
 .debug_macro   0x00015de7       0x83 ./Core/Src/main.o
 .debug_macro   0x00015e6a       0x1c ./Core/Src/main.o
 .debug_macro   0x00015e86       0x61 ./Core/Src/main.o
 .debug_macro   0x00015ee7       0x24 ./Core/Src/main.o
 .debug_macro   0x00015f0b       0x43 ./Core/Src/main.o
 .debug_macro   0x00015f4e       0x34 ./Core/Src/main.o
 .debug_macro   0x00015f82       0x16 ./Core/Src/main.o
 .debug_macro   0x00015f98       0x3c ./Core/Src/main.o
 .debug_macro   0x00015fd4      0x370 ./Core/Src/main.o
 .debug_macro   0x00016344       0x10 ./Core/Src/main.o
 .debug_macro   0x00016354       0x16 ./Core/Src/main.o
 .debug_macro   0x0001636a       0x4a ./Core/Src/main.o
 .debug_macro   0x000163b4       0x34 ./Core/Src/main.o
 .debug_macro   0x000163e8       0x10 ./Core/Src/main.o
 .debug_macro   0x000163f8       0x58 ./Core/Src/main.o
 .debug_macro   0x00016450       0x8e ./Core/Src/main.o
 .debug_macro   0x000164de       0x1c ./Core/Src/main.o
 .debug_macro   0x000164fa      0x185 ./Core/Src/main.o
 .debug_macro   0x0001667f       0x16 ./Core/Src/main.o
 .debug_macro   0x00016695       0x16 ./Core/Src/main.o
 .debug_macro   0x000166ab      0x146 ./Core/Src/main.o
 .debug_macro   0x000167f1       0x16 ./Core/Src/main.o
 .debug_macro   0x00016807       0x16 ./Core/Src/main.o
 .debug_macro   0x0001681d       0x29 ./Core/Src/main.o
 .debug_macro   0x00016846       0x16 ./Core/Src/main.o
 .debug_macro   0x0001685c       0x20 ./Core/Src/main.o
 .debug_macro   0x0001687c       0x5f ./Core/Src/main.o
 .debug_macro   0x000168db      0x1c8 ./Core/Src/main.o
 .debug_macro   0x00016aa3      0x112 ./Core/Src/main.o
 .debug_macro   0x00016bb5      0x1d6 ./Core/Src/stm32f1xx_hal_msp.o
 .debug_macro   0x00016d8b      0x1e0 ./Core/Src/stm32f1xx_it.o
 .debug_macro   0x00016f6b      0x1c7 ./Core/Src/system_stm32f1xx.o
 .debug_macro   0x00017132      0x1eb ./Drivers/STM32F1xx_HAL_Driver/Src/stm32f1xx_hal.o
 .debug_macro   0x0001731d      0x1c7 ./Drivers/STM32F1xx_HAL_Driver/Src/stm32f1xx_hal_cortex.o
 .debug_macro   0x000174e4      0x1c7 ./Drivers/STM32F1xx_HAL_Driver/Src/stm32f1xx_hal_dma.o
 .debug_macro   0x000176ab      0x232 ./Drivers/STM32F1xx_HAL_Driver/Src/stm32f1xx_hal_gpio.o
 .debug_macro   0x000178dd      0x215 ./Drivers/STM32F1xx_HAL_Driver/Src/stm32f1xx_hal_i2c.o
 .debug_macro   0x00017af2      0x1d3 ./Drivers/STM32F1xx_HAL_Driver/Src/stm32f1xx_hal_pcd.o
 .debug_macro   0x00017cc5      0x1c7 ./Drivers/STM32F1xx_HAL_Driver/Src/stm32f1xx_hal_pcd_ex.o
 .debug_macro   0x00017e8c      0x1d9 ./Drivers/STM32F1xx_HAL_Driver/Src/stm32f1xx_hal_rcc.o
 .debug_macro   0x00018065      0x1c7 ./Drivers/STM32F1xx_HAL_Driver/Src/stm32f1xx_hal_rcc_ex.o
 .debug_macro   0x0001822c      0x1c8 ./Drivers/STM32F1xx_HAL_Driver/Src/stm32f1xx_hal_tim.o
 .debug_macro   0x000183f4      0x1c7 ./Drivers/STM32F1xx_HAL_Driver/Src/stm32f1xx_hal_tim_ex.o
 .debug_macro   0x000185bb      0x1c7 ./Drivers/STM32F1xx_HAL_Driver/Src/stm32f1xx_ll_usb.o
 .debug_macro   0x00018782      0x365 ./Middlewares/ST/STM32_USB_Device_Library/Class/HID/Src/usbd_hid.o
 .debug_macro   0x00018ae7       0x9e ./Middlewares/ST/STM32_USB_Device_Library/Class/HID/Src/usbd_hid.o
 .debug_macro   0x00018b85      0x112 ./Middlewares/ST/STM32_USB_Device_Library/Class/HID/Src/usbd_hid.o
 .debug_macro   0x00018c97       0x56 ./Middlewares/ST/STM32_USB_Device_Library/Class/HID/Src/usbd_hid.o
 .debug_macro   0x00018ced       0x5e ./Middlewares/ST/STM32_USB_Device_Library/Class/HID/Src/usbd_hid.o
 .debug_macro   0x00018d4b      0x34c ./Middlewares/ST/STM32_USB_Device_Library/Core/Src/usbd_core.o
 .debug_macro   0x00019097      0x1ce ./Middlewares/ST/STM32_USB_Device_Library/Core/Src/usbd_core.o
 .debug_macro   0x00019265      0x356 ./Middlewares/ST/STM32_USB_Device_Library/Core/Src/usbd_ctlreq.o
 .debug_macro   0x000195bb      0x352 ./Middlewares/ST/STM32_USB_Device_Library/Core/Src/usbd_ioreq.o
 .debug_macro   0x0001990d      0x385 ./USB_DEVICE/App/usb_device.o
 .debug_macro   0x00019c92       0x22 ./USB_DEVICE/App/usb_device.o
 .debug_macro   0x00019cb4       0x22 ./USB_DEVICE/App/usb_device.o
 .debug_macro   0x00019cd6      0x118 ./USB_DEVICE/App/usb_device.o
 .debug_macro   0x00019dee      0x389 ./USB_DEVICE/App/usbd_desc.o
 .debug_macro   0x0001a177      0x372 ./USB_DEVICE/Target/usbd_conf.o

.debug_line     0x00000000    0x17b6e
 .debug_line    0x00000000      0xe86 ./Core/Src/main.o
 .debug_line    0x00000e86      0x85d ./Core/Src/stm32f1xx_hal_msp.o
 .debug_line    0x000016e3      0x821 ./Core/Src/stm32f1xx_it.o
 .debug_line    0x00001f04      0x7c1 ./Core/Src/system_stm32f1xx.o
 .debug_line    0x000026c5       0x78 ./Core/Startup/startup_stm32f103c8tx.o
 .debug_line    0x0000273d      0x9f2 ./Drivers/STM32F1xx_HAL_Driver/Src/stm32f1xx_hal.o
 .debug_line    0x0000312f      0xbbc ./Drivers/STM32F1xx_HAL_Driver/Src/stm32f1xx_hal_cortex.o
 .debug_line    0x00003ceb      0xdfc ./Drivers/STM32F1xx_HAL_Driver/Src/stm32f1xx_hal_dma.o
 .debug_line    0x00004ae7      0xa4f ./Drivers/STM32F1xx_HAL_Driver/Src/stm32f1xx_hal_gpio.o
 .debug_line    0x00005536     0x3bef ./Drivers/STM32F1xx_HAL_Driver/Src/stm32f1xx_hal_i2c.o
 .debug_line    0x00009125     0x1377 ./Drivers/STM32F1xx_HAL_Driver/Src/stm32f1xx_hal_pcd.o
 .debug_line    0x0000a49c      0x7bc ./Drivers/STM32F1xx_HAL_Driver/Src/stm32f1xx_hal_pcd_ex.o
 .debug_line    0x0000ac58      0xeab ./Drivers/STM32F1xx_HAL_Driver/Src/stm32f1xx_hal_rcc.o
 .debug_line    0x0000bb03      0x95c ./Drivers/STM32F1xx_HAL_Driver/Src/stm32f1xx_hal_rcc_ex.o
 .debug_line    0x0000c45f     0x34e0 ./Drivers/STM32F1xx_HAL_Driver/Src/stm32f1xx_hal_tim.o
 .debug_line    0x0000f93f     0x18b6 ./Drivers/STM32F1xx_HAL_Driver/Src/stm32f1xx_hal_tim_ex.o
 .debug_line    0x000111f5     0x1162 ./Drivers/STM32F1xx_HAL_Driver/Src/stm32f1xx_ll_usb.o
 .debug_line    0x00012357      0xc03 ./Middlewares/ST/STM32_USB_Device_Library/Class/HID/Src/usbd_hid.o
 .debug_line    0x00012f5a      0xda0 ./Middlewares/ST/STM32_USB_Device_Library/Core/Src/usbd_core.o
 .debug_line    0x00013cfa      0xfea ./Middlewares/ST/STM32_USB_Device_Library/Core/Src/usbd_ctlreq.o
 .debug_line    0x00014ce4      0xa56 ./Middlewares/ST/STM32_USB_Device_Library/Core/Src/usbd_ioreq.o
 .debug_line    0x0001573a      0xab8 ./USB_DEVICE/App/usb_device.o
 .debug_line    0x000161f2      0xacf ./USB_DEVICE/App/usbd_desc.o
 .debug_line    0x00016cc1      0xead ./USB_DEVICE/Target/usbd_conf.o

.debug_str      0x00000000    0x8fa70
 .debug_str     0x00000000    0x8fa70 ./Core/Src/main.o
                              0x8b816 (size before relaxing)
 .debug_str     0x0008fa70    0x869bb ./Core/Src/stm32f1xx_hal_msp.o
 .debug_str     0x0008fa70    0x86699 ./Core/Src/stm32f1xx_it.o
 .debug_str     0x0008fa70    0x85e60 ./Core/Src/system_stm32f1xx.o
 .debug_str     0x0008fa70       0xb5 ./Core/Startup/startup_stm32f103c8tx.o
 .debug_str     0x0008fa70    0x86593 ./Drivers/STM32F1xx_HAL_Driver/Src/stm32f1xx_hal.o
 .debug_str     0x0008fa70    0x864df ./Drivers/STM32F1xx_HAL_Driver/Src/stm32f1xx_hal_cortex.o
 .debug_str     0x0008fa70    0x86209 ./Drivers/STM32F1xx_HAL_Driver/Src/stm32f1xx_hal_dma.o
 .debug_str     0x0008fa70    0x861e6 ./Drivers/STM32F1xx_HAL_Driver/Src/stm32f1xx_hal_gpio.o
 .debug_str     0x0008fa70    0x86f27 ./Drivers/STM32F1xx_HAL_Driver/Src/stm32f1xx_hal_i2c.o
 .debug_str     0x0008fa70    0x8677d ./Drivers/STM32F1xx_HAL_Driver/Src/stm32f1xx_hal_pcd.o
 .debug_str     0x0008fa70    0x862df ./Drivers/STM32F1xx_HAL_Driver/Src/stm32f1xx_hal_pcd_ex.o
 .debug_str     0x0008fa70    0x8628f ./Drivers/STM32F1xx_HAL_Driver/Src/stm32f1xx_hal_rcc.o
 .debug_str     0x0008fa70    0x85fdf ./Drivers/STM32F1xx_HAL_Driver/Src/stm32f1xx_hal_rcc_ex.o
 .debug_str     0x0008fa70    0x87291 ./Drivers/STM32F1xx_HAL_Driver/Src/stm32f1xx_hal_tim.o
 .debug_str     0x0008fa70    0x86a9d ./Drivers/STM32F1xx_HAL_Driver/Src/stm32f1xx_hal_tim_ex.o
 .debug_str     0x0008fa70    0x86331 ./Drivers/STM32F1xx_HAL_Driver/Src/stm32f1xx_ll_usb.o
 .debug_str     0x0008fa70    0x8a8a7 ./Middlewares/ST/STM32_USB_Device_Library/Class/HID/Src/usbd_hid.o
 .debug_str     0x0008fa70    0x8a742 ./Middlewares/ST/STM32_USB_Device_Library/Core/Src/usbd_core.o
 .debug_str     0x0008fa70    0x8a65c ./Middlewares/ST/STM32_USB_Device_Library/Core/Src/usbd_ctlreq.o
 .debug_str     0x0008fa70    0x8a589 ./Middlewares/ST/STM32_USB_Device_Library/Core/Src/usbd_ioreq.o
 .debug_str     0x0008fa70    0x8ac8f ./USB_DEVICE/App/usb_device.o
 .debug_str     0x0008fa70    0x8a4c5 ./USB_DEVICE/App/usbd_desc.o
 .debug_str     0x0008fa70    0x8b7cd ./USB_DEVICE/Target/usbd_conf.o

.comment        0x00000000       0x43
 .comment       0x00000000       0x43 ./Core/Src/main.o
                                 0x44 (size before relaxing)
 .comment       0x00000043       0x44 ./Core/Src/stm32f1xx_hal_msp.o
 .comment       0x00000043       0x44 ./Core/Src/stm32f1xx_it.o
 .comment       0x00000043       0x44 ./Core/Src/system_stm32f1xx.o
 .comment       0x00000043       0x44 ./Drivers/STM32F1xx_HAL_Driver/Src/stm32f1xx_hal.o
 .comment       0x00000043       0x44 ./Drivers/STM32F1xx_HAL_Driver/Src/stm32f1xx_hal_cortex.o
 .comment       0x00000043       0x44 ./Drivers/STM32F1xx_HAL_Driver/Src/stm32f1xx_hal_dma.o
 .comment       0x00000043       0x44 ./Drivers/STM32F1xx_HAL_Driver/Src/stm32f1xx_hal_gpio.o
 .comment       0x00000043       0x44 ./Drivers/STM32F1xx_HAL_Driver/Src/stm32f1xx_hal_i2c.o
 .comment       0x00000043       0x44 ./Drivers/STM32F1xx_HAL_Driver/Src/stm32f1xx_hal_pcd.o
 .comment       0x00000043       0x44 ./Drivers/STM32F1xx_HAL_Driver/Src/stm32f1xx_hal_pcd_ex.o
 .comment       0x00000043       0x44 ./Drivers/STM32F1xx_HAL_Driver/Src/stm32f1xx_hal_rcc.o
 .comment       0x00000043       0x44 ./Drivers/STM32F1xx_HAL_Driver/Src/stm32f1xx_hal_rcc_ex.o
 .comment       0x00000043       0x44 ./Drivers/STM32F1xx_HAL_Driver/Src/stm32f1xx_hal_tim.o
 .comment       0x00000043       0x44 ./Drivers/STM32F1xx_HAL_Driver/Src/stm32f1xx_hal_tim_ex.o
 .comment       0x00000043       0x44 ./Drivers/STM32F1xx_HAL_Driver/Src/stm32f1xx_ll_usb.o
 .comment       0x00000043       0x44 ./Middlewares/ST/STM32_USB_Device_Library/Class/HID/Src/usbd_hid.o
 .comment       0x00000043       0x44 ./Middlewares/ST/STM32_USB_Device_Library/Core/Src/usbd_core.o
 .comment       0x00000043       0x44 ./Middlewares/ST/STM32_USB_Device_Library/Core/Src/usbd_ctlreq.o
 .comment       0x00000043       0x44 ./Middlewares/ST/STM32_USB_Device_Library/Core/Src/usbd_ioreq.o
 .comment       0x00000043       0x44 ./USB_DEVICE/App/usb_device.o
 .comment       0x00000043       0x44 ./USB_DEVICE/App/usbd_desc.o
 .comment       0x00000043       0x44 ./USB_DEVICE/Target/usbd_conf.o

.debug_frame    0x00000000     0x4fd4
 .debug_frame   0x00000000      0x2d8 ./Core/Src/main.o
 .debug_frame   0x000002d8       0xc8 ./Core/Src/stm32f1xx_hal_msp.o
 .debug_frame   0x000003a0      0x13c ./Core/Src/stm32f1xx_it.o
 .debug_frame   0x000004dc       0x58 ./Core/Src/system_stm32f1xx.o
 .debug_frame   0x00000534      0x334 ./Drivers/STM32F1xx_HAL_Driver/Src/stm32f1xx_hal.o
 .debug_frame   0x00000868      0x428 ./Drivers/STM32F1xx_HAL_Driver/Src/stm32f1xx_hal_cortex.o
 .debug_frame   0x00000c90      0x208 ./Drivers/STM32F1xx_HAL_Driver/Src/stm32f1xx_hal_dma.o
 .debug_frame   0x00000e98      0x14c ./Drivers/STM32F1xx_HAL_Driver/Src/stm32f1xx_hal_gpio.o
 .debug_frame   0x00000fe4      0xc84 ./Drivers/STM32F1xx_HAL_Driver/Src/stm32f1xx_hal_i2c.o
 .debug_frame   0x00001c68      0x594 ./Drivers/STM32F1xx_HAL_Driver/Src/stm32f1xx_hal_pcd.o
 .debug_frame   0x000021fc       0xb0 ./Drivers/STM32F1xx_HAL_Driver/Src/stm32f1xx_hal_pcd_ex.o
 .debug_frame   0x000022ac      0x218 ./Drivers/STM32F1xx_HAL_Driver/Src/stm32f1xx_hal_rcc.o
 .debug_frame   0x000024c4       0x80 ./Drivers/STM32F1xx_HAL_Driver/Src/stm32f1xx_hal_rcc_ex.o
 .debug_frame   0x00002544     0x11b8 ./Drivers/STM32F1xx_HAL_Driver/Src/stm32f1xx_hal_tim.o
 .debug_frame   0x000036fc      0x638 ./Drivers/STM32F1xx_HAL_Driver/Src/stm32f1xx_hal_tim_ex.o
 .debug_frame   0x00003d34      0x470 ./Drivers/STM32F1xx_HAL_Driver/Src/stm32f1xx_ll_usb.o
 .debug_frame   0x000041a4      0x190 ./Middlewares/ST/STM32_USB_Device_Library/Class/HID/Src/usbd_hid.o
 .debug_frame   0x00004334      0x300 ./Middlewares/ST/STM32_USB_Device_Library/Core/Src/usbd_core.o
 .debug_frame   0x00004634      0x218 ./Middlewares/ST/STM32_USB_Device_Library/Core/Src/usbd_ctlreq.o
 .debug_frame   0x0000484c      0x10c ./Middlewares/ST/STM32_USB_Device_Library/Core/Src/usbd_ioreq.o
 .debug_frame   0x00004958       0x2c ./USB_DEVICE/App/usb_device.o
 .debug_frame   0x00004984      0x160 ./USB_DEVICE/App/usbd_desc.o
 .debug_frame   0x00004ae4      0x4a4 ./USB_DEVICE/Target/usbd_conf.o
 .debug_frame   0x00004f88       0x20 C:/ST/STM32CubeIDE_1.18.1/STM32CubeIDE/plugins/com.st.stm32cube.ide.mcu.externaltools.gnu-tools-for-stm32.13.3.rel1.win32_1.0.0.202411081344/tools/bin/../lib/gcc/arm-none-eabi/13.3.1/../../../../arm-none-eabi/lib/thumb/v7-m/nofp\libc_nano.a(libc_a-memset.o)
 .debug_frame   0x00004fa8       0x2c C:/ST/STM32CubeIDE_1.18.1/STM32CubeIDE/plugins/com.st.stm32cube.ide.mcu.externaltools.gnu-tools-for-stm32.13.3.rel1.win32_1.0.0.202411081344/tools/bin/../lib/gcc/arm-none-eabi/13.3.1/../../../../arm-none-eabi/lib/thumb/v7-m/nofp\libc_nano.a(libc_a-init.o)

.debug_line_str
                0x00000000       0x99
 .debug_line_str
                0x00000000       0x99 ./Core/Startup/startup_stm32f103c8tx.o
