../Core/Src/main.c:92:5:main	8	static
../Core/Src/main.c:150:6:SystemClock_Config	88	static
../Core/Src/main.c:198:13:MX_ADC1_Init	24	static
../Core/Src/main.c:250:13:MX_TIM1_Init	96	static
../Core/Src/main.c:324:13:MX_TIM3_Init	64	static
../Core/Src/main.c:383:13:MX_TIM4_Init	64	static
../Core/Src/main.c:442:13:MX_TIM6_Init	16	static
../Core/Src/main.c:480:13:MX_TIM7_Init	16	static
../Core/Src/main.c:518:13:MX_TIM8_Init	96	static
../Core/Src/main.c:592:13:MX_TIM9_Init	56	static
../Core/Src/main.c:644:13:MX_TIM10_Init	40	static
../Core/Src/main.c:690:13:MX_TIM11_Init	40	static
../Core/Src/main.c:736:13:MX_TIM12_Init	56	static
../Core/Src/main.c:788:13:MX_TIM13_Init	40	static
../Core/Src/main.c:834:13:MX_TIM14_Init	40	static
../Core/Src/main.c:880:13:MX_GPIO_Init	56	static
../Core/Src/main.c:946:6:Error_Handler	4	static,ignoring_inline_asm
