Archive member included to satisfy reference by file (symbol)

C:/ST/STM32CubeIDE_1.18.1/STM32CubeIDE/plugins/com.st.stm32cube.ide.mcu.externaltools.gnu-tools-for-stm32.13.3.rel1.win32_1.0.0.202411081344/tools/bin/../lib/gcc/arm-none-eabi/13.3.1/../../../../arm-none-eabi/lib/thumb/v7e-m+fp/hard\libc_nano.a(libc_a-exit.o)
                              C:/ST/STM32CubeIDE_1.18.1/STM32CubeIDE/plugins/com.st.stm32cube.ide.mcu.externaltools.gnu-tools-for-stm32.13.3.rel1.win32_1.0.0.202411081344/tools/bin/../lib/gcc/arm-none-eabi/13.3.1/../../../../arm-none-eabi/lib/thumb/v7e-m+fp/hard/crt0.o (exit)
C:/ST/STM32CubeIDE_1.18.1/STM32CubeIDE/plugins/com.st.stm32cube.ide.mcu.externaltools.gnu-tools-for-stm32.13.3.rel1.win32_1.0.0.202411081344/tools/bin/../lib/gcc/arm-none-eabi/13.3.1/../../../../arm-none-eabi/lib/thumb/v7e-m+fp/hard\libc_nano.a(libc_a-findfp.o)
                              C:/ST/STM32CubeIDE_1.18.1/STM32CubeIDE/plugins/com.st.stm32cube.ide.mcu.externaltools.gnu-tools-for-stm32.13.3.rel1.win32_1.0.0.202411081344/tools/bin/../lib/gcc/arm-none-eabi/13.3.1/../../../../arm-none-eabi/lib/thumb/v7e-m+fp/hard\libc_nano.a(libc_a-exit.o) (__stdio_exit_handler)
C:/ST/STM32CubeIDE_1.18.1/STM32CubeIDE/plugins/com.st.stm32cube.ide.mcu.externaltools.gnu-tools-for-stm32.13.3.rel1.win32_1.0.0.202411081344/tools/bin/../lib/gcc/arm-none-eabi/13.3.1/../../../../arm-none-eabi/lib/thumb/v7e-m+fp/hard\libc_nano.a(libc_a-fwalk.o)
                              C:/ST/STM32CubeIDE_1.18.1/STM32CubeIDE/plugins/com.st.stm32cube.ide.mcu.externaltools.gnu-tools-for-stm32.13.3.rel1.win32_1.0.0.202411081344/tools/bin/../lib/gcc/arm-none-eabi/13.3.1/../../../../arm-none-eabi/lib/thumb/v7e-m+fp/hard\libc_nano.a(libc_a-findfp.o) (_fwalk_sglue)
C:/ST/STM32CubeIDE_1.18.1/STM32CubeIDE/plugins/com.st.stm32cube.ide.mcu.externaltools.gnu-tools-for-stm32.13.3.rel1.win32_1.0.0.202411081344/tools/bin/../lib/gcc/arm-none-eabi/13.3.1/../../../../arm-none-eabi/lib/thumb/v7e-m+fp/hard\libc_nano.a(libc_a-stdio.o)
                              C:/ST/STM32CubeIDE_1.18.1/STM32CubeIDE/plugins/com.st.stm32cube.ide.mcu.externaltools.gnu-tools-for-stm32.13.3.rel1.win32_1.0.0.202411081344/tools/bin/../lib/gcc/arm-none-eabi/13.3.1/../../../../arm-none-eabi/lib/thumb/v7e-m+fp/hard\libc_nano.a(libc_a-findfp.o) (__sread)
C:/ST/STM32CubeIDE_1.18.1/STM32CubeIDE/plugins/com.st.stm32cube.ide.mcu.externaltools.gnu-tools-for-stm32.13.3.rel1.win32_1.0.0.202411081344/tools/bin/../lib/gcc/arm-none-eabi/13.3.1/../../../../arm-none-eabi/lib/thumb/v7e-m+fp/hard\libc_nano.a(libc_a-memset.o)
                              C:/ST/STM32CubeIDE_1.18.1/STM32CubeIDE/plugins/com.st.stm32cube.ide.mcu.externaltools.gnu-tools-for-stm32.13.3.rel1.win32_1.0.0.202411081344/tools/bin/../lib/gcc/arm-none-eabi/13.3.1/../../../../arm-none-eabi/lib/thumb/v7e-m+fp/hard/crt0.o (memset)
C:/ST/STM32CubeIDE_1.18.1/STM32CubeIDE/plugins/com.st.stm32cube.ide.mcu.externaltools.gnu-tools-for-stm32.13.3.rel1.win32_1.0.0.202411081344/tools/bin/../lib/gcc/arm-none-eabi/13.3.1/../../../../arm-none-eabi/lib/thumb/v7e-m+fp/hard\libc_nano.a(libc_a-closer.o)
                              C:/ST/STM32CubeIDE_1.18.1/STM32CubeIDE/plugins/com.st.stm32cube.ide.mcu.externaltools.gnu-tools-for-stm32.13.3.rel1.win32_1.0.0.202411081344/tools/bin/../lib/gcc/arm-none-eabi/13.3.1/../../../../arm-none-eabi/lib/thumb/v7e-m+fp/hard\libc_nano.a(libc_a-stdio.o) (_close_r)
C:/ST/STM32CubeIDE_1.18.1/STM32CubeIDE/plugins/com.st.stm32cube.ide.mcu.externaltools.gnu-tools-for-stm32.13.3.rel1.win32_1.0.0.202411081344/tools/bin/../lib/gcc/arm-none-eabi/13.3.1/../../../../arm-none-eabi/lib/thumb/v7e-m+fp/hard\libc_nano.a(libc_a-reent.o)
                              C:/ST/STM32CubeIDE_1.18.1/STM32CubeIDE/plugins/com.st.stm32cube.ide.mcu.externaltools.gnu-tools-for-stm32.13.3.rel1.win32_1.0.0.202411081344/tools/bin/../lib/gcc/arm-none-eabi/13.3.1/../../../../arm-none-eabi/lib/thumb/v7e-m+fp/hard\libc_nano.a(libc_a-closer.o) (errno)
C:/ST/STM32CubeIDE_1.18.1/STM32CubeIDE/plugins/com.st.stm32cube.ide.mcu.externaltools.gnu-tools-for-stm32.13.3.rel1.win32_1.0.0.202411081344/tools/bin/../lib/gcc/arm-none-eabi/13.3.1/../../../../arm-none-eabi/lib/thumb/v7e-m+fp/hard\libc_nano.a(libc_a-impure.o)
                              C:/ST/STM32CubeIDE_1.18.1/STM32CubeIDE/plugins/com.st.stm32cube.ide.mcu.externaltools.gnu-tools-for-stm32.13.3.rel1.win32_1.0.0.202411081344/tools/bin/../lib/gcc/arm-none-eabi/13.3.1/../../../../arm-none-eabi/lib/thumb/v7e-m+fp/hard\libc_nano.a(libc_a-reent.o) (_impure_ptr)
C:/ST/STM32CubeIDE_1.18.1/STM32CubeIDE/plugins/com.st.stm32cube.ide.mcu.externaltools.gnu-tools-for-stm32.13.3.rel1.win32_1.0.0.202411081344/tools/bin/../lib/gcc/arm-none-eabi/13.3.1/../../../../arm-none-eabi/lib/thumb/v7e-m+fp/hard\libc_nano.a(libc_a-lseekr.o)
[...]
Memory Configuration

Name             Origin             Length             Attributes
CCMRAM           0x10000000         0x00010000         xrw
RAM              0x20000000         0x00020000         xrw
FLASH            0x08000000         0x00100000         xr
*default*        0x00000000         0xffffffff

Linker script and memory map

LOAD C:/ST/STM32CubeIDE_1.18.1/STM32CubeIDE/plugins/com.st.stm32cube.ide.mcu.externaltools.gnu-tools-for-stm32.13.3.rel1.win32_1.0.0.202411081344/tools/bin/../lib/gcc/arm-none-eabi/13.3.1/thumb/v7e-m+fp/hard/crti.o
LOAD C:/ST/STM32CubeIDE_1.18.1/STM32CubeIDE/plugins/com.st.stm32cube.ide.mcu.externaltools.gnu-tools-for-stm32.13.3.rel1.win32_1.0.0.202411081344/tools/bin/../lib/gcc/arm-none-eabi/13.3.1/thumb/v7e-m+fp/hard/crtbegin.o
LOAD C:/ST/STM32CubeIDE_1.18.1/STM32CubeIDE/plugins/com.st.stm32cube.ide.mcu.externaltools.gnu-tools-for-stm32.13.3.rel1.win32_1.0.0.202411081344/tools/bin/../lib/gcc/arm-none-eabi/13.3.1/../../../../arm-none-eabi/lib/thumb/v7e-m+fp/hard/crt0.o
LOAD ./Core/Src/main.o
LOAD ./Core/Src/stm32f4xx_hal_msp.o
LOAD ./Core/Src/stm32f4xx_it.o
LOAD ./Core/Src/syscalls.o
LOAD ./Core/Src/sysmem.o
LOAD ./Core/Src/system_stm32f4xx.o
LOAD ./Core/Startup/startup_stm32f407vgtx.o
LOAD ./Drivers/STM32F4xx_HAL_Driver/Src/stm32f4xx_hal.o
LOAD ./Drivers/STM32F4xx_HAL_Driver/Src/stm32f4xx_hal_adc.o
LOAD ./Drivers/STM32F4xx_HAL_Driver/Src/stm32f4xx_hal_adc_ex.o
LOAD ./Drivers/STM32F4xx_HAL_Driver/Src/stm32f4xx_hal_cortex.o
LOAD ./Drivers/STM32F4xx_HAL_Driver/Src/stm32f4xx_hal_dma.o
LOAD ./Drivers/STM32F4xx_HAL_Driver/Src/stm32f4xx_hal_dma_ex.o
LOAD ./Drivers/STM32F4xx_HAL_Driver/Src/stm32f4xx_hal_exti.o
LOAD ./Drivers/STM32F4xx_HAL_Driver/Src/stm32f4xx_hal_flash.o
LOAD ./Drivers/STM32F4xx_HAL_Driver/Src/stm32f4xx_hal_flash_ex.o
LOAD ./Drivers/STM32F4xx_HAL_Driver/Src/stm32f4xx_hal_flash_ramfunc.o
LOAD ./Drivers/STM32F4xx_HAL_Driver/Src/stm32f4xx_hal_gpio.o
LOAD ./Drivers/STM32F4xx_HAL_Driver/Src/stm32f4xx_hal_pcd.o
LOAD ./Drivers/STM32F4xx_HAL_Driver/Src/stm32f4xx_hal_pcd_ex.o
LOAD ./Drivers/STM32F4xx_HAL_Driver/Src/stm32f4xx_hal_pwr.o
LOAD ./Drivers/STM32F4xx_HAL_Driver/Src/stm32f4xx_hal_pwr_ex.o
LOAD ./Drivers/STM32F4xx_HAL_Driver/Src/stm32f4xx_hal_rcc.o
LOAD ./Drivers/STM32F4xx_HAL_Driver/Src/stm32f4xx_hal_rcc_ex.o
LOAD ./Drivers/STM32F4xx_HAL_Driver/Src/stm32f4xx_hal_tim.o
LOAD ./Drivers/STM32F4xx_HAL_Driver/Src/stm32f4xx_hal_tim_ex.o
LOAD ./Drivers/STM32F4xx_HAL_Driver/Src/stm32f4xx_ll_adc.o
LOAD ./Drivers/STM32F4xx_HAL_Driver/Src/stm32f4xx_ll_usb.o
LOAD ./Middlewares/ST/STM32_USB_Device_Library/Class/HID/Src/usbd_hid.o
LOAD ./Middlewares/ST/STM32_USB_Device_Library/Core/Src/usbd_core.o
LOAD ./Middlewares/ST/STM32_USB_Device_Library/Core/Src/usbd_ctlreq.o
LOAD ./Middlewares/ST/STM32_USB_Device_Library/Core/Src/usbd_ioreq.o
LOAD ./USB_DEVICE/App/usb_device.o
LOAD ./USB_DEVICE/App/usbd_desc.o
LOAD ./USB_DEVICE/Target/usbd_conf.o
START GROUP
LOAD C:/ST/STM32CubeIDE_1.18.1/STM32CubeIDE/plugins/com.st.stm32cube.ide.mcu.externaltools.gnu-tools-for-stm32.13.3.rel1.win32_1.0.0.202411081344/tools/bin/../lib/gcc/arm-none-eabi/13.3.1/../../../../arm-none-eabi/lib/thumb/v7e-m+fp/hard\libc_nano.a
LOAD C:/ST/STM32CubeIDE_1.18.1/STM32CubeIDE/plugins/com.st.stm32cube.ide.mcu.externaltools.gnu-tools-for-stm32.13.3.rel1.win32_1.0.0.202411081344/tools/bin/../lib/gcc/arm-none-eabi/13.3.1/../../../../arm-none-eabi/lib/thumb/v7e-m+fp/hard\libm.a
END GROUP
START GROUP
LOAD C:/ST/STM32CubeIDE_1.18.1/STM32CubeIDE/plugins/com.st.stm32cube.ide.mcu.externaltools.gnu-tools-for-stm32.13.3.rel1.win32_1.0.0.202411081344/tools/bin/../lib/gcc/arm-none-eabi/13.3.1/thumb/v7e-m+fp/hard\libgcc.a
LOAD C:/ST/STM32CubeIDE_1.18.1/STM32CubeIDE/plugins/com.st.stm32cube.ide.mcu.externaltools.gnu-tools-for-stm32.13.3.rel1.win32_1.0.0.202411081344/tools/bin/../lib/gcc/arm-none-eabi/13.3.1/../../../../arm-none-eabi/lib/thumb/v7e-m+fp/hard\libc_nano.a
END GROUP
START GROUP
LOAD C:/ST/STM32CubeIDE_1.18.1/STM32CubeIDE/plugins/com.st.stm32cube.ide.mcu.externaltools.gnu-tools-for-stm32.13.3.rel1.win32_1.0.0.202411081344/tools/bin/../lib/gcc/arm-none-eabi/13.3.1/thumb/v7e-m+fp/hard\libgcc.a
LOAD C:/ST/STM32CubeIDE_1.18.1/STM32CubeIDE/plugins/com.st.stm32cube.ide.mcu.externaltools.gnu-tools-for-stm32.13.3.rel1.win32_1.0.0.202411081344/tools/bin/../lib/gcc/arm-none-eabi/13.3.1/../../../../arm-none-eabi/lib/thumb/v7e-m+fp/hard\libc_nano.a
LOAD C:/ST/STM32CubeIDE_1.18.1/STM32CubeIDE/plugins/com.st.stm32cube.ide.mcu.externaltools.gnu-tools-for-stm32.13.3.rel1.win32_1.0.0.202411081344/tools/bin/../lib/gcc/arm-none-eabi/13.3.1/../../../../arm-none-eabi/lib/thumb/v7e-m+fp/hard\libnosys.a
END GROUP
START GROUP
LOAD C:/ST/STM32CubeIDE_1.18.1/STM32CubeIDE/plugins/com.st.stm32cube.ide.mcu.externaltools.gnu-tools-for-stm32.13.3.rel1.win32_1.0.0.202411081344/tools/bin/../lib/gcc/arm-none-eabi/13.3.1/thumb/v7e-m+fp/hard\libgcc.a
LOAD C:/ST/STM32CubeIDE_1.18.1/STM32CubeIDE/plugins/com.st.stm32cube.ide.mcu.externaltools.gnu-tools-for-stm32.13.3.rel1.win32_1.0.0.202411081344/tools/bin/../lib/gcc/arm-none-eabi/13.3.1/../../../../arm-none-eabi/lib/thumb/v7e-m+fp/hard\libc_nano.a
LOAD C:/ST/STM32CubeIDE_1.18.1/STM32CubeIDE/plugins/com.st.stm32cube.ide.mcu.externaltools.gnu-tools-for-stm32.13.3.rel1.win32_1.0.0.202411081344/tools/bin/../lib/gcc/arm-none-eabi/13.3.1/../../../../arm-none-eabi/lib/thumb/v7e-m+fp/hard\libnosys.a
END GROUP
LOAD C:/ST/STM32CubeIDE_1.18.1/STM32CubeIDE/plugins/com.st.stm32cube.ide.mcu.externaltools.gnu-tools-for-stm32.13.3.rel1.win32_1.0.0.202411081344/tools/bin/../lib/gcc/arm-none-eabi/13.3.1/thumb/v7e-m+fp/hard/crtend.o
LOAD C:/ST/STM32CubeIDE_1.18.1/STM32CubeIDE/plugins/com.st.stm32cube.ide.mcu.externaltools.gnu-tools-for-stm32.13.3.rel1.win32_1.0.0.202411081344/tools/bin/../lib/gcc/arm-none-eabi/13.3.1/thumb/v7e-m+fp/hard/crtn.o
                0x20020000                        _estack = (ORIGIN (RAM) + LENGTH (RAM))
                0x00000200                        _Min_Heap_Size = 0x200
                0x00000400                        _Min_Stack_Size = 0x400

.isr_vector     0x08000000      0x188
                0x08000000                        . = ALIGN (0x4)
 *(.isr_vector)
 .isr_vector    0x08000000      0x188 ./Core/Startup/startup_stm32f407vgtx.o
                0x08000000                g_pfnVectors
                0x08000188                        . = ALIGN (0x4)

.text           0x08000188     0x860c
                0x08000188                        . = ALIGN (0x4)
 *(.text)
 .text          0x08000188       0x40 C:/ST/STM32CubeIDE_1.18.1/STM32CubeIDE/plugins/com.st.stm32cube.ide.mcu.externaltools.gnu-tools-for-stm32.13.3.rel1.win32_1.0.0.202411081344/tools/bin/../lib/gcc/arm-none-eabi/13.3.1/thumb/v7e-m+fp/hard/crtbegin.o
 .text          0x080001c8       0x30 C:/ST/STM32CubeIDE_1.18.1/STM32CubeIDE/plugins/com.st.stm32cube.ide.mcu.externaltools.gnu-tools-for-stm32.13.3.rel1.win32_1.0.0.202411081344/tools/bin/../lib/gcc/arm-none-eabi/13.3.1/thumb/v7e-m+fp/hard\libgcc.a(_aeabi_uldivmod.o)
                0x080001c8                __aeabi_uldivmod
 .text          0x080001f8      0x2f8 C:/ST/STM32CubeIDE_1.18.1/STM32CubeIDE/plugins/com.st.stm32cube.ide.mcu.externaltools.gnu-tools-for-stm32.13.3.rel1.win32_1.0.0.202411081344/tools/bin/../lib/gcc/arm-none-eabi/13.3.1/thumb/v7e-m+fp/hard\libgcc.a(_udivmoddi4.o)
                0x080001f8                __udivmoddi4
 .text          0x080004f0        0x4 C:/ST/STM32CubeIDE_1.18.1/STM32CubeIDE/plugins/com.st.stm32cube.ide.mcu.externaltools.gnu-tools-for-stm32.13.3.rel1.win32_1.0.0.202411081344/tools/bin/../lib/gcc/arm-none-eabi/13.3.1/thumb/v7e-m+fp/hard\libgcc.a(_dvmd_tls.o)
                0x080004f0                __aeabi_idiv0
                0x080004f0                __aeabi_ldiv0
 *(.text*)
 .text.main     0x080004f4       0x4c ./Core/Src/main.o
                0x080004f4                main
 .text.SystemClock_Config
                0x08000540       0xdc ./Core/Src/main.o
                0x08000540                SystemClock_Config
 .text.MX_ADC1_Init
                0x0800061c       0xa4 ./Core/Src/main.o
 .text.MX_TIM1_Init
                0x080006c0      0x13c ./Core/Src/main.o
 .text.MX_TIM3_Init
                0x080007fc       0xec ./Core/Src/main.o
 .text.MX_TIM4_Init
                0x080008e8       0xec ./Core/Src/main.o
 .text.MX_TIM6_Init
                0x080009d4       0x6c ./Core/Src/main.o
 .text.MX_TIM7_Init
                0x08000a40       0x6c ./Core/Src/main.o
 .text.MX_TIM8_Init
                0x08000aac      0x13c ./Core/Src/main.o
 .text.MX_TIM9_Init
                0x08000be8       0xc4 ./Core/Src/main.o
 .text.MX_TIM10_Init
                0x08000cac       0x9c ./Core/Src/main.o
 .text.MX_TIM11_Init
                0x08000d48       0x9c ./Core/Src/main.o
 .text.MX_TIM12_Init
                0x08000de4       0xc4 ./Core/Src/main.o
 .text.MX_TIM13_Init
                0x08000ea8       0x9c ./Core/Src/main.o
 .text.MX_TIM14_Init
                0x08000f44       0x9c ./Core/Src/main.o
 .text.MX_GPIO_Init
                0x08000fe0      0x174 ./Core/Src/main.o
 .text.Error_Handler
                0x08001154        0xc ./Core/Src/main.o
                0x08001154                Error_Handler
 .text.HAL_MspInit
                0x08001160       0x50 ./Core/Src/stm32f4xx_hal_msp.o
                0x08001160                HAL_MspInit
 .text.HAL_ADC_MspInit
                0x080011b0       0xf8 ./Core/Src/stm32f4xx_hal_msp.o
                0x080011b0                HAL_ADC_MspInit
 .text.HAL_TIM_Base_MspInit
                0x080012a8      0x228 ./Core/Src/stm32f4xx_hal_msp.o
                0x080012a8                HAL_TIM_Base_MspInit
 .text.HAL_TIM_MspPostInit
                0x080014d0      0x33c ./Core/Src/stm32f4xx_hal_msp.o
                0x080014d0                HAL_TIM_MspPostInit
 .text.NMI_Handler
                0x0800180c        0x8 ./Core/Src/stm32f4xx_it.o
                0x0800180c                NMI_Handler
 .text.HardFault_Handler
                0x08001814        0x8 ./Core/Src/stm32f4xx_it.o
                0x08001814                HardFault_Handler
 .text.MemManage_Handler
                0x0800181c        0x8 ./Core/Src/stm32f4xx_it.o
                0x0800181c                MemManage_Handler
 .text.BusFault_Handler
                0x08001824        0x8 ./Core/Src/stm32f4xx_it.o
                0x08001824                BusFault_Handler
 .text.UsageFault_Handler
                0x0800182c        0x8 ./Core/Src/stm32f4xx_it.o
                0x0800182c                UsageFault_Handler
 .text.SVC_Handler
                0x08001834        0xe ./Core/Src/stm32f4xx_it.o
                0x08001834                SVC_Handler
 .text.DebugMon_Handler
                0x08001842        0xe ./Core/Src/stm32f4xx_it.o
                0x08001842                DebugMon_Handler
 .text.PendSV_Handler
                0x08001850        0xe ./Core/Src/stm32f4xx_it.o
                0x08001850                PendSV_Handler
 .text.SysTick_Handler
                0x0800185e        0xc ./Core/Src/stm32f4xx_it.o
                0x0800185e                SysTick_Handler
 *fill*         0x0800186a        0x2 
 .text.OTG_FS_IRQHandler
                0x0800186c       0x14 ./Core/Src/stm32f4xx_it.o
                0x0800186c                OTG_FS_IRQHandler
 .text.SystemInit
                0x08001880       0x24 ./Core/Src/system_stm32f4xx.o
                0x08001880                SystemInit
 .text.Reset_Handler
                0x080018a4       0x50 ./Core/Startup/startup_stm32f407vgtx.o
                0x080018a4                Reset_Handler
 .text.Default_Handler
                0x080018f4        0x2 ./Core/Startup/startup_stm32f407vgtx.o
                0x080018f4                RTC_Alarm_IRQHandler
                0x080018f4                HASH_RNG_IRQHandler
                0x080018f4                EXTI2_IRQHandler
                0x080018f4                TIM8_CC_IRQHandler
                0x080018f4                TIM1_CC_IRQHandler
                0x080018f4                DMA2_Stream5_IRQHandler
                0x080018f4                DMA1_Stream5_IRQHandler
                0x080018f4                PVD_IRQHandler
                0x080018f4                SDIO_IRQHandler
                0x080018f4                TAMP_STAMP_IRQHandler
                0x080018f4                CAN2_RX1_IRQHandler
                0x080018f4                EXTI3_IRQHandler
                0x080018f4                TIM8_TRG_COM_TIM14_IRQHandler
                0x080018f4                TIM1_UP_TIM10_IRQHandler
                0x080018f4                TIM8_UP_TIM13_IRQHandler
                0x080018f4                I2C3_ER_IRQHandler
                0x080018f4                EXTI0_IRQHandler
                0x080018f4                I2C2_EV_IRQHandler
                0x080018f4                DMA1_Stream2_IRQHandler
                0x080018f4                CAN1_RX0_IRQHandler
                0x080018f4                FPU_IRQHandler
                0x080018f4                OTG_HS_WKUP_IRQHandler
                0x080018f4                CAN2_SCE_IRQHandler
                0x080018f4                DMA2_Stream2_IRQHandler
                0x080018f4                SPI1_IRQHandler
                0x080018f4                TIM6_DAC_IRQHandler
                0x080018f4                TIM1_BRK_TIM9_IRQHandler
                0x080018f4                DCMI_IRQHandler
                0x080018f4                CAN2_RX0_IRQHandler
                0x080018f4                DMA2_Stream3_IRQHandler
                0x080018f4                USART6_IRQHandler
                0x080018f4                USART3_IRQHandler
                0x080018f4                CAN1_RX1_IRQHandler
                0x080018f4                UART5_IRQHandler
                0x080018f4                DMA2_Stream0_IRQHandler
                0x080018f4                TIM4_IRQHandler
                0x080018f4                I2C1_EV_IRQHandler
                0x080018f4                DMA1_Stream6_IRQHandler
                0x080018f4                DMA1_Stream1_IRQHandler
                0x080018f4                UART4_IRQHandler
                0x080018f4                TIM3_IRQHandler
                0x080018f4                RCC_IRQHandler
                0x080018f4                TIM8_BRK_TIM12_IRQHandler
                0x080018f4                Default_Handler
                0x080018f4                EXTI15_10_IRQHandler
                0x080018f4                ADC_IRQHandler
                0x080018f4                DMA1_Stream7_IRQHandler
                0x080018f4                TIM7_IRQHandler
                0x080018f4                CAN2_TX_IRQHandler
                0x080018f4                TIM5_IRQHandler
                0x080018f4                DMA2_Stream7_IRQHandler
                0x080018f4                I2C3_EV_IRQHandler
                0x080018f4                EXTI9_5_IRQHandler
                0x080018f4                RTC_WKUP_IRQHandler
                0x080018f4                ETH_WKUP_IRQHandler
                0x080018f4                SPI2_IRQHandler
                0x080018f4                OTG_HS_EP1_IN_IRQHandler
                0x080018f4                DMA1_Stream0_IRQHandler
                0x080018f4                CAN1_TX_IRQHandler
                0x080018f4                EXTI4_IRQHandler
                0x080018f4                FSMC_IRQHandler
                0x080018f4                ETH_IRQHandler
                0x080018f4                OTG_HS_EP1_OUT_IRQHandler
                0x080018f4                WWDG_IRQHandler
                0x080018f4                TIM2_IRQHandler
                0x080018f4                OTG_FS_WKUP_IRQHandler
                0x080018f4                TIM1_TRG_COM_TIM11_IRQHandler
                0x080018f4                OTG_HS_IRQHandler
                0x080018f4                EXTI1_IRQHandler
                0x080018f4                USART2_IRQHandler
                0x080018f4                I2C2_ER_IRQHandler
                0x080018f4                DMA2_Stream1_IRQHandler
                0x080018f4                CAN1_SCE_IRQHandler
                0x080018f4                FLASH_IRQHandler
                0x080018f4                DMA2_Stream4_IRQHandler
                0x080018f4                USART1_IRQHandler
                0x080018f4                SPI3_IRQHandler
                0x080018f4                DMA1_Stream4_IRQHandler
                0x080018f4                I2C1_ER_IRQHandler
                0x080018f4                DMA2_Stream6_IRQHandler
                0x080018f4                DMA1_Stream3_IRQHandler
 *fill*         0x080018f6        0x2 
 .text.HAL_Init
                0x080018f8       0x44 ./Drivers/STM32F4xx_HAL_Driver/Src/stm32f4xx_hal.o
                0x080018f8                HAL_Init
 .text.HAL_InitTick
                0x0800193c       0x60 ./Drivers/STM32F4xx_HAL_Driver/Src/stm32f4xx_hal.o
                0x0800193c                HAL_InitTick
 .text.HAL_IncTick
                0x0800199c       0x28 ./Drivers/STM32F4xx_HAL_Driver/Src/stm32f4xx_hal.o
                0x0800199c                HAL_IncTick
 .text.HAL_GetTick
                0x080019c4       0x18 ./Drivers/STM32F4xx_HAL_Driver/Src/stm32f4xx_hal.o
                0x080019c4                HAL_GetTick
 .text.HAL_Delay
                0x080019dc       0x48 ./Drivers/STM32F4xx_HAL_Driver/Src/stm32f4xx_hal.o
                0x080019dc                HAL_Delay
 .text.HAL_ADC_Init
                0x08001a24       0x86 ./Drivers/STM32F4xx_HAL_Driver/Src/stm32f4xx_hal_adc.o
                0x08001a24                HAL_ADC_Init
 *fill*         0x08001aaa        0x2 
 .text.HAL_ADC_ConfigChannel
                0x08001aac      0x244 ./Drivers/STM32F4xx_HAL_Driver/Src/stm32f4xx_hal_adc.o
                0x08001aac                HAL_ADC_ConfigChannel
 .text.ADC_Init
                0x08001cf0      0x1f8 ./Drivers/STM32F4xx_HAL_Driver/Src/stm32f4xx_hal_adc.o
 .text.__NVIC_SetPriorityGrouping
                0x08001ee8       0x48 ./Drivers/STM32F4xx_HAL_Driver/Src/stm32f4xx_hal_cortex.o
 .text.__NVIC_GetPriorityGrouping
                0x08001f30       0x1c ./Drivers/STM32F4xx_HAL_Driver/Src/stm32f4xx_hal_cortex.o
 .text.__NVIC_EnableIRQ
                0x08001f4c       0x3c ./Drivers/STM32F4xx_HAL_Driver/Src/stm32f4xx_hal_cortex.o
 .text.__NVIC_SetPriority
                0x08001f88       0x54 ./Drivers/STM32F4xx_HAL_Driver/Src/stm32f4xx_hal_cortex.o
 .text.NVIC_EncodePriority
                0x08001fdc       0x66 ./Drivers/STM32F4xx_HAL_Driver/Src/stm32f4xx_hal_cortex.o
 *fill*         0x08002042        0x2 
 .text.SysTick_Config
                0x08002044       0x44 ./Drivers/STM32F4xx_HAL_Driver/Src/stm32f4xx_hal_cortex.o
 .text.HAL_NVIC_SetPriorityGrouping
                0x08002088       0x16 ./Drivers/STM32F4xx_HAL_Driver/Src/stm32f4xx_hal_cortex.o
                0x08002088                HAL_NVIC_SetPriorityGrouping
 .text.HAL_NVIC_SetPriority
                0x0800209e       0x38 ./Drivers/STM32F4xx_HAL_Driver/Src/stm32f4xx_hal_cortex.o
                0x0800209e                HAL_NVIC_SetPriority
 .text.HAL_NVIC_EnableIRQ
                0x080020d6       0x1c ./Drivers/STM32F4xx_HAL_Driver/Src/stm32f4xx_hal_cortex.o
                0x080020d6                HAL_NVIC_EnableIRQ
 .text.HAL_SYSTICK_Config
                0x080020f2       0x18 ./Drivers/STM32F4xx_HAL_Driver/Src/stm32f4xx_hal_cortex.o
                0x080020f2                HAL_SYSTICK_Config
 *fill*         0x0800210a        0x2 
 .text.HAL_GPIO_Init
                0x0800210c      0x338 ./Drivers/STM32F4xx_HAL_Driver/Src/stm32f4xx_hal_gpio.o
                0x0800210c                HAL_GPIO_Init
 .text.HAL_GPIO_WritePin
                0x08002444       0x32 ./Drivers/STM32F4xx_HAL_Driver/Src/stm32f4xx_hal_gpio.o
                0x08002444                HAL_GPIO_WritePin
 .text.HAL_PCD_Init
                0x08002476      0x21e ./Drivers/STM32F4xx_HAL_Driver/Src/stm32f4xx_hal_pcd.o
                0x08002476                HAL_PCD_Init
 .text.HAL_PCD_Start
                0x08002694       0x6a ./Drivers/STM32F4xx_HAL_Driver/Src/stm32f4xx_hal_pcd.o
                0x08002694                HAL_PCD_Start
 .text.HAL_PCD_IRQHandler
                0x080026fe      0x942 ./Drivers/STM32F4xx_HAL_Driver/Src/stm32f4xx_hal_pcd.o
                0x080026fe                HAL_PCD_IRQHandler
 .text.HAL_PCD_SetAddress
                0x08003040       0x48 ./Drivers/STM32F4xx_HAL_Driver/Src/stm32f4xx_hal_pcd.o
                0x08003040                HAL_PCD_SetAddress
 .text.HAL_PCD_EP_Open
                0x08003088       0xd4 ./Drivers/STM32F4xx_HAL_Driver/Src/stm32f4xx_hal_pcd.o
                0x08003088                HAL_PCD_EP_Open
 .text.HAL_PCD_EP_Close
                0x0800315c       0x94 ./Drivers/STM32F4xx_HAL_Driver/Src/stm32f4xx_hal_pcd.o
                0x0800315c                HAL_PCD_EP_Close
 .text.HAL_PCD_EP_Receive
                0x080031f0       0x76 ./Drivers/STM32F4xx_HAL_Driver/Src/stm32f4xx_hal_pcd.o
                0x080031f0                HAL_PCD_EP_Receive
 .text.HAL_PCD_EP_Transmit
                0x08003266       0x74 ./Drivers/STM32F4xx_HAL_Driver/Src/stm32f4xx_hal_pcd.o
                0x08003266                HAL_PCD_EP_Transmit
 .text.HAL_PCD_EP_SetStall
                0x080032da       0xc6 ./Drivers/STM32F4xx_HAL_Driver/Src/stm32f4xx_hal_pcd.o
                0x080032da                HAL_PCD_EP_SetStall
 .text.HAL_PCD_EP_ClrStall
                0x080033a0       0xac ./Drivers/STM32F4xx_HAL_Driver/Src/stm32f4xx_hal_pcd.o
                0x080033a0                HAL_PCD_EP_ClrStall
 .text.HAL_PCD_EP_Abort
                0x0800344c       0x62 ./Drivers/STM32F4xx_HAL_Driver/Src/stm32f4xx_hal_pcd.o
                0x0800344c                HAL_PCD_EP_Abort
 .text.PCD_WriteEmptyTxFifo
                0x080034ae      0x118 ./Drivers/STM32F4xx_HAL_Driver/Src/stm32f4xx_hal_pcd.o
 *fill*         0x080035c6        0x2 
 .text.PCD_EP_OutXfrComplete_int
                0x080035c8      0x1d0 ./Drivers/STM32F4xx_HAL_Driver/Src/stm32f4xx_hal_pcd.o
 .text.PCD_EP_OutSetupPacket_int
                0x08003798       0x8c ./Drivers/STM32F4xx_HAL_Driver/Src/stm32f4xx_hal_pcd.o
 .text.HAL_PCDEx_SetTxFiFo
                0x08003824       0x8e ./Drivers/STM32F4xx_HAL_Driver/Src/stm32f4xx_hal_pcd_ex.o
                0x08003824                HAL_PCDEx_SetTxFiFo
 .text.HAL_PCDEx_SetRxFiFo
                0x080038b2       0x22 ./Drivers/STM32F4xx_HAL_Driver/Src/stm32f4xx_hal_pcd_ex.o
                0x080038b2                HAL_PCDEx_SetRxFiFo
 .text.HAL_PCDEx_LPM_Callback
                0x080038d4       0x18 ./Drivers/STM32F4xx_HAL_Driver/Src/stm32f4xx_hal_pcd_ex.o
                0x080038d4                HAL_PCDEx_LPM_Callback
 .text.HAL_RCC_OscConfig
                0x080038ec      0x4f0 ./Drivers/STM32F4xx_HAL_Driver/Src/stm32f4xx_hal_rcc.o
                0x080038ec                HAL_RCC_OscConfig
 .text.HAL_RCC_ClockConfig
                0x08003ddc      0x1cc ./Drivers/STM32F4xx_HAL_Driver/Src/stm32f4xx_hal_rcc.o
                0x08003ddc                HAL_RCC_ClockConfig
 .text.HAL_RCC_GetSysClockFreq
                0x08003fa8      0x20c ./Drivers/STM32F4xx_HAL_Driver/Src/stm32f4xx_hal_rcc.o
                0x08003fa8                HAL_RCC_GetSysClockFreq
 .text.HAL_RCC_GetHCLKFreq
                0x080041b4       0x18 ./Drivers/STM32F4xx_HAL_Driver/Src/stm32f4xx_hal_rcc.o
                0x080041b4                HAL_RCC_GetHCLKFreq
 .text.HAL_TIM_Base_Init
                0x080041cc       0x9e ./Drivers/STM32F4xx_HAL_Driver/Src/stm32f4xx_hal_tim.o
                0x080041cc                HAL_TIM_Base_Init
 .text.HAL_TIM_PWM_Init
                0x0800426a       0x9e ./Drivers/STM32F4xx_HAL_Driver/Src/stm32f4xx_hal_tim.o
                0x0800426a                HAL_TIM_PWM_Init
 .text.HAL_TIM_PWM_MspInit
                0x08004308       0x14 ./Drivers/STM32F4xx_HAL_Driver/Src/stm32f4xx_hal_tim.o
                0x08004308                HAL_TIM_PWM_MspInit
 .text.HAL_TIM_PWM_ConfigChannel
                0x0800431c      0x184 ./Drivers/STM32F4xx_HAL_Driver/Src/stm32f4xx_hal_tim.o
                0x0800431c                HAL_TIM_PWM_ConfigChannel
 .text.HAL_TIM_ConfigClockSource
                0x080044a0      0x18e ./Drivers/STM32F4xx_HAL_Driver/Src/stm32f4xx_hal_tim.o
                0x080044a0                HAL_TIM_ConfigClockSource
 *fill*         0x0800462e        0x2 
 .text.TIM_Base_SetConfig
                0x08004630      0x14c ./Drivers/STM32F4xx_HAL_Driver/Src/stm32f4xx_hal_tim.o
                0x08004630                TIM_Base_SetConfig
 .text.TIM_OC1_SetConfig
                0x0800477c       0xe0 ./Drivers/STM32F4xx_HAL_Driver/Src/stm32f4xx_hal_tim.o
 .text.TIM_OC2_SetConfig
                0x0800485c       0xec ./Drivers/STM32F4xx_HAL_Driver/Src/stm32f4xx_hal_tim.o
                0x0800485c                TIM_OC2_SetConfig
 .text.TIM_OC3_SetConfig
                0x08004948       0xe8 ./Drivers/STM32F4xx_HAL_Driver/Src/stm32f4xx_hal_tim.o
 .text.TIM_OC4_SetConfig
                0x08004a30       0xac ./Drivers/STM32F4xx_HAL_Driver/Src/stm32f4xx_hal_tim.o
 .text.TIM_TI1_ConfigInputStage
                0x08004adc       0x5e ./Drivers/STM32F4xx_HAL_Driver/Src/stm32f4xx_hal_tim.o
 .text.TIM_TI2_ConfigInputStage
                0x08004b3a       0x60 ./Drivers/STM32F4xx_HAL_Driver/Src/stm32f4xx_hal_tim.o
 .text.TIM_ITRx_SetConfig
                0x08004b9a       0x36 ./Drivers/STM32F4xx_HAL_Driver/Src/stm32f4xx_hal_tim.o
 .text.TIM_ETR_SetConfig
                0x08004bd0       0x40 ./Drivers/STM32F4xx_HAL_Driver/Src/stm32f4xx_hal_tim.o
                0x08004bd0                TIM_ETR_SetConfig
 .text.HAL_TIMEx_MasterConfigSynchronization
                0x08004c10       0xf8 ./Drivers/STM32F4xx_HAL_Driver/Src/stm32f4xx_hal_tim_ex.o
                0x08004c10                HAL_TIMEx_MasterConfigSynchronization
 .text.HAL_TIMEx_ConfigBreakDeadTime
                0x08004d08       0xa4 ./Drivers/STM32F4xx_HAL_Driver/Src/stm32f4xx_hal_tim_ex.o
                0x08004d08                HAL_TIMEx_ConfigBreakDeadTime
 .text.USB_CoreInit
                0x08004dac       0xc8 ./Drivers/STM32F4xx_HAL_Driver/Src/stm32f4xx_ll_usb.o
                0x08004dac                USB_CoreInit
 .text.USB_SetTurnaroundTime
                0x08004e74      0x144 ./Drivers/STM32F4xx_HAL_Driver/Src/stm32f4xx_ll_usb.o
                0x08004e74                USB_SetTurnaroundTime
 .text.USB_EnableGlobalInt
                0x08004fb8       0x22 ./Drivers/STM32F4xx_HAL_Driver/Src/stm32f4xx_ll_usb.o
                0x08004fb8                USB_EnableGlobalInt
 .text.USB_DisableGlobalInt
                0x08004fda       0x22 ./Drivers/STM32F4xx_HAL_Driver/Src/stm32f4xx_ll_usb.o
                0x08004fda                USB_DisableGlobalInt
 .text.USB_SetCurrentMode
                0x08004ffc       0x98 ./Drivers/STM32F4xx_HAL_Driver/Src/stm32f4xx_ll_usb.o
                0x08004ffc                USB_SetCurrentMode
 .text.USB_DevInit
                0x08005094      0x2c8 ./Drivers/STM32F4xx_HAL_Driver/Src/stm32f4xx_ll_usb.o
                0x08005094                USB_DevInit
 .text.USB_FlushTxFifo
                0x0800535c       0x64 ./Drivers/STM32F4xx_HAL_Driver/Src/stm32f4xx_ll_usb.o
                0x0800535c                USB_FlushTxFifo
 .text.USB_FlushRxFifo
                0x080053c0       0x5c ./Drivers/STM32F4xx_HAL_Driver/Src/stm32f4xx_ll_usb.o
                0x080053c0                USB_FlushRxFifo
 .text.USB_SetDevSpeed
                0x0800541c       0x32 ./Drivers/STM32F4xx_HAL_Driver/Src/stm32f4xx_ll_usb.o
                0x0800541c                USB_SetDevSpeed
 .text.USB_GetDevSpeed
                0x0800544e       0x4a ./Drivers/STM32F4xx_HAL_Driver/Src/stm32f4xx_ll_usb.o
                0x0800544e                USB_GetDevSpeed
 .text.USB_ActivateEndpoint
                0x08005498      0x10e ./Drivers/STM32F4xx_HAL_Driver/Src/stm32f4xx_ll_usb.o
                0x08005498                USB_ActivateEndpoint
 *fill*         0x080055a6        0x2 
 .text.USB_DeactivateEndpoint
                0x080055a8      0x1b8 ./Drivers/STM32F4xx_HAL_Driver/Src/stm32f4xx_ll_usb.o
                0x080055a8                USB_DeactivateEndpoint
 .text.USB_EPStartXfer
                0x08005760      0x53c ./Drivers/STM32F4xx_HAL_Driver/Src/stm32f4xx_ll_usb.o
                0x08005760                USB_EPStartXfer
 .text.USB_EPStopXfer
                0x08005c9c      0x154 ./Drivers/STM32F4xx_HAL_Driver/Src/stm32f4xx_ll_usb.o
                0x08005c9c                USB_EPStopXfer
 .text.USB_WritePacket
                0x08005df0       0x7c ./Drivers/STM32F4xx_HAL_Driver/Src/stm32f4xx_ll_usb.o
                0x08005df0                USB_WritePacket
 .text.USB_ReadPacket
                0x08005e6c       0xb0 ./Drivers/STM32F4xx_HAL_Driver/Src/stm32f4xx_ll_usb.o
                0x08005e6c                USB_ReadPacket
 .text.USB_EPSetStall
                0x08005f1c       0xdc ./Drivers/STM32F4xx_HAL_Driver/Src/stm32f4xx_ll_usb.o
                0x08005f1c                USB_EPSetStall
 .text.USB_EPClearStall
                0x08005ff8       0xcc ./Drivers/STM32F4xx_HAL_Driver/Src/stm32f4xx_ll_usb.o
                0x08005ff8                USB_EPClearStall
 .text.USB_SetDevAddress
                0x080060c4       0x4c ./Drivers/STM32F4xx_HAL_Driver/Src/stm32f4xx_ll_usb.o
                0x080060c4                USB_SetDevAddress
 .text.USB_DevConnect
                0x08006110       0x42 ./Drivers/STM32F4xx_HAL_Driver/Src/stm32f4xx_ll_usb.o
                0x08006110                USB_DevConnect
 .text.USB_DevDisconnect
                0x08006152       0x42 ./Drivers/STM32F4xx_HAL_Driver/Src/stm32f4xx_ll_usb.o
                0x08006152                USB_DevDisconnect
 .text.USB_ReadInterrupts
                0x08006194       0x26 ./Drivers/STM32F4xx_HAL_Driver/Src/stm32f4xx_ll_usb.o
                0x08006194                USB_ReadInterrupts
 .text.USB_ReadDevAllOutEpInterrupt
                0x080061ba       0x34 ./Drivers/STM32F4xx_HAL_Driver/Src/stm32f4xx_ll_usb.o
                0x080061ba                USB_ReadDevAllOutEpInterrupt
 .text.USB_ReadDevAllInEpInterrupt
                0x080061ee       0x34 ./Drivers/STM32F4xx_HAL_Driver/Src/stm32f4xx_ll_usb.o
                0x080061ee                USB_ReadDevAllInEpInterrupt
 .text.USB_ReadDevOutEPInterrupt
                0x08006222       0x3c ./Drivers/STM32F4xx_HAL_Driver/Src/stm32f4xx_ll_usb.o
                0x08006222                USB_ReadDevOutEPInterrupt
 .text.USB_ReadDevInEPInterrupt
                0x0800625e       0x5c ./Drivers/STM32F4xx_HAL_Driver/Src/stm32f4xx_ll_usb.o
                0x0800625e                USB_ReadDevInEPInterrupt
 .text.USB_GetMode
                0x080062ba       0x1c ./Drivers/STM32F4xx_HAL_Driver/Src/stm32f4xx_ll_usb.o
                0x080062ba                USB_GetMode
 .text.USB_ActivateSetup
                0x080062d6       0x46 ./Drivers/STM32F4xx_HAL_Driver/Src/stm32f4xx_ll_usb.o
                0x080062d6                USB_ActivateSetup
 .text.USB_EP0_OutStart
                0x0800631c       0xbc ./Drivers/STM32F4xx_HAL_Driver/Src/stm32f4xx_ll_usb.o
                0x0800631c                USB_EP0_OutStart
 .text.USB_CoreReset
                0x080063d8       0x70 ./Drivers/STM32F4xx_HAL_Driver/Src/stm32f4xx_ll_usb.o
 .text.USBD_HID_Init
                0x08006448       0xcc ./Middlewares/ST/STM32_USB_Device_Library/Class/HID/Src/usbd_hid.o
 .text.USBD_HID_DeInit
                0x08006514       0x90 ./Middlewares/ST/STM32_USB_Device_Library/Class/HID/Src/usbd_hid.o
 .text.USBD_HID_Setup
                0x080065a4      0x210 ./Middlewares/ST/STM32_USB_Device_Library/Class/HID/Src/usbd_hid.o
 .text.USBD_HID_GetFSCfgDesc
                0x080067b4       0x34 ./Middlewares/ST/STM32_USB_Device_Library/Class/HID/Src/usbd_hid.o
 .text.USBD_HID_GetHSCfgDesc
                0x080067e8       0x34 ./Middlewares/ST/STM32_USB_Device_Library/Class/HID/Src/usbd_hid.o
 .text.USBD_HID_GetOtherSpeedCfgDesc
                0x0800681c       0x34 ./Middlewares/ST/STM32_USB_Device_Library/Class/HID/Src/usbd_hid.o
 .text.USBD_HID_DataIn
                0x08006850       0x2c ./Middlewares/ST/STM32_USB_Device_Library/Class/HID/Src/usbd_hid.o
 .text.USBD_HID_GetDeviceQualifierDesc
                0x0800687c       0x20 ./Middlewares/ST/STM32_USB_Device_Library/Class/HID/Src/usbd_hid.o
 .text.USBD_Init
                0x0800689c       0x60 ./Middlewares/ST/STM32_USB_Device_Library/Core/Src/usbd_core.o
                0x0800689c                USBD_Init
 .text.USBD_RegisterClass
                0x080068fc       0x6c ./Middlewares/ST/STM32_USB_Device_Library/Core/Src/usbd_core.o
                0x080068fc                USBD_RegisterClass
 .text.USBD_Start
                0x08006968       0x18 ./Middlewares/ST/STM32_USB_Device_Library/Core/Src/usbd_core.o
                0x08006968                USBD_Start
 .text.USBD_RunTestMode
                0x08006980       0x16 ./Middlewares/ST/STM32_USB_Device_Library/Core/Src/usbd_core.o
                0x08006980                USBD_RunTestMode
 .text.USBD_SetClassConfig
                0x08006996       0x38 ./Middlewares/ST/STM32_USB_Device_Library/Core/Src/usbd_core.o
                0x08006996                USBD_SetClassConfig
 .text.USBD_ClrClassConfig
                0x080069ce       0x34 ./Middlewares/ST/STM32_USB_Device_Library/Core/Src/usbd_core.o
                0x080069ce                USBD_ClrClassConfig
 .text.USBD_LL_SetupStage
                0x08006a02       0xaa ./Middlewares/ST/STM32_USB_Device_Library/Core/Src/usbd_core.o
                0x08006a02                USBD_LL_SetupStage
 .text.USBD_LL_DataOutStage
                0x08006aac      0x178 ./Middlewares/ST/STM32_USB_Device_Library/Core/Src/usbd_core.o
                0x08006aac                USBD_LL_DataOutStage
 .text.USBD_LL_DataInStage
                0x08006c24      0x176 ./Middlewares/ST/STM32_USB_Device_Library/Core/Src/usbd_core.o
                0x08006c24                USBD_LL_DataInStage
 .text.USBD_LL_Reset
                0x08006d9a       0xa6 ./Middlewares/ST/STM32_USB_Device_Library/Core/Src/usbd_core.o
                0x08006d9a                USBD_LL_Reset
 .text.USBD_LL_SetSpeed
                0x08006e40       0x20 ./Middlewares/ST/STM32_USB_Device_Library/Core/Src/usbd_core.o
                0x08006e40                USBD_LL_SetSpeed
 .text.USBD_LL_Suspend
                0x08006e60       0x38 ./Middlewares/ST/STM32_USB_Device_Library/Core/Src/usbd_core.o
                0x08006e60                USBD_LL_Suspend
 .text.USBD_LL_Resume
                0x08006e98       0x30 ./Middlewares/ST/STM32_USB_Device_Library/Core/Src/usbd_core.o
                0x08006e98                USBD_LL_Resume
 .text.USBD_LL_SOF
                0x08006ec8       0x40 ./Middlewares/ST/STM32_USB_Device_Library/Core/Src/usbd_core.o
                0x08006ec8                USBD_LL_SOF
 .text.USBD_LL_IsoINIncomplete
                0x08006f08       0x64 ./Middlewares/ST/STM32_USB_Device_Library/Core/Src/usbd_core.o
                0x08006f08                USBD_LL_IsoINIncomplete
 .text.USBD_LL_IsoOUTIncomplete
                0x08006f6c       0x64 ./Middlewares/ST/STM32_USB_Device_Library/Core/Src/usbd_core.o
                0x08006f6c                USBD_LL_IsoOUTIncomplete
 .text.USBD_LL_DevConnected
                0x08006fd0       0x16 ./Middlewares/ST/STM32_USB_Device_Library/Core/Src/usbd_core.o
                0x08006fd0                USBD_LL_DevConnected
 .text.USBD_LL_DevDisconnected
                0x08006fe6       0x46 ./Middlewares/ST/STM32_USB_Device_Library/Core/Src/usbd_core.o
                0x08006fe6                USBD_LL_DevDisconnected
 .text.USBD_CoreFindIF
                0x0800702c       0x1a ./Middlewares/ST/STM32_USB_Device_Library/Core/Src/usbd_core.o
                0x0800702c                USBD_CoreFindIF
 .text.USBD_CoreFindEP
                0x08007046       0x1a ./Middlewares/ST/STM32_USB_Device_Library/Core/Src/usbd_core.o
                0x08007046                USBD_CoreFindEP
 .text.USBD_GetEpDesc
                0x08007060       0x70 ./Middlewares/ST/STM32_USB_Device_Library/Core/Src/usbd_core.o
                0x08007060                USBD_GetEpDesc
 .text.USBD_GetNextDesc
                0x080070d0       0x38 ./Middlewares/ST/STM32_USB_Device_Library/Core/Src/usbd_core.o
                0x080070d0                USBD_GetNextDesc
 .text.SWAPBYTE
                0x08007108       0x3e ./Middlewares/ST/STM32_USB_Device_Library/Core/Src/usbd_ctlreq.o
 *fill*         0x08007146        0x2 
 .text.USBD_StdDevReq
                0x08007148       0xe4 ./Middlewares/ST/STM32_USB_Device_Library/Core/Src/usbd_ctlreq.o
                0x08007148                USBD_StdDevReq
 .text.USBD_StdItfReq
                0x0800722c       0xd8 ./Middlewares/ST/STM32_USB_Device_Library/Core/Src/usbd_ctlreq.o
                0x0800722c                USBD_StdItfReq
 .text.USBD_StdEPReq
                0x08007304      0x33e ./Middlewares/ST/STM32_USB_Device_Library/Core/Src/usbd_ctlreq.o
                0x08007304                USBD_StdEPReq
 *fill*         0x08007642        0x2 
 .text.USBD_GetDescriptor
                0x08007644      0x2d4 ./Middlewares/ST/STM32_USB_Device_Library/Core/Src/usbd_ctlreq.o
 .text.USBD_SetAddress
                0x08007918       0x88 ./Middlewares/ST/STM32_USB_Device_Library/Core/Src/usbd_ctlreq.o
 .text.USBD_SetConfig
                0x080079a0      0x154 ./Middlewares/ST/STM32_USB_Device_Library/Core/Src/usbd_ctlreq.o
 .text.USBD_GetConfig
                0x08007af4       0x6c ./Middlewares/ST/STM32_USB_Device_Library/Core/Src/usbd_ctlreq.o
 .text.USBD_GetStatus
                0x08007b60       0x68 ./Middlewares/ST/STM32_USB_Device_Library/Core/Src/usbd_ctlreq.o
 .text.USBD_SetFeature
                0x08007bc8       0x52 ./Middlewares/ST/STM32_USB_Device_Library/Core/Src/usbd_ctlreq.o
 .text.USBD_ClrFeature
                0x08007c1a       0x44 ./Middlewares/ST/STM32_USB_Device_Library/Core/Src/usbd_ctlreq.o
 .text.USBD_ParseSetupRequest
                0x08007c5e       0x74 ./Middlewares/ST/STM32_USB_Device_Library/Core/Src/usbd_ctlreq.o
                0x08007c5e                USBD_ParseSetupRequest
 .text.USBD_CtlError
                0x08007cd2       0x22 ./Middlewares/ST/STM32_USB_Device_Library/Core/Src/usbd_ctlreq.o
                0x08007cd2                USBD_CtlError
 .text.USBD_GetString
                0x08007cf4       0xa4 ./Middlewares/ST/STM32_USB_Device_Library/Core/Src/usbd_ctlreq.o
                0x08007cf4                USBD_GetString
 .text.USBD_GetLen
                0x08007d98       0x34 ./Middlewares/ST/STM32_USB_Device_Library/Core/Src/usbd_ctlreq.o
 .text.USBD_CtlSendData
                0x08007dcc       0x3c ./Middlewares/ST/STM32_USB_Device_Library/Core/Src/usbd_ioreq.o
                0x08007dcc                USBD_CtlSendData
 .text.USBD_CtlContinueSendData
                0x08007e08       0x22 ./Middlewares/ST/STM32_USB_Device_Library/Core/Src/usbd_ioreq.o
                0x08007e08                USBD_CtlContinueSendData
 .text.USBD_CtlContinueRx
                0x08007e2a       0x22 ./Middlewares/ST/STM32_USB_Device_Library/Core/Src/usbd_ioreq.o
                0x08007e2a                USBD_CtlContinueRx
 .text.USBD_CtlSendStatus
                0x08007e4c       0x26 ./Middlewares/ST/STM32_USB_Device_Library/Core/Src/usbd_ioreq.o
                0x08007e4c                USBD_CtlSendStatus
 .text.USBD_CtlReceiveStatus
                0x08007e72       0x26 ./Middlewares/ST/STM32_USB_Device_Library/Core/Src/usbd_ioreq.o
                0x08007e72                USBD_CtlReceiveStatus
 .text.MX_USB_DEVICE_Init
                0x08007e98       0x4c ./USB_DEVICE/App/usb_device.o
                0x08007e98                MX_USB_DEVICE_Init
 .text.USBD_FS_DeviceDescriptor
                0x08007ee4       0x24 ./USB_DEVICE/App/usbd_desc.o
                0x08007ee4                USBD_FS_DeviceDescriptor
 .text.USBD_FS_LangIDStrDescriptor
                0x08007f08       0x24 ./USB_DEVICE/App/usbd_desc.o
                0x08007f08                USBD_FS_LangIDStrDescriptor
 .text.USBD_FS_ProductStrDescriptor
                0x08007f2c       0x3c ./USB_DEVICE/App/usbd_desc.o
                0x08007f2c                USBD_FS_ProductStrDescriptor
 .text.USBD_FS_ManufacturerStrDescriptor
                0x08007f68       0x28 ./USB_DEVICE/App/usbd_desc.o
                0x08007f68                USBD_FS_ManufacturerStrDescriptor
 .text.USBD_FS_SerialStrDescriptor
                0x08007f90       0x24 ./USB_DEVICE/App/usbd_desc.o
                0x08007f90                USBD_FS_SerialStrDescriptor
 .text.USBD_FS_ConfigStrDescriptor
                0x08007fb4       0x3c ./USB_DEVICE/App/usbd_desc.o
                0x08007fb4                USBD_FS_ConfigStrDescriptor
 .text.USBD_FS_InterfaceStrDescriptor
                0x08007ff0       0x3c ./USB_DEVICE/App/usbd_desc.o
                0x08007ff0                USBD_FS_InterfaceStrDescriptor
 .text.Get_SerialNum
                0x0800802c       0x58 ./USB_DEVICE/App/usbd_desc.o
 .text.IntToUnicode
                0x08008084       0x7e ./USB_DEVICE/App/usbd_desc.o
 *fill*         0x08008102        0x2 
 .text.HAL_PCD_MspInit
                0x08008104       0xc4 ./USB_DEVICE/Target/usbd_conf.o
                0x08008104                HAL_PCD_MspInit
 .text.HAL_PCD_SetupStageCallback
                0x080081c8       0x24 ./USB_DEVICE/Target/usbd_conf.o
                0x080081c8                HAL_PCD_SetupStageCallback
 .text.HAL_PCD_DataOutStageCallback
                0x080081ec       0x36 ./USB_DEVICE/Target/usbd_conf.o
                0x080081ec                HAL_PCD_DataOutStageCallback
 .text.HAL_PCD_DataInStageCallback
                0x08008222       0x34 ./USB_DEVICE/Target/usbd_conf.o
                0x08008222                HAL_PCD_DataInStageCallback
 .text.HAL_PCD_SOFCallback
                0x08008256       0x1c ./USB_DEVICE/Target/usbd_conf.o
                0x08008256                HAL_PCD_SOFCallback
 .text.HAL_PCD_ResetCallback
                0x08008272       0x50 ./USB_DEVICE/Target/usbd_conf.o
                0x08008272                HAL_PCD_ResetCallback
 *fill*         0x080082c2        0x2 
 .text.HAL_PCD_SuspendCallback
                0x080082c4       0x4c ./USB_DEVICE/Target/usbd_conf.o
                0x080082c4                HAL_PCD_SuspendCallback
 .text.HAL_PCD_ResumeCallback
                0x08008310       0x1c ./USB_DEVICE/Target/usbd_conf.o
                0x08008310                HAL_PCD_ResumeCallback
 .text.HAL_PCD_ISOOUTIncompleteCallback
                0x0800832c       0x24 ./USB_DEVICE/Target/usbd_conf.o
                0x0800832c                HAL_PCD_ISOOUTIncompleteCallback
 .text.HAL_PCD_ISOINIncompleteCallback
                0x08008350       0x24 ./USB_DEVICE/Target/usbd_conf.o
                0x08008350                HAL_PCD_ISOINIncompleteCallback
 .text.HAL_PCD_ConnectCallback
                0x08008374       0x1c ./USB_DEVICE/Target/usbd_conf.o
                0x08008374                HAL_PCD_ConnectCallback
 .text.HAL_PCD_DisconnectCallback
                0x08008390       0x1c ./USB_DEVICE/Target/usbd_conf.o
                0x08008390                HAL_PCD_DisconnectCallback
 .text.USBD_LL_Init
                0x080083ac       0x98 ./USB_DEVICE/Target/usbd_conf.o
                0x080083ac                USBD_LL_Init
 .text.USBD_LL_Start
                0x08008444       0x36 ./USB_DEVICE/Target/usbd_conf.o
                0x08008444                USBD_LL_Start
 .text.USBD_LL_OpenEP
                0x0800847a       0x4c ./USB_DEVICE/Target/usbd_conf.o
                0x0800847a                USBD_LL_OpenEP
 .text.USBD_LL_CloseEP
                0x080084c6       0x3e ./USB_DEVICE/Target/usbd_conf.o
                0x080084c6                USBD_LL_CloseEP
 .text.USBD_LL_StallEP
                0x08008504       0x3e ./USB_DEVICE/Target/usbd_conf.o
                0x08008504                USBD_LL_StallEP
 .text.USBD_LL_ClearStallEP
                0x08008542       0x3e ./USB_DEVICE/Target/usbd_conf.o
                0x08008542                USBD_LL_ClearStallEP
 .text.USBD_LL_IsStallEP
                0x08008580       0x58 ./USB_DEVICE/Target/usbd_conf.o
                0x08008580                USBD_LL_IsStallEP
 .text.USBD_LL_SetUSBAddress
                0x080085d8       0x3e ./USB_DEVICE/Target/usbd_conf.o
                0x080085d8                USBD_LL_SetUSBAddress
 .text.USBD_LL_Transmit
                0x08008616       0x42 ./USB_DEVICE/Target/usbd_conf.o
                0x08008616                USBD_LL_Transmit
 .text.USBD_LL_PrepareReceive
                0x08008658       0x42 ./USB_DEVICE/Target/usbd_conf.o
                0x08008658                USBD_LL_PrepareReceive
 *fill*         0x0800869a        0x2 
 .text.USBD_static_malloc
                0x0800869c       0x1c ./USB_DEVICE/Target/usbd_conf.o
                0x0800869c                USBD_static_malloc
 .text.USBD_static_free
                0x080086b8       0x14 ./USB_DEVICE/Target/usbd_conf.o
                0x080086b8                USBD_static_free
 .text.USBD_Get_USB_Status
                0x080086cc       0x58 ./USB_DEVICE/Target/usbd_conf.o
                0x080086cc                USBD_Get_USB_Status
 .text.memset   0x08008724       0x10 C:/ST/STM32CubeIDE_1.18.1/STM32CubeIDE/plugins/com.st.stm32cube.ide.mcu.externaltools.gnu-tools-for-stm32.13.3.rel1.win32_1.0.0.202411081344/tools/bin/../lib/gcc/arm-none-eabi/13.3.1/../../../../arm-none-eabi/lib/thumb/v7e-m+fp/hard\libc_nano.a(libc_a-memset.o)
                0x08008724                memset
 .text.__libc_init_array
                0x08008734       0x48 C:/ST/STM32CubeIDE_1.18.1/STM32CubeIDE/plugins/com.st.stm32cube.ide.mcu.externaltools.gnu-tools-for-stm32.13.3.rel1.win32_1.0.0.202411081344/tools/bin/../lib/gcc/arm-none-eabi/13.3.1/../../../../arm-none-eabi/lib/thumb/v7e-m+fp/hard\libc_nano.a(libc_a-init.o)
                0x08008734                __libc_init_array
 *(.glue_7)
 .glue_7        0x0800877c        0x0 linker stubs
 *(.glue_7t)
 .glue_7t       0x0800877c        0x0 linker stubs
 *(.eh_frame)
 .eh_frame      0x0800877c        0x0 C:/ST/STM32CubeIDE_1.18.1/STM32CubeIDE/plugins/com.st.stm32cube.ide.mcu.externaltools.gnu-tools-for-stm32.13.3.rel1.win32_1.0.0.202411081344/tools/bin/../lib/gcc/arm-none-eabi/13.3.1/thumb/v7e-m+fp/hard/crtbegin.o
 *(.init)
 .init          0x0800877c        0x4 C:/ST/STM32CubeIDE_1.18.1/STM32CubeIDE/plugins/com.st.stm32cube.ide.mcu.externaltools.gnu-tools-for-stm32.13.3.rel1.win32_1.0.0.202411081344/tools/bin/../lib/gcc/arm-none-eabi/13.3.1/thumb/v7e-m+fp/hard/crti.o
                0x0800877c                _init
 .init          0x08008780        0x8 C:/ST/STM32CubeIDE_1.18.1/STM32CubeIDE/plugins/com.st.stm32cube.ide.mcu.externaltools.gnu-tools-for-stm32.13.3.rel1.win32_1.0.0.202411081344/tools/bin/../lib/gcc/arm-none-eabi/13.3.1/thumb/v7e-m+fp/hard/crtn.o
 *(.fini)
 .fini          0x08008788        0x4 C:/ST/STM32CubeIDE_1.18.1/STM32CubeIDE/plugins/com.st.stm32cube.ide.mcu.externaltools.gnu-tools-for-stm32.13.3.rel1.win32_1.0.0.202411081344/tools/bin/../lib/gcc/arm-none-eabi/13.3.1/thumb/v7e-m+fp/hard/crti.o
                0x08008788                _fini
 .fini          0x0800878c        0x8 C:/ST/STM32CubeIDE_1.18.1/STM32CubeIDE/plugins/com.st.stm32cube.ide.mcu.externaltools.gnu-tools-for-stm32.13.3.rel1.win32_1.0.0.202411081344/tools/bin/../lib/gcc/arm-none-eabi/13.3.1/thumb/v7e-m+fp/hard/crtn.o
                0x08008794                        . = ALIGN (0x4)
                0x08008794                        _etext = .

.vfp11_veneer   0x08008794        0x0
 .vfp11_veneer  0x08008794        0x0 linker stubs

.v4_bx          0x08008794        0x0
 .v4_bx         0x08008794        0x0 linker stubs

.iplt           0x08008794        0x0
 .iplt          0x08008794        0x0 C:/ST/STM32CubeIDE_1.18.1/STM32CubeIDE/plugins/com.st.stm32cube.ide.mcu.externaltools.gnu-tools-for-stm32.13.3.rel1.win32_1.0.0.202411081344/tools/bin/../lib/gcc/arm-none-eabi/13.3.1/thumb/v7e-m+fp/hard/crtbegin.o

.rodata         0x08008794       0x54
                0x08008794                        . = ALIGN (0x4)
 *(.rodata)
 .rodata        0x08008794       0x42 ./USB_DEVICE/App/usbd_desc.o
 *(.rodata*)
 *fill*         0x080087d6        0x2 
 .rodata.AHBPrescTable
                0x080087d8       0x10 ./Core/Src/system_stm32f4xx.o
                0x080087d8                AHBPrescTable
                0x080087e8                        . = ALIGN (0x4)

.ARM.extab      0x080087e8        0x0
                0x080087e8                        . = ALIGN (0x4)
 *(.ARM.extab* .gnu.linkonce.armextab.*)
                0x080087e8                        . = ALIGN (0x4)

.ARM            0x080087e8        0x8
                0x080087e8                        . = ALIGN (0x4)
                0x080087e8                        __exidx_start = .
 *(.ARM.exidx*)
 .ARM.exidx     0x080087e8        0x8 C:/ST/STM32CubeIDE_1.18.1/STM32CubeIDE/plugins/com.st.stm32cube.ide.mcu.externaltools.gnu-tools-for-stm32.13.3.rel1.win32_1.0.0.202411081344/tools/bin/../lib/gcc/arm-none-eabi/13.3.1/thumb/v7e-m+fp/hard\libgcc.a(_udivmoddi4.o)
                0x080087f0                        __exidx_end = .
                0x080087f0                        . = ALIGN (0x4)

.preinit_array  0x080087f0        0x0
                0x080087f0                        . = ALIGN (0x4)
                0x080087f0                        PROVIDE (__preinit_array_start = .)
 *(.preinit_array*)
                0x080087f0                        PROVIDE (__preinit_array_end = .)
                0x080087f0                        . = ALIGN (0x4)

.init_array     0x080087f0        0x4
                0x080087f0                        . = ALIGN (0x4)
                0x080087f0                        PROVIDE (__init_array_start = .)
 *(SORT_BY_NAME(.init_array.*))
 *(.init_array*)
 .init_array    0x080087f0        0x4 C:/ST/STM32CubeIDE_1.18.1/STM32CubeIDE/plugins/com.st.stm32cube.ide.mcu.externaltools.gnu-tools-for-stm32.13.3.rel1.win32_1.0.0.202411081344/tools/bin/../lib/gcc/arm-none-eabi/13.3.1/thumb/v7e-m+fp/hard/crtbegin.o
                0x080087f4                        PROVIDE (__init_array_end = .)
                0x080087f4                        . = ALIGN (0x4)

.fini_array     0x080087f4        0x4
                0x080087f4                        . = ALIGN (0x4)
                [!provide]                        PROVIDE (__fini_array_start = .)
 *(SORT_BY_NAME(.fini_array.*))
 *(.fini_array*)
 .fini_array    0x080087f4        0x4 C:/ST/STM32CubeIDE_1.18.1/STM32CubeIDE/plugins/com.st.stm32cube.ide.mcu.externaltools.gnu-tools-for-stm32.13.3.rel1.win32_1.0.0.202411081344/tools/bin/../lib/gcc/arm-none-eabi/13.3.1/thumb/v7e-m+fp/hard/crtbegin.o
                [!provide]                        PROVIDE (__fini_array_end = .)
                0x080087f8                        . = ALIGN (0x4)
                0x080087f8                        _sidata = LOADADDR (.data)

.rel.dyn        0x080087f8        0x0
 .rel.iplt      0x080087f8        0x0 C:/ST/STM32CubeIDE_1.18.1/STM32CubeIDE/plugins/com.st.stm32cube.ide.mcu.externaltools.gnu-tools-for-stm32.13.3.rel1.win32_1.0.0.202411081344/tools/bin/../lib/gcc/arm-none-eabi/13.3.1/thumb/v7e-m+fp/hard/crtbegin.o

.data           0x20000000      0x11c load address 0x080087f8
                0x20000000                        . = ALIGN (0x4)
                0x20000000                        _sdata = .
 *(.data)
 *(.data*)
 .data.SystemCoreClock
                0x20000000        0x4 ./Core/Src/system_stm32f4xx.o
                0x20000000                SystemCoreClock
 .data.uwTickPrio
                0x20000004        0x4 ./Drivers/STM32F4xx_HAL_Driver/Src/stm32f4xx_hal.o
                0x20000004                uwTickPrio
 .data.uwTickFreq
                0x20000008        0x1 ./Drivers/STM32F4xx_HAL_Driver/Src/stm32f4xx_hal.o
                0x20000008                uwTickFreq
 *fill*         0x20000009        0x3 
 .data.USBD_HID
                0x2000000c       0x38 ./Middlewares/ST/STM32_USB_Device_Library/Class/HID/Src/usbd_hid.o
                0x2000000c                USBD_HID
 .data.USBD_HID_CfgDesc
                0x20000044       0x22 ./Middlewares/ST/STM32_USB_Device_Library/Class/HID/Src/usbd_hid.o
 *fill*         0x20000066        0x2 
 .data.USBD_HID_Desc
                0x20000068        0x9 ./Middlewares/ST/STM32_USB_Device_Library/Class/HID/Src/usbd_hid.o
 *fill*         0x20000071        0x3 
 .data.USBD_HID_DeviceQualifierDesc
                0x20000074        0xa ./Middlewares/ST/STM32_USB_Device_Library/Class/HID/Src/usbd_hid.o
 *fill*         0x2000007e        0x2 
 .data.HID_MOUSE_ReportDesc
                0x20000080       0x4a ./Middlewares/ST/STM32_USB_Device_Library/Class/HID/Src/usbd_hid.o
 .data.HIDInEpAdd
                0x200000ca        0x1 ./Middlewares/ST/STM32_USB_Device_Library/Class/HID/Src/usbd_hid.o
 *fill*         0x200000cb        0x1 
 .data.FS_Desc  0x200000cc       0x1c ./USB_DEVICE/App/usbd_desc.o
                0x200000cc                FS_Desc
 .data.USBD_FS_DeviceDesc
                0x200000e8       0x12 ./USB_DEVICE/App/usbd_desc.o
                0x200000e8                USBD_FS_DeviceDesc
 *fill*         0x200000fa        0x2 
 .data.USBD_LangIDDesc
                0x200000fc        0x4 ./USB_DEVICE/App/usbd_desc.o
                0x200000fc                USBD_LangIDDesc
 .data.USBD_StringSerial
                0x20000100       0x1a ./USB_DEVICE/App/usbd_desc.o
                0x20000100                USBD_StringSerial
 *(.RamFunc)
 *(.RamFunc*)
                0x2000011c                        . = ALIGN (0x4)
 *fill*         0x2000011a        0x2 
                0x2000011c                        _edata = .
                0x08008914                        _siccmram = LOADADDR (.ccmram)

.igot.plt       0x2000011c        0x0 load address 0x08008914
 .igot.plt      0x2000011c        0x0 C:/ST/STM32CubeIDE_1.18.1/STM32CubeIDE/plugins/com.st.stm32cube.ide.mcu.externaltools.gnu-tools-for-stm32.13.3.rel1.win32_1.0.0.202411081344/tools/bin/../lib/gcc/arm-none-eabi/13.3.1/thumb/v7e-m+fp/hard/crtbegin.o

.ccmram         0x10000000        0x0 load address 0x08008914
                0x10000000                        . = ALIGN (0x4)
                0x10000000                        _sccmram = .
 *(.ccmram)
 *(.ccmram*)
                0x10000000                        . = ALIGN (0x4)
                0x10000000                        _eccmram = .
                0x10000000                        . = ALIGN (0x4)

.bss            0x2000011c      0xda0
                0x2000011c                        _sbss = .
                0x2000011c                        __bss_start__ = _sbss
 *(.bss)
 .bss           0x2000011c       0x1c C:/ST/STM32CubeIDE_1.18.1/STM32CubeIDE/plugins/com.st.stm32cube.ide.mcu.externaltools.gnu-tools-for-stm32.13.3.rel1.win32_1.0.0.202411081344/tools/bin/../lib/gcc/arm-none-eabi/13.3.1/thumb/v7e-m+fp/hard/crtbegin.o
 *(.bss*)
 .bss.hadc1     0x20000138       0x48 ./Core/Src/main.o
                0x20000138                hadc1
 .bss.htim1     0x20000180       0x48 ./Core/Src/main.o
                0x20000180                htim1
 .bss.htim3     0x200001c8       0x48 ./Core/Src/main.o
                0x200001c8                htim3
 .bss.htim4     0x20000210       0x48 ./Core/Src/main.o
                0x20000210                htim4
 .bss.htim6     0x20000258       0x48 ./Core/Src/main.o
                0x20000258                htim6
 .bss.htim7     0x200002a0       0x48 ./Core/Src/main.o
                0x200002a0                htim7
 .bss.htim8     0x200002e8       0x48 ./Core/Src/main.o
                0x200002e8                htim8
 .bss.htim9     0x20000330       0x48 ./Core/Src/main.o
                0x20000330                htim9
 .bss.htim10    0x20000378       0x48 ./Core/Src/main.o
                0x20000378                htim10
 .bss.htim11    0x200003c0       0x48 ./Core/Src/main.o
                0x200003c0                htim11
 .bss.htim12    0x20000408       0x48 ./Core/Src/main.o
                0x20000408                htim12
 .bss.htim13    0x20000450       0x48 ./Core/Src/main.o
                0x20000450                htim13
 .bss.htim14    0x20000498       0x48 ./Core/Src/main.o
                0x20000498                htim14
 .bss.uwTick    0x200004e0        0x4 ./Drivers/STM32F4xx_HAL_Driver/Src/stm32f4xx_hal.o
                0x200004e0                uwTick
 .bss.cfgidx.0  0x200004e4        0x1 ./Middlewares/ST/STM32_USB_Device_Library/Core/Src/usbd_ctlreq.o
 *fill*         0x200004e5        0x3 
 .bss.hUsbDeviceFS
                0x200004e8      0x2dc ./USB_DEVICE/App/usb_device.o
                0x200004e8                hUsbDeviceFS
 .bss.USBD_StrDesc
                0x200007c4      0x200 ./USB_DEVICE/App/usbd_desc.o
                0x200007c4                USBD_StrDesc
 .bss.hpcd_USB_OTG_FS
                0x200009c4      0x4e4 ./USB_DEVICE/Target/usbd_conf.o
                0x200009c4                hpcd_USB_OTG_FS
 .bss.mem.0     0x20000ea8       0x14 ./USB_DEVICE/Target/usbd_conf.o
 *(COMMON)
                0x20000ebc                        . = ALIGN (0x4)
                0x20000ebc                        _ebss = .
                0x20000ebc                        __bss_end__ = _ebss

._user_heap_stack
                0x20000ebc      0x604
                0x20000ec0                        . = ALIGN (0x8)
 *fill*         0x20000ebc        0x4 
                [!provide]                        PROVIDE (end = .)
                0x20000ec0                        PROVIDE (_end = .)
                0x200010c0                        . = (. + _Min_Heap_Size)
 *fill*         0x20000ec0      0x200 
                0x200014c0                        . = (. + _Min_Stack_Size)
 *fill*         0x200010c0      0x400 
                0x200014c0                        . = ALIGN (0x8)

/DISCARD/
 libc.a(*)
 libm.a(*)
 libgcc.a(*)

.ARM.attributes
                0x00000000       0x30
 *(.ARM.attributes)
 .ARM.attributes
                0x00000000       0x22 C:/ST/STM32CubeIDE_1.18.1/STM32CubeIDE/plugins/com.st.stm32cube.ide.mcu.externaltools.gnu-tools-for-stm32.13.3.rel1.win32_1.0.0.202411081344/tools/bin/../lib/gcc/arm-none-eabi/13.3.1/thumb/v7e-m+fp/hard/crti.o
 .ARM.attributes
                0x00000022       0x34 C:/ST/STM32CubeIDE_1.18.1/STM32CubeIDE/plugins/com.st.stm32cube.ide.mcu.externaltools.gnu-tools-for-stm32.13.3.rel1.win32_1.0.0.202411081344/tools/bin/../lib/gcc/arm-none-eabi/13.3.1/thumb/v7e-m+fp/hard/crtbegin.o
 .ARM.attributes
                0x00000056       0x34 ./Core/Src/main.o
 .ARM.attributes
                0x0000008a       0x34 ./Core/Src/stm32f4xx_hal_msp.o
 .ARM.attributes
                0x000000be       0x34 ./Core/Src/stm32f4xx_it.o
 .ARM.attributes
                0x000000f2       0x34 ./Core/Src/system_stm32f4xx.o
 .ARM.attributes
                0x00000126       0x21 ./Core/Startup/startup_stm32f407vgtx.o
 .ARM.attributes
                0x00000147       0x34 ./Drivers/STM32F4xx_HAL_Driver/Src/stm32f4xx_hal.o
 .ARM.attributes
                0x0000017b       0x34 ./Drivers/STM32F4xx_HAL_Driver/Src/stm32f4xx_hal_adc.o
 .ARM.attributes
                0x000001af       0x34 ./Drivers/STM32F4xx_HAL_Driver/Src/stm32f4xx_hal_cortex.o
 .ARM.attributes
                0x000001e3       0x34 ./Drivers/STM32F4xx_HAL_Driver/Src/stm32f4xx_hal_gpio.o
 .ARM.attributes
                0x00000217       0x34 ./Drivers/STM32F4xx_HAL_Driver/Src/stm32f4xx_hal_pcd.o
 .ARM.attributes
                0x0000024b       0x34 ./Drivers/STM32F4xx_HAL_Driver/Src/stm32f4xx_hal_pcd_ex.o
 .ARM.attributes
                0x0000027f       0x34 ./Drivers/STM32F4xx_HAL_Driver/Src/stm32f4xx_hal_rcc.o
 .ARM.attributes
                0x000002b3       0x34 ./Drivers/STM32F4xx_HAL_Driver/Src/stm32f4xx_hal_tim.o
 .ARM.attributes
                0x000002e7       0x34 ./Drivers/STM32F4xx_HAL_Driver/Src/stm32f4xx_hal_tim_ex.o
 .ARM.attributes
                0x0000031b       0x34 ./Drivers/STM32F4xx_HAL_Driver/Src/stm32f4xx_ll_usb.o
 .ARM.attributes
                0x0000034f       0x34 ./Middlewares/ST/STM32_USB_Device_Library/Class/HID/Src/usbd_hid.o
 .ARM.attributes
                0x00000383       0x34 ./Middlewares/ST/STM32_USB_Device_Library/Core/Src/usbd_core.o
 .ARM.attributes
                0x000003b7       0x34 ./Middlewares/ST/STM32_USB_Device_Library/Core/Src/usbd_ctlreq.o
 .ARM.attributes
                0x000003eb       0x34 ./Middlewares/ST/STM32_USB_Device_Library/Core/Src/usbd_ioreq.o
 .ARM.attributes
                0x0000041f       0x34 ./USB_DEVICE/App/usb_device.o
 .ARM.attributes
                0x00000453       0x34 ./USB_DEVICE/App/usbd_desc.o
 .ARM.attributes
                0x00000487       0x34 ./USB_DEVICE/Target/usbd_conf.o
 .ARM.attributes
                0x000004bb       0x34 C:/ST/STM32CubeIDE_1.18.1/STM32CubeIDE/plugins/com.st.stm32cube.ide.mcu.externaltools.gnu-tools-for-stm32.13.3.rel1.win32_1.0.0.202411081344/tools/bin/../lib/gcc/arm-none-eabi/13.3.1/../../../../arm-none-eabi/lib/thumb/v7e-m+fp/hard\libc_nano.a(libc_a-memset.o)
 .ARM.attributes
                0x000004ef       0x34 C:/ST/STM32CubeIDE_1.18.1/STM32CubeIDE/plugins/com.st.stm32cube.ide.mcu.externaltools.gnu-tools-for-stm32.13.3.rel1.win32_1.0.0.202411081344/tools/bin/../lib/gcc/arm-none-eabi/13.3.1/../../../../arm-none-eabi/lib/thumb/v7e-m+fp/hard\libc_nano.a(libc_a-init.o)
 .ARM.attributes
                0x00000523       0x22 C:/ST/STM32CubeIDE_1.18.1/STM32CubeIDE/plugins/com.st.stm32cube.ide.mcu.externaltools.gnu-tools-for-stm32.13.3.rel1.win32_1.0.0.202411081344/tools/bin/../lib/gcc/arm-none-eabi/13.3.1/thumb/v7e-m+fp/hard\libgcc.a(_aeabi_uldivmod.o)
 .ARM.attributes
                0x00000545       0x34 C:/ST/STM32CubeIDE_1.18.1/STM32CubeIDE/plugins/com.st.stm32cube.ide.mcu.externaltools.gnu-tools-for-stm32.13.3.rel1.win32_1.0.0.202411081344/tools/bin/../lib/gcc/arm-none-eabi/13.3.1/thumb/v7e-m+fp/hard\libgcc.a(_udivmoddi4.o)
 .ARM.attributes
                0x00000579       0x22 C:/ST/STM32CubeIDE_1.18.1/STM32CubeIDE/plugins/com.st.stm32cube.ide.mcu.externaltools.gnu-tools-for-stm32.13.3.rel1.win32_1.0.0.202411081344/tools/bin/../lib/gcc/arm-none-eabi/13.3.1/thumb/v7e-m+fp/hard\libgcc.a(_dvmd_tls.o)
 .ARM.attributes
                0x0000059b       0x22 C:/ST/STM32CubeIDE_1.18.1/STM32CubeIDE/plugins/com.st.stm32cube.ide.mcu.externaltools.gnu-tools-for-stm32.13.3.rel1.win32_1.0.0.202411081344/tools/bin/../lib/gcc/arm-none-eabi/13.3.1/thumb/v7e-m+fp/hard/crtn.o
OUTPUT(stepper_adc_to_midi.elf elf32-littlearm)
LOAD linker stubs
LOAD C:/ST/STM32CubeIDE_1.18.1/STM32CubeIDE/plugins/com.st.stm32cube.ide.mcu.externaltools.gnu-tools-for-stm32.13.3.rel1.win32_1.0.0.202411081344/tools/bin/../lib/gcc/arm-none-eabi/13.3.1/../../../../arm-none-eabi/lib/thumb/v7e-m+fp/hard\libc.a
LOAD C:/ST/STM32CubeIDE_1.18.1/STM32CubeIDE/plugins/com.st.stm32cube.ide.mcu.externaltools.gnu-tools-for-stm32.13.3.rel1.win32_1.0.0.202411081344/tools/bin/../lib/gcc/arm-none-eabi/13.3.1/../../../../arm-none-eabi/lib/thumb/v7e-m+fp/hard\libm.a
LOAD C:/ST/STM32CubeIDE_1.18.1/STM32CubeIDE/plugins/com.st.stm32cube.ide.mcu.externaltools.gnu-tools-for-stm32.13.3.rel1.win32_1.0.0.202411081344/tools/bin/../lib/gcc/arm-none-eabi/13.3.1/thumb/v7e-m+fp/hard\libgcc.a

.debug_info     0x00000000    0x129be
 .debug_info    0x00000000     0x155d ./Core/Src/main.o
 .debug_info    0x0000155d      0xfae ./Core/Src/stm32f4xx_hal_msp.o
 .debug_info    0x0000250b      0x627 ./Core/Src/stm32f4xx_it.o
 .debug_info    0x00002b32      0x512 ./Core/Src/system_stm32f4xx.o
 .debug_info    0x00003044       0x30 ./Core/Startup/startup_stm32f407vgtx.o
 .debug_info    0x00003074      0x944 ./Drivers/STM32F4xx_HAL_Driver/Src/stm32f4xx_hal.o
 .debug_info    0x000039b8      0xce3 ./Drivers/STM32F4xx_HAL_Driver/Src/stm32f4xx_hal_adc.o
 .debug_info    0x0000469b      0xd8c ./Drivers/STM32F4xx_HAL_Driver/Src/stm32f4xx_hal_cortex.o
 .debug_info    0x00005427      0x6c3 ./Drivers/STM32F4xx_HAL_Driver/Src/stm32f4xx_hal_gpio.o
 .debug_info    0x00005aea     0x156f ./Drivers/STM32F4xx_HAL_Driver/Src/stm32f4xx_hal_pcd.o
 .debug_info    0x00007059      0x6ea ./Drivers/STM32F4xx_HAL_Driver/Src/stm32f4xx_hal_pcd_ex.o
 .debug_info    0x00007743      0x8c3 ./Drivers/STM32F4xx_HAL_Driver/Src/stm32f4xx_hal_rcc.o
 .debug_info    0x00008006     0x299d ./Drivers/STM32F4xx_HAL_Driver/Src/stm32f4xx_hal_tim.o
 .debug_info    0x0000a9a3     0x14db ./Drivers/STM32F4xx_HAL_Driver/Src/stm32f4xx_hal_tim_ex.o
 .debug_info    0x0000be7e     0x1993 ./Drivers/STM32F4xx_HAL_Driver/Src/stm32f4xx_ll_usb.o
 .debug_info    0x0000d811      0xa91 ./Middlewares/ST/STM32_USB_Device_Library/Class/HID/Src/usbd_hid.o
 .debug_info    0x0000e2a2      0xe12 ./Middlewares/ST/STM32_USB_Device_Library/Core/Src/usbd_core.o
 .debug_info    0x0000f0b4      0xaeb ./Middlewares/ST/STM32_USB_Device_Library/Core/Src/usbd_ctlreq.o
 .debug_info    0x0000fb9f      0x762 ./Middlewares/ST/STM32_USB_Device_Library/Core/Src/usbd_ioreq.o
 .debug_info    0x00010301      0x5fc ./USB_DEVICE/App/usb_device.o
 .debug_info    0x000108fd      0x458 ./USB_DEVICE/App/usbd_desc.o
 .debug_info    0x00010d55     0x1c69 ./USB_DEVICE/Target/usbd_conf.o

.debug_abbrev   0x00000000     0x2fcd
 .debug_abbrev  0x00000000      0x284 ./Core/Src/main.o
 .debug_abbrev  0x00000284      0x241 ./Core/Src/stm32f4xx_hal_msp.o
 .debug_abbrev  0x000004c5      0x1a4 ./Core/Src/stm32f4xx_it.o
 .debug_abbrev  0x00000669      0x11a ./Core/Src/system_stm32f4xx.o
 .debug_abbrev  0x00000783       0x24 ./Core/Startup/startup_stm32f407vgtx.o
 .debug_abbrev  0x000007a7      0x214 ./Drivers/STM32F4xx_HAL_Driver/Src/stm32f4xx_hal.o
 .debug_abbrev  0x000009bb      0x252 ./Drivers/STM32F4xx_HAL_Driver/Src/stm32f4xx_hal_adc.o
 .debug_abbrev  0x00000c0d      0x31d ./Drivers/STM32F4xx_HAL_Driver/Src/stm32f4xx_hal_cortex.o
 .debug_abbrev  0x00000f2a      0x1d4 ./Drivers/STM32F4xx_HAL_Driver/Src/stm32f4xx_hal_gpio.o
 .debug_abbrev  0x000010fe      0x2b9 ./Drivers/STM32F4xx_HAL_Driver/Src/stm32f4xx_hal_pcd.o
 .debug_abbrev  0x000013b7      0x1da ./Drivers/STM32F4xx_HAL_Driver/Src/stm32f4xx_hal_pcd_ex.o
 .debug_abbrev  0x00001591      0x2b7 ./Drivers/STM32F4xx_HAL_Driver/Src/stm32f4xx_hal_rcc.o
 .debug_abbrev  0x00001848      0x278 ./Drivers/STM32F4xx_HAL_Driver/Src/stm32f4xx_hal_tim.o
 .debug_abbrev  0x00001ac0      0x283 ./Drivers/STM32F4xx_HAL_Driver/Src/stm32f4xx_hal_tim_ex.o
 .debug_abbrev  0x00001d43      0x2b3 ./Drivers/STM32F4xx_HAL_Driver/Src/stm32f4xx_ll_usb.o
 .debug_abbrev  0x00001ff6      0x2a2 ./Middlewares/ST/STM32_USB_Device_Library/Class/HID/Src/usbd_hid.o
 .debug_abbrev  0x00002298      0x27c ./Middlewares/ST/STM32_USB_Device_Library/Core/Src/usbd_core.o
 .debug_abbrev  0x00002514      0x26f ./Middlewares/ST/STM32_USB_Device_Library/Core/Src/usbd_ctlreq.o
 .debug_abbrev  0x00002783      0x19a ./Middlewares/ST/STM32_USB_Device_Library/Core/Src/usbd_ioreq.o
 .debug_abbrev  0x0000291d      0x190 ./USB_DEVICE/App/usb_device.o
 .debug_abbrev  0x00002aad      0x1e1 ./USB_DEVICE/App/usbd_desc.o
 .debug_abbrev  0x00002c8e      0x33f ./USB_DEVICE/Target/usbd_conf.o

.debug_aranges  0x00000000     0x1190
 .debug_aranges
                0x00000000       0xa0 ./Core/Src/main.o
 .debug_aranges
                0x000000a0       0x48 ./Core/Src/stm32f4xx_hal_msp.o
 .debug_aranges
                0x000000e8       0x68 ./Core/Src/stm32f4xx_it.o
 .debug_aranges
                0x00000150       0x28 ./Core/Src/system_stm32f4xx.o
 .debug_aranges
                0x00000178       0x28 ./Core/Startup/startup_stm32f407vgtx.o
 .debug_aranges
                0x000001a0       0xf0 ./Drivers/STM32F4xx_HAL_Driver/Src/stm32f4xx_hal.o
 .debug_aranges
                0x00000290       0xe8 ./Drivers/STM32F4xx_HAL_Driver/Src/stm32f4xx_hal_adc.o
 .debug_aranges
                0x00000378      0x130 ./Drivers/STM32F4xx_HAL_Driver/Src/stm32f4xx_hal_cortex.o
 .debug_aranges
                0x000004a8       0x58 ./Drivers/STM32F4xx_HAL_Driver/Src/stm32f4xx_hal_gpio.o
 .debug_aranges
                0x00000500      0x148 ./Drivers/STM32F4xx_HAL_Driver/Src/stm32f4xx_hal_pcd.o
 .debug_aranges
                0x00000648       0x38 ./Drivers/STM32F4xx_HAL_Driver/Src/stm32f4xx_hal_pcd_ex.o
 .debug_aranges
                0x00000680       0x88 ./Drivers/STM32F4xx_HAL_Driver/Src/stm32f4xx_hal_rcc.o
 .debug_aranges
                0x00000708      0x3d0 ./Drivers/STM32F4xx_HAL_Driver/Src/stm32f4xx_hal_tim.o
 .debug_aranges
                0x00000ad8      0x168 ./Drivers/STM32F4xx_HAL_Driver/Src/stm32f4xx_hal_tim_ex.o
 .debug_aranges
                0x00000c40      0x1a0 ./Drivers/STM32F4xx_HAL_Driver/Src/stm32f4xx_ll_usb.o
 .debug_aranges
                0x00000de0       0x68 ./Middlewares/ST/STM32_USB_Device_Library/Class/HID/Src/usbd_hid.o
 .debug_aranges
                0x00000e48       0xd8 ./Middlewares/ST/STM32_USB_Device_Library/Core/Src/usbd_core.o
 .debug_aranges
                0x00000f20       0x90 ./Middlewares/ST/STM32_USB_Device_Library/Core/Src/usbd_ctlreq.o
 .debug_aranges
                0x00000fb0       0x50 ./Middlewares/ST/STM32_USB_Device_Library/Core/Src/usbd_ioreq.o
 .debug_aranges
                0x00001000       0x20 ./USB_DEVICE/App/usb_device.o
 .debug_aranges
                0x00001020       0x60 ./USB_DEVICE/App/usbd_desc.o
 .debug_aranges
                0x00001080      0x110 ./USB_DEVICE/Target/usbd_conf.o

.debug_rnglists
                0x00000000      0xd71
 .debug_rnglists
                0x00000000       0x80 ./Core/Src/main.o
 .debug_rnglists
                0x00000080       0x35 ./Core/Src/stm32f4xx_hal_msp.o
 .debug_rnglists
                0x000000b5       0x49 ./Core/Src/stm32f4xx_it.o
 .debug_rnglists
                0x000000fe       0x1a ./Core/Src/system_stm32f4xx.o
 .debug_rnglists
                0x00000118       0x19 ./Core/Startup/startup_stm32f407vgtx.o
 .debug_rnglists
                0x00000131       0xaf ./Drivers/STM32F4xx_HAL_Driver/Src/stm32f4xx_hal.o
 .debug_rnglists
                0x000001e0       0xb5 ./Drivers/STM32F4xx_HAL_Driver/Src/stm32f4xx_hal_adc.o
 .debug_rnglists
                0x00000295       0xe0 ./Drivers/STM32F4xx_HAL_Driver/Src/stm32f4xx_hal_cortex.o
 .debug_rnglists
                0x00000375       0x3f ./Drivers/STM32F4xx_HAL_Driver/Src/stm32f4xx_hal_gpio.o
 .debug_rnglists
                0x000003b4       0xfa ./Drivers/STM32F4xx_HAL_Driver/Src/stm32f4xx_hal_pcd.o
 .debug_rnglists
                0x000004ae       0x26 ./Drivers/STM32F4xx_HAL_Driver/Src/stm32f4xx_hal_pcd_ex.o
 .debug_rnglists
                0x000004d4       0x66 ./Drivers/STM32F4xx_HAL_Driver/Src/stm32f4xx_hal_rcc.o
 .debug_rnglists
                0x0000053a      0x31a ./Drivers/STM32F4xx_HAL_Driver/Src/stm32f4xx_hal_tim.o
 .debug_rnglists
                0x00000854      0x125 ./Drivers/STM32F4xx_HAL_Driver/Src/stm32f4xx_hal_tim_ex.o
 .debug_rnglists
                0x00000979      0x147 ./Drivers/STM32F4xx_HAL_Driver/Src/stm32f4xx_ll_usb.o
 .debug_rnglists
                0x00000ac0       0x4c ./Middlewares/ST/STM32_USB_Device_Library/Class/HID/Src/usbd_hid.o
 .debug_rnglists
                0x00000b0c       0xa1 ./Middlewares/ST/STM32_USB_Device_Library/Core/Src/usbd_core.o
 .debug_rnglists
                0x00000bad       0x6e ./Middlewares/ST/STM32_USB_Device_Library/Core/Src/usbd_ctlreq.o
 .debug_rnglists
                0x00000c1b       0x37 ./Middlewares/ST/STM32_USB_Device_Library/Core/Src/usbd_ioreq.o
 .debug_rnglists
                0x00000c52       0x13 ./USB_DEVICE/App/usb_device.o
 .debug_rnglists
                0x00000c65       0x43 ./USB_DEVICE/App/usbd_desc.o
 .debug_rnglists
                0x00000ca8       0xc9 ./USB_DEVICE/Target/usbd_conf.o

.debug_macro    0x00000000    0x249a0
 .debug_macro   0x00000000      0x383 ./Core/Src/main.o
 .debug_macro   0x00000383      0xad8 ./Core/Src/main.o
 .debug_macro   0x00000e5b      0x2a1 ./Core/Src/main.o
 .debug_macro   0x000010fc       0x2e ./Core/Src/main.o
 .debug_macro   0x0000112a       0x2f ./Core/Src/main.o
 .debug_macro   0x00001159       0x22 ./Core/Src/main.o
 .debug_macro   0x0000117b       0x8e ./Core/Src/main.o
 .debug_macro   0x00001209       0x51 ./Core/Src/main.o
 .debug_macro   0x0000125a      0x103 ./Core/Src/main.o
 .debug_macro   0x0000135d       0x6a ./Core/Src/main.o
 .debug_macro   0x000013c7      0x1df ./Core/Src/main.o
 .debug_macro   0x000015a6       0x1c ./Core/Src/main.o
 .debug_macro   0x000015c2       0x22 ./Core/Src/main.o
 .debug_macro   0x000015e4       0xfb ./Core/Src/main.o
 .debug_macro   0x000016df     0x1011 ./Core/Src/main.o
 .debug_macro   0x000026f0      0x11f ./Core/Src/main.o
 .debug_macro   0x0000280f    0x15ea5 ./Core/Src/main.o
 .debug_macro   0x000186b4       0x6d ./Core/Src/main.o
 .debug_macro   0x00018721     0x3693 ./Core/Src/main.o
 .debug_macro   0x0001bdb4      0x190 ./Core/Src/main.o
 .debug_macro   0x0001bf44       0x5c ./Core/Src/main.o
 .debug_macro   0x0001bfa0      0x980 ./Core/Src/main.o
 .debug_macro   0x0001c920      0x9e9 ./Core/Src/main.o
 .debug_macro   0x0001d309      0x115 ./Core/Src/main.o
 .debug_macro   0x0001d41e      0x13e ./Core/Src/main.o
 .debug_macro   0x0001d55c       0xa5 ./Core/Src/main.o
 .debug_macro   0x0001d601      0x174 ./Core/Src/main.o
 .debug_macro   0x0001d775      0x287 ./Core/Src/main.o
 .debug_macro   0x0001d9fc       0x5f ./Core/Src/main.o
 .debug_macro   0x0001da5b      0x236 ./Core/Src/main.o
 .debug_macro   0x0001dc91      0xb5b ./Core/Src/main.o
 .debug_macro   0x0001e7ec      0x38b ./Core/Src/main.o
 .debug_macro   0x0001eb77      0x176 ./Core/Src/main.o
 .debug_macro   0x0001eced       0xf9 ./Core/Src/main.o
 .debug_macro   0x0001ede6      0x12c ./Core/Src/main.o
 .debug_macro   0x0001ef12      0x21e ./Core/Src/main.o
 .debug_macro   0x0001f130       0x2e ./Core/Src/main.o
 .debug_macro   0x0001f15e      0x127 ./Core/Src/main.o
 .debug_macro   0x0001f285       0x7e ./Core/Src/main.o
 .debug_macro   0x0001f303       0x89 ./Core/Src/main.o
 .debug_macro   0x0001f38c      0x8ed ./Core/Src/main.o
 .debug_macro   0x0001fc79       0x4d ./Core/Src/main.o
 .debug_macro   0x0001fcc6      0x293 ./Core/Src/main.o
 .debug_macro   0x0001ff59       0xba ./Core/Src/main.o
 .debug_macro   0x00020013      0x12d ./Core/Src/main.o
 .debug_macro   0x00020140       0xe8 ./Core/Src/main.o
 .debug_macro   0x00020228       0x61 ./Core/Src/main.o
 .debug_macro   0x00020289       0x2a ./Core/Src/main.o
 .debug_macro   0x000202b3       0x43 ./Core/Src/main.o
 .debug_macro   0x000202f6       0x34 ./Core/Src/main.o
 .debug_macro   0x0002032a       0x16 ./Core/Src/main.o
 .debug_macro   0x00020340       0x3c ./Core/Src/main.o
 .debug_macro   0x0002037c      0x370 ./Core/Src/main.o
 .debug_macro   0x000206ec       0x10 ./Core/Src/main.o
 .debug_macro   0x000206fc       0x16 ./Core/Src/main.o
 .debug_macro   0x00020712       0x4a ./Core/Src/main.o
 .debug_macro   0x0002075c       0x34 ./Core/Src/main.o
 .debug_macro   0x00020790       0x10 ./Core/Src/main.o
 .debug_macro   0x000207a0       0x58 ./Core/Src/main.o
 .debug_macro   0x000207f8       0x8e ./Core/Src/main.o
 .debug_macro   0x00020886       0x1c ./Core/Src/main.o
 .debug_macro   0x000208a2      0x185 ./Core/Src/main.o
 .debug_macro   0x00020a27       0x16 ./Core/Src/main.o
 .debug_macro   0x00020a3d       0x16 ./Core/Src/main.o
 .debug_macro   0x00020a53      0x146 ./Core/Src/main.o
 .debug_macro   0x00020b99       0x16 ./Core/Src/main.o
 .debug_macro   0x00020baf       0x16 ./Core/Src/main.o
 .debug_macro   0x00020bc5       0x29 ./Core/Src/main.o
 .debug_macro   0x00020bee       0x16 ./Core/Src/main.o
 .debug_macro   0x00020c04       0x20 ./Core/Src/main.o
 .debug_macro   0x00020c24       0x6b ./Core/Src/main.o
 .debug_macro   0x00020c8f      0x20f ./Core/Src/main.o
 .debug_macro   0x00020e9e      0x21f ./Core/Src/stm32f4xx_hal_msp.o
 .debug_macro   0x000210bd      0x229 ./Core/Src/stm32f4xx_it.o
 .debug_macro   0x000212e6      0x210 ./Core/Src/system_stm32f4xx.o
 .debug_macro   0x000214f6      0x270 ./Drivers/STM32F4xx_HAL_Driver/Src/stm32f4xx_hal.o
 .debug_macro   0x00021766      0x211 ./Drivers/STM32F4xx_HAL_Driver/Src/stm32f4xx_hal_adc.o
 .debug_macro   0x00021977      0x210 ./Drivers/STM32F4xx_HAL_Driver/Src/stm32f4xx_hal_cortex.o
 .debug_macro   0x00021b87      0x216 ./Drivers/STM32F4xx_HAL_Driver/Src/stm32f4xx_hal_gpio.o
 .debug_macro   0x00021d9d      0x21c ./Drivers/STM32F4xx_HAL_Driver/Src/stm32f4xx_hal_pcd.o
 .debug_macro   0x00021fb9      0x210 ./Drivers/STM32F4xx_HAL_Driver/Src/stm32f4xx_hal_pcd_ex.o
 .debug_macro   0x000221c9      0x234 ./Drivers/STM32F4xx_HAL_Driver/Src/stm32f4xx_hal_rcc.o
 .debug_macro   0x000223fd      0x211 ./Drivers/STM32F4xx_HAL_Driver/Src/stm32f4xx_hal_tim.o
 .debug_macro   0x0002260e      0x210 ./Drivers/STM32F4xx_HAL_Driver/Src/stm32f4xx_hal_tim_ex.o
 .debug_macro   0x0002281e      0x210 ./Drivers/STM32F4xx_HAL_Driver/Src/stm32f4xx_ll_usb.o
 .debug_macro   0x00022a2e      0x3ae ./Middlewares/ST/STM32_USB_Device_Library/Class/HID/Src/usbd_hid.o
 .debug_macro   0x00022ddc       0x9e ./Middlewares/ST/STM32_USB_Device_Library/Class/HID/Src/usbd_hid.o
 .debug_macro   0x00022e7a      0x112 ./Middlewares/ST/STM32_USB_Device_Library/Class/HID/Src/usbd_hid.o
 .debug_macro   0x00022f8c       0x56 ./Middlewares/ST/STM32_USB_Device_Library/Class/HID/Src/usbd_hid.o
 .debug_macro   0x00022fe2       0x5f ./Middlewares/ST/STM32_USB_Device_Library/Class/HID/Src/usbd_hid.o
 .debug_macro   0x00023041      0x395 ./Middlewares/ST/STM32_USB_Device_Library/Core/Src/usbd_core.o
 .debug_macro   0x000233d6      0x215 ./Middlewares/ST/STM32_USB_Device_Library/Core/Src/usbd_core.o
 .debug_macro   0x000235eb      0x39f ./Middlewares/ST/STM32_USB_Device_Library/Core/Src/usbd_ctlreq.o
 .debug_macro   0x0002398a      0x39b ./Middlewares/ST/STM32_USB_Device_Library/Core/Src/usbd_ioreq.o
 .debug_macro   0x00023d25      0x3c5 ./USB_DEVICE/App/usb_device.o
 .debug_macro   0x000240ea       0xee ./USB_DEVICE/App/usb_device.o
 .debug_macro   0x000241d8       0x22 ./USB_DEVICE/App/usb_device.o
 .debug_macro   0x000241fa      0x3d8 ./USB_DEVICE/App/usbd_desc.o
 .debug_macro   0x000245d2       0x1c ./USB_DEVICE/App/usbd_desc.o
 .debug_macro   0x000245ee      0x3b2 ./USB_DEVICE/Target/usbd_conf.o

.debug_line     0x00000000    0x15d92
 .debug_line    0x00000000     0x1082 ./Core/Src/main.o
 .debug_line    0x00001082      0xb2e ./Core/Src/stm32f4xx_hal_msp.o
 .debug_line    0x00001bb0      0x883 ./Core/Src/stm32f4xx_it.o
 .debug_line    0x00002433      0x832 ./Core/Src/system_stm32f4xx.o
 .debug_line    0x00002c65       0x7a ./Core/Startup/startup_stm32f407vgtx.o
 .debug_line    0x00002cdf      0xaae ./Drivers/STM32F4xx_HAL_Driver/Src/stm32f4xx_hal.o
 .debug_line    0x0000378d     0x12c5 ./Drivers/STM32F4xx_HAL_Driver/Src/stm32f4xx_hal_adc.o
 .debug_line    0x00004a52      0xd7e ./Drivers/STM32F4xx_HAL_Driver/Src/stm32f4xx_hal_cortex.o
 .debug_line    0x000057d0      0xc06 ./Drivers/STM32F4xx_HAL_Driver/Src/stm32f4xx_hal_gpio.o
 .debug_line    0x000063d6     0x14f9 ./Drivers/STM32F4xx_HAL_Driver/Src/stm32f4xx_hal_pcd.o
 .debug_line    0x000078cf      0x877 ./Drivers/STM32F4xx_HAL_Driver/Src/stm32f4xx_hal_pcd_ex.o
 .debug_line    0x00008146      0xebd ./Drivers/STM32F4xx_HAL_Driver/Src/stm32f4xx_hal_rcc.o
 .debug_line    0x00009003     0x3823 ./Drivers/STM32F4xx_HAL_Driver/Src/stm32f4xx_hal_tim.o
 .debug_line    0x0000c826     0x1a0e ./Drivers/STM32F4xx_HAL_Driver/Src/stm32f4xx_hal_tim_ex.o
 .debug_line    0x0000e234     0x1de2 ./Drivers/STM32F4xx_HAL_Driver/Src/stm32f4xx_ll_usb.o
 .debug_line    0x00010016      0xce9 ./Middlewares/ST/STM32_USB_Device_Library/Class/HID/Src/usbd_hid.o
 .debug_line    0x00010cff      0xfd3 ./Middlewares/ST/STM32_USB_Device_Library/Core/Src/usbd_core.o
 .debug_line    0x00011cd2     0x1195 ./Middlewares/ST/STM32_USB_Device_Library/Core/Src/usbd_ctlreq.o
 .debug_line    0x00012e67      0xada ./Middlewares/ST/STM32_USB_Device_Library/Core/Src/usbd_ioreq.o
 .debug_line    0x00013941      0xa81 ./USB_DEVICE/App/usb_device.o
 .debug_line    0x000143c2      0xb49 ./USB_DEVICE/App/usbd_desc.o
 .debug_line    0x00014f0b      0xe87 ./USB_DEVICE/Target/usbd_conf.o

.debug_str      0x00000000    0xd952e
 .debug_str     0x00000000    0xd952e ./Core/Src/main.o
                              0xd4e1f (size before relaxing)
 .debug_str     0x000d952e    0xd05d9 ./Core/Src/stm32f4xx_hal_msp.o
 .debug_str     0x000d952e    0xd01ac ./Core/Src/stm32f4xx_it.o
 .debug_str     0x000d952e    0xcfae7 ./Core/Src/system_stm32f4xx.o
 .debug_str     0x000d952e       0xa7 ./Core/Startup/startup_stm32f407vgtx.o
 .debug_str     0x000d952e    0xd066b ./Drivers/STM32F4xx_HAL_Driver/Src/stm32f4xx_hal.o
 .debug_str     0x000d952e    0xd00d4 ./Drivers/STM32F4xx_HAL_Driver/Src/stm32f4xx_hal_adc.o
 .debug_str     0x000d952e    0xd03e7 ./Drivers/STM32F4xx_HAL_Driver/Src/stm32f4xx_hal_cortex.o
 .debug_str     0x000d952e    0xcfc62 ./Drivers/STM32F4xx_HAL_Driver/Src/stm32f4xx_hal_gpio.o
 .debug_str     0x000d952e    0xd05c5 ./Drivers/STM32F4xx_HAL_Driver/Src/stm32f4xx_hal_pcd.o
 .debug_str     0x000d952e    0xcfeb5 ./Drivers/STM32F4xx_HAL_Driver/Src/stm32f4xx_hal_pcd_ex.o
 .debug_str     0x000d952e    0xcff1b ./Drivers/STM32F4xx_HAL_Driver/Src/stm32f4xx_hal_rcc.o
 .debug_str     0x000d952e    0xd0e71 ./Drivers/STM32F4xx_HAL_Driver/Src/stm32f4xx_hal_tim.o
 .debug_str     0x000d952e    0xd067d ./Drivers/STM32F4xx_HAL_Driver/Src/stm32f4xx_hal_tim_ex.o
 .debug_str     0x000d952e    0xd04a0 ./Drivers/STM32F4xx_HAL_Driver/Src/stm32f4xx_ll_usb.o
 .debug_str     0x000d952e    0xd4923 ./Middlewares/ST/STM32_USB_Device_Library/Class/HID/Src/usbd_hid.o
 .debug_str     0x000d952e    0xd488e ./Middlewares/ST/STM32_USB_Device_Library/Core/Src/usbd_core.o
 .debug_str     0x000d952e    0xd46b9 ./Middlewares/ST/STM32_USB_Device_Library/Core/Src/usbd_ctlreq.o
 .debug_str     0x000d952e    0xd458e ./Middlewares/ST/STM32_USB_Device_Library/Core/Src/usbd_ioreq.o
 .debug_str     0x000d952e    0xd4721 ./USB_DEVICE/App/usb_device.o
 .debug_str     0x000d952e    0xd4484 ./USB_DEVICE/App/usbd_desc.o
 .debug_str     0x000d952e    0xd5623 ./USB_DEVICE/Target/usbd_conf.o

.comment        0x00000000       0x43
 .comment       0x00000000       0x43 ./Core/Src/main.o
                                 0x44 (size before relaxing)
 .comment       0x00000043       0x44 ./Core/Src/stm32f4xx_hal_msp.o
 .comment       0x00000043       0x44 ./Core/Src/stm32f4xx_it.o
 .comment       0x00000043       0x44 ./Core/Src/system_stm32f4xx.o
 .comment       0x00000043       0x44 ./Drivers/STM32F4xx_HAL_Driver/Src/stm32f4xx_hal.o
 .comment       0x00000043       0x44 ./Drivers/STM32F4xx_HAL_Driver/Src/stm32f4xx_hal_adc.o
 .comment       0x00000043       0x44 ./Drivers/STM32F4xx_HAL_Driver/Src/stm32f4xx_hal_cortex.o
 .comment       0x00000043       0x44 ./Drivers/STM32F4xx_HAL_Driver/Src/stm32f4xx_hal_gpio.o
 .comment       0x00000043       0x44 ./Drivers/STM32F4xx_HAL_Driver/Src/stm32f4xx_hal_pcd.o
 .comment       0x00000043       0x44 ./Drivers/STM32F4xx_HAL_Driver/Src/stm32f4xx_hal_pcd_ex.o
 .comment       0x00000043       0x44 ./Drivers/STM32F4xx_HAL_Driver/Src/stm32f4xx_hal_rcc.o
 .comment       0x00000043       0x44 ./Drivers/STM32F4xx_HAL_Driver/Src/stm32f4xx_hal_tim.o
 .comment       0x00000043       0x44 ./Drivers/STM32F4xx_HAL_Driver/Src/stm32f4xx_hal_tim_ex.o
 .comment       0x00000043       0x44 ./Drivers/STM32F4xx_HAL_Driver/Src/stm32f4xx_ll_usb.o
 .comment       0x00000043       0x44 ./Middlewares/ST/STM32_USB_Device_Library/Class/HID/Src/usbd_hid.o
 .comment       0x00000043       0x44 ./Middlewares/ST/STM32_USB_Device_Library/Core/Src/usbd_core.o
 .comment       0x00000043       0x44 ./Middlewares/ST/STM32_USB_Device_Library/Core/Src/usbd_ctlreq.o
 .comment       0x00000043       0x44 ./Middlewares/ST/STM32_USB_Device_Library/Core/Src/usbd_ioreq.o
 .comment       0x00000043       0x44 ./USB_DEVICE/App/usb_device.o
 .comment       0x00000043       0x44 ./USB_DEVICE/App/usbd_desc.o
 .comment       0x00000043       0x44 ./USB_DEVICE/Target/usbd_conf.o

.debug_frame    0x00000000     0x49b4
 .debug_frame   0x00000000      0x260 ./Core/Src/main.o
 .debug_frame   0x00000260       0xf4 ./Core/Src/stm32f4xx_hal_msp.o
 .debug_frame   0x00000354      0x120 ./Core/Src/stm32f4xx_it.o
 .debug_frame   0x00000474       0x58 ./Core/Src/system_stm32f4xx.o
 .debug_frame   0x000004cc      0x374 ./Drivers/STM32F4xx_HAL_Driver/Src/stm32f4xx_hal.o
 .debug_frame   0x00000840      0x3fc ./Drivers/STM32F4xx_HAL_Driver/Src/stm32f4xx_hal_adc.o
 .debug_frame   0x00000c3c      0x508 ./Drivers/STM32F4xx_HAL_Driver/Src/stm32f4xx_hal_cortex.o
 .debug_frame   0x00001144      0x14c ./Drivers/STM32F4xx_HAL_Driver/Src/stm32f4xx_hal_gpio.o
 .debug_frame   0x00001290      0x5b8 ./Drivers/STM32F4xx_HAL_Driver/Src/stm32f4xx_hal_pcd.o
 .debug_frame   0x00001848       0xb0 ./Drivers/STM32F4xx_HAL_Driver/Src/stm32f4xx_hal_pcd_ex.o
 .debug_frame   0x000018f8      0x1f4 ./Drivers/STM32F4xx_HAL_Driver/Src/stm32f4xx_hal_rcc.o
 .debug_frame   0x00001aec     0x11c0 ./Drivers/STM32F4xx_HAL_Driver/Src/stm32f4xx_hal_tim.o
 .debug_frame   0x00002cac      0x638 ./Drivers/STM32F4xx_HAL_Driver/Src/stm32f4xx_hal_tim_ex.o
 .debug_frame   0x000032e4      0x7c0 ./Drivers/STM32F4xx_HAL_Driver/Src/stm32f4xx_ll_usb.o
 .debug_frame   0x00003aa4      0x184 ./Middlewares/ST/STM32_USB_Device_Library/Class/HID/Src/usbd_hid.o
 .debug_frame   0x00003c28      0x390 ./Middlewares/ST/STM32_USB_Device_Library/Core/Src/usbd_core.o
 .debug_frame   0x00003fb8      0x23c ./Middlewares/ST/STM32_USB_Device_Library/Core/Src/usbd_ctlreq.o
 .debug_frame   0x000041f4      0x10c ./Middlewares/ST/STM32_USB_Device_Library/Core/Src/usbd_ioreq.o
 .debug_frame   0x00004300       0x2c ./USB_DEVICE/App/usb_device.o
 .debug_frame   0x0000432c      0x160 ./USB_DEVICE/App/usbd_desc.o
 .debug_frame   0x0000448c      0x47c ./USB_DEVICE/Target/usbd_conf.o
 .debug_frame   0x00004908       0x20 C:/ST/STM32CubeIDE_1.18.1/STM32CubeIDE/plugins/com.st.stm32cube.ide.mcu.externaltools.gnu-tools-for-stm32.13.3.rel1.win32_1.0.0.202411081344/tools/bin/../lib/gcc/arm-none-eabi/13.3.1/../../../../arm-none-eabi/lib/thumb/v7e-m+fp/hard\libc_nano.a(libc_a-memset.o)
 .debug_frame   0x00004928       0x2c C:/ST/STM32CubeIDE_1.18.1/STM32CubeIDE/plugins/com.st.stm32cube.ide.mcu.externaltools.gnu-tools-for-stm32.13.3.rel1.win32_1.0.0.202411081344/tools/bin/../lib/gcc/arm-none-eabi/13.3.1/../../../../arm-none-eabi/lib/thumb/v7e-m+fp/hard\libc_nano.a(libc_a-init.o)
 .debug_frame   0x00004954       0x2c C:/ST/STM32CubeIDE_1.18.1/STM32CubeIDE/plugins/com.st.stm32cube.ide.mcu.externaltools.gnu-tools-for-stm32.13.3.rel1.win32_1.0.0.202411081344/tools/bin/../lib/gcc/arm-none-eabi/13.3.1/thumb/v7e-m+fp/hard\libgcc.a(_aeabi_uldivmod.o)
 .debug_frame   0x00004980       0x34 C:/ST/STM32CubeIDE_1.18.1/STM32CubeIDE/plugins/com.st.stm32cube.ide.mcu.externaltools.gnu-tools-for-stm32.13.3.rel1.win32_1.0.0.202411081344/tools/bin/../lib/gcc/arm-none-eabi/13.3.1/thumb/v7e-m+fp/hard\libgcc.a(_udivmoddi4.o)

.debug_line_str
                0x00000000       0x8b
 .debug_line_str
                0x00000000       0x8b ./Core/Startup/startup_stm32f407vgtx.o
