16:19:24 **** Incremental Build of configuration Debug for project quadrature_to_usb_midi ****
make -j28 all 
arm-none-eabi-gcc "../Core/Src/main.c" -mcpu=cortex-m3 -std=gnu11 -g3 -DDEBUG -DUSE_HAL_DRIVER -DSTM32F103xB -c -I../Core/Inc -I"C:/Users/Samuel/Software/arduor_controller_lw/stm_32_quadrature_encoder_to_usb_midi/quadrature_to_usb_midi/Middlewares/ST/STM32_USB_Device_Library/Class/MIDI/Inc" -I../Drivers/STM32F1xx_HAL_Driver/Inc -I../Drivers/STM32F1xx_HAL_Driver/Inc/Legacy -I../Drivers/CMSIS/Device/ST/STM32F1xx/Include -I../Drivers/CMSIS/Include -I../USB_DEVICE/App -I../USB_DEVICE/Target -I../Middlewares/ST/STM32_USB_Device_Library/Core/Inc -I../Middlewares/ST/STM32_USB_Device_Library/Class/HID/Inc -O0 -ffunction-sections -fdata-sections -Wall -fstack-usage -fcyclomatic-complexity -MMD -MP -MF"Core/Src/main.d" -MT"Core/Src/main.o" --specs=nano.specs -mfloat-abi=soft -mthumb -o "Core/Src/main.o"
../Core/Src/main.c: In function 'store_new_value_as_previous':
../Core/Src/main.c:136:6: warning: type of 'encoder_nr' defaults to 'int' [-Wimplicit-int]
  136 | void store_new_value_as_previous(encoder_nr)
      |      ^~~~~~~~~~~~~~~~~~~~~~~~~~~
../Core/Src/main.c: In function 'receive_i2c_data_from_slave':
../Core/Src/main.c:147:17: warning: unused variable 'test_data' [-Wunused-variable]
  147 |         uint8_t test_data = (uint8_t)33;
      |                 ^~~~~~~~~
../Core/Src/main.c: In function 'main':
../Core/Src/main.c:244:28: warning: unsigned conversion from 'int' to 'uint8_t' {aka 'unsigned char'} changes value from '2002' to '210' [-Woverflow]
  244 |           data_buffer[0] = 2002;
      |                            ^~~~
../Core/Src/main.c:251:15: warning: unused variable 'encoder_nr' [-Wunused-variable]
  251 |           int encoder_nr = counter % ENCODER_QUANTITY;
      |               ^~~~~~~~~~
arm-none-eabi-gcc -o "quadrature_to_usb_midi.elf" @"objects.list"   -mcpu=cortex-m3 -T"C:\Users\Samuel\Software\arduor_controller_lw\stm_32_quadrature_encoder_to_usb_midi\quadrature_to_usb_midi\STM32F103C8TX_FLASH.ld" --specs=nosys.specs -Wl,-Map="quadrature_to_usb_midi.map" -Wl,--gc-sections -static --specs=nano.specs -mfloat-abi=soft -mthumb -Wl,--start-group -lc -lm -Wl,--end-group
Finished building target: quadrature_to_usb_midi.elf
 
arm-none-eabi-size  quadrature_to_usb_midi.elf 
arm-none-eabi-objdump -h -S quadrature_to_usb_midi.elf  > "quadrature_to_usb_midi.list"
   text	   data	    bss	    dec	    hex	filename
  39720	    356	   3956	  44032	   ac00	quadrature_to_usb_midi.elf
Finished building: default.size.stdout
 
Finished building: quadrature_to_usb_midi.list
 

16:19:25 Build Finished. 0 errors, 4 warnings. (took 1s.174ms)

